v ATLAS
# This file was created by ATLAS version 5.38.0.R on Mon Jul 27 19:06:23 2026.
#SSF 2.0 generic
##############################################################################
#                    Copyright (c) 1984 - 2024                               #
#                    Silvaco Inc. All rights reserved                        #
#                                                                            #
# This file format and the following Key are copyright Silvaco Inc.          #
# You may not use, this format or key without reproducing this message in    #
# full and obtaining express written permission from Silvaco Inc.            #
#                                                                            #
# To obtain such permission please contact: Silvaco Inc.                     #
#                                           support@silvaco.com              #
#                                                                            #
# KEY=SVC86hn7562asdx                       PROD=345                         #
##############################################################################
y 3 700 711 15
z 2 0.03 300
f 3 "source" "gate" "drain" 
p 9 2 601 20 3 602 21 4 603 22 
d 0.000000000e+00 0.000000000e+00 -2.170743781e-15 0.000000000e+00 0.000000000e+00 0.000000000e+00 1.500000000e+01 1.500000000e+01 3.591450623e-16 
d 0.000000000e+00 0.000000000e+00 -4.453033708e-15 1.000000000e-01 1.000000000e-01 0.000000000e+00 1.500000000e+01 1.500000000e+01 6.155657991e-16 
d 0.000000000e+00 0.000000000e+00 -9.216179893e-15 2.000000000e-01 2.000000000e-01 0.000000000e+00 1.500000000e+01 1.500000000e+01 1.058142834e-14 
d 0.000000000e+00 0.000000000e+00 -1.922898189e-14 3.000000000e-01 3.000000000e-01 0.000000000e+00 1.500000000e+01 1.500000000e+01 1.824511771e-14 
d 0.000000000e+00 0.000000000e+00 -4.039869925e-14 4.000000000e-01 4.000000000e-01 0.000000000e+00 1.500000000e+01 1.500000000e+01 3.759530512e-14 
d 0.000000000e+00 0.000000000e+00 -8.532475768e-14 5.000000000e-01 5.000000000e-01 0.000000000e+00 1.500000000e+01 1.500000000e+01 8.883981700e-14 
d 0.000000000e+00 0.000000000e+00 -1.807434206e-13 6.000000000e-01 6.000000000e-01 0.000000000e+00 1.500000000e+01 1.500000000e+01 1.840641818e-13 
d 0.000000000e+00 0.000000000e+00 -3.825703143e-13 7.000000000e-01 7.000000000e-01 0.000000000e+00 1.500000000e+01 1.500000000e+01 3.810476024e-13 
d 0.000000000e+00 0.000000000e+00 -8.051071602e-13 8.000000000e-01 8.000000000e-01 0.000000000e+00 1.500000000e+01 1.500000000e+01 8.045619919e-13 
d 0.000000000e+00 0.000000000e+00 -1.677579087e-12 9.000000000e-01 9.000000000e-01 0.000000000e+00 1.500000000e+01 1.500000000e+01 1.680537430e-12 
d 0.000000000e+00 0.000000000e+00 -3.465588522e-12 1.000000000e+00 1.000000000e+00 0.000000000e+00 1.500000000e+01 1.500000000e+01 3.462954608e-12 
d 0.000000000e+00 0.000000000e+00 -7.125980329e-12 1.100000000e+00 1.100000000e+00 0.000000000e+00 1.500000000e+01 1.500000000e+01 7.125213187e-12 
d 0.000000000e+00 0.000000000e+00 -1.452225548e-11 1.200000000e+00 1.200000000e+00 0.000000000e+00 1.500000000e+01 1.500000000e+01 1.452132328e-11 
d 0.000000000e+00 0.000000000e+00 -2.891749240e-11 1.300000000e+00 1.300000000e+00 0.000000000e+00 1.500000000e+01 1.500000000e+01 2.891532655e-11 
d 0.000000000e+00 0.000000000e+00 -5.508261249e-11 1.400000000e+00 1.400000000e+00 0.000000000e+00 1.500000000e+01 1.500000000e+01 5.508109811e-11 
d 0.000000000e+00 0.000000000e+00 -9.867981647e-11 1.500000000e+00 1.500000000e+00 0.000000000e+00 1.500000000e+01 1.500000000e+01 9.868060548e-11 
d 0.000000000e+00 0.000000000e+00 -1.676305756e-10 1.600000000e+00 1.600000000e+00 0.000000000e+00 1.500000000e+01 1.500000000e+01 1.676344415e-10 
d 0.000000000e+00 0.000000000e+00 -2.804565195e-10 1.700000000e+00 1.700000000e+00 0.000000000e+00 1.500000000e+01 1.500000000e+01 2.804591935e-10 
d 0.000000000e+00 0.000000000e+00 -4.793241009e-10 1.800000000e+00 1.800000000e+00 0.000000000e+00 1.500000000e+01 1.500000000e+01 4.793283417e-10 
d 0.000000000e+00 0.000000000e+00 -8.464216594e-10 1.900000000e+00 1.900000000e+00 0.000000000e+00 1.500000000e+01 1.500000000e+01 8.464300795e-10 
d 0.000000000e+00 0.000000000e+00 -1.527901634e-09 2.000000000e+00 2.000000000e+00 0.000000000e+00 1.500000000e+01 1.500000000e+01 1.527893416e-09 
d 0.000000000e+00 0.000000000e+00 -2.753187355e-09 2.100000000e+00 2.100000000e+00 0.000000000e+00 1.500000000e+01 1.500000000e+01 2.753185833e-09 
d 0.000000000e+00 0.000000000e+00 -4.819427563e-09 2.200000000e+00 2.200000000e+00 0.000000000e+00 1.500000000e+01 1.500000000e+01 4.819422002e-09 
d 0.000000000e+00 0.000000000e+00 -7.978275494e-09 2.300000000e+00 2.300000000e+00 0.000000000e+00 1.500000000e+01 1.500000000e+01 7.978270103e-09 
d 0.000000000e+00 0.000000000e+00 -1.219118296e-08 2.400000000e+00 2.400000000e+00 0.000000000e+00 1.500000000e+01 1.500000000e+01 1.219118686e-08 
d 0.000000000e+00 0.000000000e+00 -1.705086869e-08 2.500000000e+00 2.500000000e+00 0.000000000e+00 1.500000000e+01 1.500000000e+01 1.705086502e-08 
d 0.000000000e+00 0.000000000e+00 -2.212565262e-08 2.600000000e+00 2.600000000e+00 0.000000000e+00 1.500000000e+01 1.500000000e+01 2.212564399e-08 
d 0.000000000e+00 0.000000000e+00 -2.732367315e-08 2.700000000e+00 2.700000000e+00 0.000000000e+00 1.500000000e+01 1.500000000e+01 2.732367977e-08 
d 0.000000000e+00 0.000000000e+00 -3.299475447e-08 2.800000000e+00 2.800000000e+00 0.000000000e+00 1.500000000e+01 1.500000000e+01 3.299475764e-08 
d 0.000000000e+00 0.000000000e+00 -3.998908331e-08 2.900000000e+00 2.900000000e+00 0.000000000e+00 1.500000000e+01 1.500000000e+01 3.998907697e-08 
d 0.000000000e+00 0.000000000e+00 -4.982196957e-08 3.000000000e+00 3.000000000e+00 0.000000000e+00 1.500000000e+01 1.500000000e+01 4.982196752e-08 
d 0.000000000e+00 0.000000000e+00 -6.486985195e-08 3.100000000e+00 3.100000000e+00 0.000000000e+00 1.500000000e+01 1.500000000e+01 6.486985369e-08 
d 0.000000000e+00 0.000000000e+00 -8.848966670e-08 3.200000000e+00 3.200000000e+00 0.000000000e+00 1.500000000e+01 1.500000000e+01 8.848966910e-08 
d 0.000000000e+00 0.000000000e+00 -1.252529913e-07 3.300000000e+00 3.300000000e+00 0.000000000e+00 1.500000000e+01 1.500000000e+01 1.252529843e-07 
d 0.000000000e+00 0.000000000e+00 -1.819685523e-07 3.400000000e+00 3.400000000e+00 0.000000000e+00 1.500000000e+01 1.500000000e+01 1.819685511e-07 
d 0.000000000e+00 0.000000000e+00 -2.695762249e-07 3.500000000e+00 3.500000000e+00 0.000000000e+00 1.500000000e+01 1.500000000e+01 2.695762196e-07 
d 0.000000000e+00 0.000000000e+00 -4.040291642e-07 3.600000000e+00 3.600000000e+00 0.000000000e+00 1.500000000e+01 1.500000000e+01 4.040291729e-07 
d 0.000000000e+00 0.000000000e+00 -6.033280095e-07 3.700000000e+00 3.700000000e+00 0.000000000e+00 1.500000000e+01 1.500000000e+01 6.033280146e-07 
d 0.000000000e+00 0.000000000e+00 -8.802486170e-07 3.800000000e+00 3.800000000e+00 0.000000000e+00 1.500000000e+01 1.500000000e+01 8.802486072e-07 
d 0.000000000e+00 0.000000000e+00 -1.234828289e-06 3.900000000e+00 3.900000000e+00 0.000000000e+00 1.500000000e+01 1.500000000e+01 1.234828291e-06 
d 0.000000000e+00 0.000000000e+00 -1.651531388e-06 4.000000000e+00 4.000000000e+00 0.000000000e+00 1.500000000e+01 1.500000000e+01 1.651531387e-06 
d 0.000000000e+00 0.000000000e+00 -2.103502998e-06 4.100000000e+00 4.100000000e+00 0.000000000e+00 1.500000000e+01 1.500000000e+01 2.103502992e-06 
d 0.000000000e+00 0.000000000e+00 -2.562486537e-06 4.200000000e+00 4.200000000e+00 0.000000000e+00 1.500000000e+01 1.500000000e+01 2.562486535e-06 
d 0.000000000e+00 0.000000000e+00 -3.007413726e-06 4.300000000e+00 4.300000000e+00 0.000000000e+00 1.500000000e+01 1.500000000e+01 3.007413731e-06 
d 0.000000000e+00 0.000000000e+00 -3.426849068e-06 4.400000000e+00 4.400000000e+00 0.000000000e+00 1.500000000e+01 1.500000000e+01 3.426849066e-06 
d 0.000000000e+00 0.000000000e+00 -3.817271180e-06 4.500000000e+00 4.500000000e+00 0.000000000e+00 1.500000000e+01 1.500000000e+01 3.817271177e-06 
d 0.000000000e+00 0.000000000e+00 -4.180630848e-06 4.600000000e+00 4.600000000e+00 0.000000000e+00 1.500000000e+01 1.500000000e+01 4.180630857e-06 
d 0.000000000e+00 0.000000000e+00 -4.522579976e-06 4.700000000e+00 4.700000000e+00 0.000000000e+00 1.500000000e+01 1.500000000e+01 4.522579973e-06 
d 0.000000000e+00 0.000000000e+00 -4.851184185e-06 4.800000000e+00 4.800000000e+00 0.000000000e+00 1.500000000e+01 1.500000000e+01 4.851184177e-06 
d 0.000000000e+00 0.000000000e+00 -5.175377266e-06 4.900000000e+00 4.900000000e+00 0.000000000e+00 1.500000000e+01 1.500000000e+01 5.175377265e-06 
d 0.000000000e+00 0.000000000e+00 -5.502649715e-06 5.000000000e+00 5.000000000e+00 0.000000000e+00 1.500000000e+01 1.500000000e+01 5.502649719e-06 
d 0.000000000e+00 0.000000000e+00 -5.836541873e-06 5.100000000e+00 5.100000000e+00 0.000000000e+00 1.500000000e+01 1.500000000e+01 5.836541870e-06 
d 0.000000000e+00 0.000000000e+00 -6.175665471e-06 5.200000000e+00 5.200000000e+00 0.000000000e+00 1.500000000e+01 1.500000000e+01 6.175665476e-06 
d 0.000000000e+00 0.000000000e+00 -6.515403309e-06 5.300000000e+00 5.300000000e+00 0.000000000e+00 1.500000000e+01 1.500000000e+01 6.515403306e-06 
d 0.000000000e+00 0.000000000e+00 -6.851284050e-06 5.400000000e+00 5.400000000e+00 0.000000000e+00 1.500000000e+01 1.500000000e+01 6.851284052e-06 
d 0.000000000e+00 0.000000000e+00 -7.182087258e-06 5.500000000e+00 5.500000000e+00 0.000000000e+00 1.500000000e+01 1.500000000e+01 7.182087252e-06 
d 0.000000000e+00 0.000000000e+00 -7.511874115e-06 5.600000000e+00 5.600000000e+00 0.000000000e+00 1.500000000e+01 1.500000000e+01 7.511874113e-06 
d 0.000000000e+00 0.000000000e+00 -7.851455117e-06 5.700000000e+00 5.700000000e+00 0.000000000e+00 1.500000000e+01 1.500000000e+01 7.851455126e-06 
d 0.000000000e+00 0.000000000e+00 -8.220163172e-06 5.800000000e+00 5.800000000e+00 0.000000000e+00 1.500000000e+01 1.500000000e+01 8.220163170e-06 
d 0.000000000e+00 0.000000000e+00 -8.648553775e-06 5.900000000e+00 5.900000000e+00 0.000000000e+00 1.500000000e+01 1.500000000e+01 8.648553769e-06 
d 0.000000000e+00 0.000000000e+00 -9.182234541e-06 6.000000000e+00 6.000000000e+00 0.000000000e+00 1.500000000e+01 1.500000000e+01 9.182234545e-06 
d 0.000000000e+00 0.000000000e+00 -9.886398894e-06 6.100000000e+00 6.100000000e+00 0.000000000e+00 1.500000000e+01 1.500000000e+01 9.886398891e-06 
d 0.000000000e+00 0.000000000e+00 -1.084951912e-05 6.200000000e+00 6.200000000e+00 0.000000000e+00 1.500000000e+01 1.500000000e+01 1.084951911e-05 
d 0.000000000e+00 0.000000000e+00 -1.218295587e-05 6.300000000e+00 6.300000000e+00 0.000000000e+00 1.500000000e+01 1.500000000e+01 1.218295587e-05 
d 0.000000000e+00 0.000000000e+00 -1.401185350e-05 6.400000000e+00 6.400000000e+00 0.000000000e+00 1.500000000e+01 1.500000000e+01 1.401185351e-05 
d 0.000000000e+00 0.000000000e+00 -1.645414121e-05 6.500000000e+00 6.500000000e+00 0.000000000e+00 1.500000000e+01 1.500000000e+01 1.645414122e-05 
d 0.000000000e+00 0.000000000e+00 -1.959121119e-05 6.600000000e+00 6.600000000e+00 0.000000000e+00 1.500000000e+01 1.500000000e+01 1.959121119e-05 
d 0.000000000e+00 0.000000000e+00 -2.344296264e-05 6.700000000e+00 6.700000000e+00 0.000000000e+00 1.500000000e+01 1.500000000e+01 2.344296265e-05 
d 0.000000000e+00 0.000000000e+00 -2.796157882e-05 6.800000000e+00 6.800000000e+00 0.000000000e+00 1.500000000e+01 1.500000000e+01 2.796157881e-05 
d 0.000000000e+00 0.000000000e+00 -3.304757610e-05 6.900000000e+00 6.900000000e+00 0.000000000e+00 1.500000000e+01 1.500000000e+01 3.304757610e-05 
d 0.000000000e+00 0.000000000e+00 -3.857810594e-05 7.000000000e+00 7.000000000e+00 0.000000000e+00 1.500000000e+01 1.500000000e+01 3.857810594e-05 
d 0.000000000e+00 0.000000000e+00 -4.443382963e-05 7.100000000e+00 7.100000000e+00 0.000000000e+00 1.500000000e+01 1.500000000e+01 4.443382964e-05 
d 0.000000000e+00 0.000000000e+00 -5.051674774e-05 7.200000000e+00 7.200000000e+00 0.000000000e+00 1.500000000e+01 1.500000000e+01 5.051674774e-05 
d 0.000000000e+00 0.000000000e+00 -5.675870746e-05 7.300000000e+00 7.300000000e+00 0.000000000e+00 1.500000000e+01 1.500000000e+01 5.675870746e-05 
d 0.000000000e+00 0.000000000e+00 -6.312385795e-05 7.400000000e+00 7.400000000e+00 0.000000000e+00 1.500000000e+01 1.500000000e+01 6.312385795e-05 
d 0.000000000e+00 0.000000000e+00 -6.960844232e-05 7.500000000e+00 7.500000000e+00 0.000000000e+00 1.500000000e+01 1.500000000e+01 6.960844232e-05 
d 0.000000000e+00 0.000000000e+00 -7.623997489e-05 7.600000000e+00 7.600000000e+00 0.000000000e+00 1.500000000e+01 1.500000000e+01 7.623997490e-05 
d 0.000000000e+00 0.000000000e+00 -8.307626578e-05 7.700000000e+00 7.700000000e+00 0.000000000e+00 1.500000000e+01 1.500000000e+01 8.307626579e-05 
d 0.000000000e+00 0.000000000e+00 -9.020342492e-05 7.800000000e+00 7.800000000e+00 0.000000000e+00 1.500000000e+01 1.500000000e+01 9.020342493e-05 
d 0.000000000e+00 0.000000000e+00 -9.773112568e-05 7.900000000e+00 7.900000000e+00 0.000000000e+00 1.500000000e+01 1.500000000e+01 9.773112568e-05 
d 0.000000000e+00 0.000000000e+00 -1.057832013e-04 8.000000000e+00 8.000000000e+00 0.000000000e+00 1.500000000e+01 1.500000000e+01 1.057832013e-04 
d 0.000000000e+00 0.000000000e+00 -1.144826425e-04 8.100000000e+00 8.100000000e+00 0.000000000e+00 1.500000000e+01 1.500000000e+01 1.144826425e-04 
d 0.000000000e+00 0.000000000e+00 -1.239325167e-04 8.200000000e+00 8.200000000e+00 0.000000000e+00 1.500000000e+01 1.500000000e+01 1.239325167e-04 
d 0.000000000e+00 0.000000000e+00 -1.341971670e-04 8.300000000e+00 8.300000000e+00 0.000000000e+00 1.500000000e+01 1.500000000e+01 1.341971670e-04 
d 0.000000000e+00 0.000000000e+00 -1.452897614e-04 8.400000000e+00 8.400000000e+00 0.000000000e+00 1.500000000e+01 1.500000000e+01 1.452897614e-04 
d 0.000000000e+00 0.000000000e+00 -1.571710511e-04 8.500000000e+00 8.500000000e+00 0.000000000e+00 1.500000000e+01 1.500000000e+01 1.571710511e-04 
d 0.000000000e+00 0.000000000e+00 -1.697586297e-04 8.600000000e+00 8.600000000e+00 0.000000000e+00 1.500000000e+01 1.500000000e+01 1.697586297e-04 
d 0.000000000e+00 0.000000000e+00 -1.829415359e-04 8.700000000e+00 8.700000000e+00 0.000000000e+00 1.500000000e+01 1.500000000e+01 1.829415359e-04 
d 0.000000000e+00 0.000000000e+00 -1.965957552e-04 8.800000000e+00 8.800000000e+00 0.000000000e+00 1.500000000e+01 1.500000000e+01 1.965957552e-04 
d 0.000000000e+00 0.000000000e+00 -2.105962504e-04 8.900000000e+00 8.900000000e+00 0.000000000e+00 1.500000000e+01 1.500000000e+01 2.105962504e-04 
d 0.000000000e+00 0.000000000e+00 -2.248245325e-04 9.000000000e+00 9.000000000e+00 0.000000000e+00 1.500000000e+01 1.500000000e+01 2.248245325e-04 
d 0.000000000e+00 0.000000000e+00 -2.391715487e-04 9.100000000e+00 9.100000000e+00 0.000000000e+00 1.500000000e+01 1.500000000e+01 2.391715487e-04 
d 0.000000000e+00 0.000000000e+00 -2.535370129e-04 9.200000000e+00 9.200000000e+00 0.000000000e+00 1.500000000e+01 1.500000000e+01 2.535370129e-04 
d 0.000000000e+00 0.000000000e+00 -2.678255141e-04 9.300000000e+00 9.300000000e+00 0.000000000e+00 1.500000000e+01 1.500000000e+01 2.678255141e-04 
d 0.000000000e+00 0.000000000e+00 -2.819378587e-04 9.400000000e+00 9.400000000e+00 0.000000000e+00 1.500000000e+01 1.500000000e+01 2.819378587e-04 
d 0.000000000e+00 0.000000000e+00 -2.957549498e-04 9.500000000e+00 9.500000000e+00 0.000000000e+00 1.500000000e+01 1.500000000e+01 2.957549498e-04 
d 0.000000000e+00 0.000000000e+00 -3.091076488e-04 9.600000000e+00 9.600000000e+00 0.000000000e+00 1.500000000e+01 1.500000000e+01 3.091076488e-04 
d 0.000000000e+00 0.000000000e+00 -3.217481188e-04 9.700000000e+00 9.700000000e+00 0.000000000e+00 1.500000000e+01 1.500000000e+01 3.217481188e-04 
d 0.000000000e+00 0.000000000e+00 -3.335435656e-04 9.800000000e+00 9.800000000e+00 0.000000000e+00 1.500000000e+01 1.500000000e+01 3.335435656e-04 
d 0.000000000e+00 0.000000000e+00 -3.445570204e-04 9.900000000e+00 9.900000000e+00 0.000000000e+00 1.500000000e+01 1.500000000e+01 3.445570204e-04 
d 0.000000000e+00 0.000000000e+00 -3.548788018e-04 1.000000000e+01 1.000000000e+01 0.000000000e+00 1.500000000e+01 1.500000000e+01 3.548788018e-04 
d 0.000000000e+00 0.000000000e+00 -3.645897077e-04 1.010000000e+01 1.010000000e+01 0.000000000e+00 1.500000000e+01 1.500000000e+01 3.645897077e-04 
d 0.000000000e+00 0.000000000e+00 -3.737586938e-04 1.020000000e+01 1.020000000e+01 0.000000000e+00 1.500000000e+01 1.500000000e+01 3.737586938e-04 
d 0.000000000e+00 0.000000000e+00 -3.824441773e-04 1.030000000e+01 1.030000000e+01 0.000000000e+00 1.500000000e+01 1.500000000e+01 3.824441773e-04 
d 0.000000000e+00 0.000000000e+00 -3.906957646e-04 1.040000000e+01 1.040000000e+01 0.000000000e+00 1.500000000e+01 1.500000000e+01 3.906957646e-04 
d 0.000000000e+00 0.000000000e+00 -3.985557900e-04 1.050000000e+01 1.050000000e+01 0.000000000e+00 1.500000000e+01 1.500000000e+01 3.985557900e-04 
d 0.000000000e+00 0.000000000e+00 -4.060606537e-04 1.060000000e+01 1.060000000e+01 0.000000000e+00 1.500000000e+01 1.500000000e+01 4.060606537e-04 
d 0.000000000e+00 0.000000000e+00 -4.132419100e-04 1.070000000e+01 1.070000000e+01 0.000000000e+00 1.500000000e+01 1.500000000e+01 4.132419100e-04 
d 0.000000000e+00 0.000000000e+00 -4.201267753e-04 1.080000000e+01 1.080000000e+01 0.000000000e+00 1.500000000e+01 1.500000000e+01 4.201267753e-04 
d 0.000000000e+00 0.000000000e+00 -4.267395390e-04 1.090000000e+01 1.090000000e+01 0.000000000e+00 1.500000000e+01 1.500000000e+01 4.267395390e-04 
d 0.000000000e+00 0.000000000e+00 -4.331009110e-04 1.100000000e+01 1.100000000e+01 0.000000000e+00 1.500000000e+01 1.500000000e+01 4.331009111e-04 
d 0.000000000e+00 0.000000000e+00 -4.392301440e-04 1.110000000e+01 1.110000000e+01 0.000000000e+00 1.500000000e+01 1.500000000e+01 4.392301440e-04 
d 0.000000000e+00 0.000000000e+00 -4.451431056e-04 1.120000000e+01 1.120000000e+01 0.000000000e+00 1.500000000e+01 1.500000000e+01 4.451431056e-04 
d 0.000000000e+00 0.000000000e+00 -4.508554002e-04 1.130000000e+01 1.130000000e+01 0.000000000e+00 1.500000000e+01 1.500000000e+01 4.508554002e-04 
d 0.000000000e+00 0.000000000e+00 -4.563797261e-04 1.140000000e+01 1.140000000e+01 0.000000000e+00 1.500000000e+01 1.500000000e+01 4.563797261e-04 
d 0.000000000e+00 0.000000000e+00 -4.617278137e-04 1.150000000e+01 1.150000000e+01 0.000000000e+00 1.500000000e+01 1.500000000e+01 4.617278137e-04 
d 0.000000000e+00 0.000000000e+00 -4.669113903e-04 1.160000000e+01 1.160000000e+01 0.000000000e+00 1.500000000e+01 1.500000000e+01 4.669113903e-04 
d 0.000000000e+00 0.000000000e+00 -4.719390272e-04 1.170000000e+01 1.170000000e+01 0.000000000e+00 1.500000000e+01 1.500000000e+01 4.719390272e-04 
d 0.000000000e+00 0.000000000e+00 -4.768196297e-04 1.180000000e+01 1.180000000e+01 0.000000000e+00 1.500000000e+01 1.500000000e+01 4.768196297e-04 
d 0.000000000e+00 0.000000000e+00 -4.815624579e-04 1.190000000e+01 1.190000000e+01 0.000000000e+00 1.500000000e+01 1.500000000e+01 4.815624579e-04 
d 0.000000000e+00 0.000000000e+00 -4.861740710e-04 1.200000000e+01 1.200000000e+01 0.000000000e+00 1.500000000e+01 1.500000000e+01 4.861740710e-04 
d 0.000000000e+00 0.000000000e+00 -4.906605028e-04 1.210000000e+01 1.210000000e+01 0.000000000e+00 1.500000000e+01 1.500000000e+01 4.906605028e-04 
d 0.000000000e+00 0.000000000e+00 -4.950291427e-04 1.220000000e+01 1.220000000e+01 0.000000000e+00 1.500000000e+01 1.500000000e+01 4.950291427e-04 
d 0.000000000e+00 0.000000000e+00 -4.992864505e-04 1.230000000e+01 1.230000000e+01 0.000000000e+00 1.500000000e+01 1.500000000e+01 4.992864505e-04 
d 0.000000000e+00 0.000000000e+00 -5.034368237e-04 1.240000000e+01 1.240000000e+01 0.000000000e+00 1.500000000e+01 1.500000000e+01 5.034368237e-04 
d 0.000000000e+00 0.000000000e+00 -5.074846068e-04 1.250000000e+01 1.250000000e+01 0.000000000e+00 1.500000000e+01 1.500000000e+01 5.074846068e-04 
d 0.000000000e+00 0.000000000e+00 -5.114351952e-04 1.260000000e+01 1.260000000e+01 0.000000000e+00 1.500000000e+01 1.500000000e+01 5.114351952e-04 
d 0.000000000e+00 0.000000000e+00 -5.152937806e-04 1.270000000e+01 1.270000000e+01 0.000000000e+00 1.500000000e+01 1.500000000e+01 5.152937806e-04 
d 0.000000000e+00 0.000000000e+00 -5.190640893e-04 1.280000000e+01 1.280000000e+01 0.000000000e+00 1.500000000e+01 1.500000000e+01 5.190640893e-04 
d 0.000000000e+00 0.000000000e+00 -5.227489369e-04 1.290000000e+01 1.290000000e+01 0.000000000e+00 1.500000000e+01 1.500000000e+01 5.227489369e-04 
d 0.000000000e+00 0.000000000e+00 -5.263514820e-04 1.300000000e+01 1.300000000e+01 0.000000000e+00 1.500000000e+01 1.500000000e+01 5.263514820e-04 
d 0.000000000e+00 0.000000000e+00 -5.298755055e-04 1.310000000e+01 1.310000000e+01 0.000000000e+00 1.500000000e+01 1.500000000e+01 5.298755054e-04 
d 0.000000000e+00 0.000000000e+00 -5.333247834e-04 1.320000000e+01 1.320000000e+01 0.000000000e+00 1.500000000e+01 1.500000000e+01 5.333247834e-04 
d 0.000000000e+00 0.000000000e+00 -5.367023385e-04 1.330000000e+01 1.330000000e+01 0.000000000e+00 1.500000000e+01 1.500000000e+01 5.367023385e-04 
d 0.000000000e+00 0.000000000e+00 -5.400104029e-04 1.340000000e+01 1.340000000e+01 0.000000000e+00 1.500000000e+01 1.500000000e+01 5.400104029e-04 
d 0.000000000e+00 0.000000000e+00 -5.432510198e-04 1.350000000e+01 1.350000000e+01 0.000000000e+00 1.500000000e+01 1.500000000e+01 5.432510198e-04 
d 0.000000000e+00 0.000000000e+00 -5.464264596e-04 1.360000000e+01 1.360000000e+01 0.000000000e+00 1.500000000e+01 1.500000000e+01 5.464264596e-04 
d 0.000000000e+00 0.000000000e+00 -5.495392739e-04 1.370000000e+01 1.370000000e+01 0.000000000e+00 1.500000000e+01 1.500000000e+01 5.495392739e-04 
d 0.000000000e+00 0.000000000e+00 -5.525921483e-04 1.380000000e+01 1.380000000e+01 0.000000000e+00 1.500000000e+01 1.500000000e+01 5.525921483e-04 
d 0.000000000e+00 0.000000000e+00 -5.555875659e-04 1.390000000e+01 1.390000000e+01 0.000000000e+00 1.500000000e+01 1.500000000e+01 5.555875659e-04 
d 0.000000000e+00 0.000000000e+00 -5.585275752e-04 1.400000000e+01 1.400000000e+01 0.000000000e+00 1.500000000e+01 1.500000000e+01 5.585275752e-04 
d 0.000000000e+00 0.000000000e+00 -5.614139252e-04 1.410000000e+01 1.410000000e+01 0.000000000e+00 1.500000000e+01 1.500000000e+01 5.614139251e-04 
d 0.000000000e+00 0.000000000e+00 -5.642482978e-04 1.420000000e+01 1.420000000e+01 0.000000000e+00 1.500000000e+01 1.500000000e+01 5.642482978e-04 
d 0.000000000e+00 0.000000000e+00 -5.670323675e-04 1.430000000e+01 1.430000000e+01 0.000000000e+00 1.500000000e+01 1.500000000e+01 5.670323675e-04 
d 0.000000000e+00 0.000000000e+00 -5.697678272e-04 1.440000000e+01 1.440000000e+01 0.000000000e+00 1.500000000e+01 1.500000000e+01 5.697678272e-04 
d 0.000000000e+00 0.000000000e+00 -5.724564859e-04 1.450000000e+01 1.450000000e+01 0.000000000e+00 1.500000000e+01 1.500000000e+01 5.724564859e-04 
d 0.000000000e+00 0.000000000e+00 -5.751002392e-04 1.460000000e+01 1.460000000e+01 0.000000000e+00 1.500000000e+01 1.500000000e+01 5.751002392e-04 
d 0.000000000e+00 0.000000000e+00 -5.777008254e-04 1.470000000e+01 1.470000000e+01 0.000000000e+00 1.500000000e+01 1.500000000e+01 5.777008254e-04 
d 0.000000000e+00 0.000000000e+00 -5.802596023e-04 1.480000000e+01 1.480000000e+01 0.000000000e+00 1.500000000e+01 1.500000000e+01 5.802596023e-04 
d 0.000000000e+00 0.000000000e+00 -5.827775721e-04 1.490000000e+01 1.490000000e+01 0.000000000e+00 1.500000000e+01 1.500000000e+01 5.827775721e-04 
d 0.000000000e+00 0.000000000e+00 -5.852555787e-04 1.500000000e+01 1.500000000e+01 0.000000000e+00 1.500000000e+01 1.500000000e+01 5.852555787e-04 
d 0.000000000e+00 0.000000000e+00 -5.876944328e-04 1.510000000e+01 1.510000000e+01 0.000000000e+00 1.500000000e+01 1.500000000e+01 5.876944328e-04 
d 0.000000000e+00 0.000000000e+00 -5.900948822e-04 1.520000000e+01 1.520000000e+01 0.000000000e+00 1.500000000e+01 1.500000000e+01 5.900948822e-04 
d 0.000000000e+00 0.000000000e+00 -5.924575761e-04 1.530000000e+01 1.530000000e+01 0.000000000e+00 1.500000000e+01 1.500000000e+01 5.924575761e-04 
d 0.000000000e+00 0.000000000e+00 -5.947831639e-04 1.540000000e+01 1.540000000e+01 0.000000000e+00 1.500000000e+01 1.500000000e+01 5.947831639e-04 
d 0.000000000e+00 0.000000000e+00 -5.970724600e-04 1.550000000e+01 1.550000000e+01 0.000000000e+00 1.500000000e+01 1.500000000e+01 5.970724601e-04 
d 0.000000000e+00 0.000000000e+00 -5.993265059e-04 1.560000000e+01 1.560000000e+01 0.000000000e+00 1.500000000e+01 1.500000000e+01 5.993265059e-04 
d 0.000000000e+00 0.000000000e+00 -6.015464716e-04 1.570000000e+01 1.570000000e+01 0.000000000e+00 1.500000000e+01 1.500000000e+01 6.015464716e-04 
d 0.000000000e+00 0.000000000e+00 -6.037335130e-04 1.580000000e+01 1.580000000e+01 0.000000000e+00 1.500000000e+01 1.500000000e+01 6.037335129e-04 
d 0.000000000e+00 0.000000000e+00 -6.058887058e-04 1.590000000e+01 1.590000000e+01 0.000000000e+00 1.500000000e+01 1.500000000e+01 6.058887058e-04 
d 0.000000000e+00 0.000000000e+00 -6.080130613e-04 1.600000000e+01 1.600000000e+01 0.000000000e+00 1.500000000e+01 1.500000000e+01 6.080130613e-04 
d 0.000000000e+00 0.000000000e+00 -6.101075380e-04 1.610000000e+01 1.610000000e+01 0.000000000e+00 1.500000000e+01 1.500000000e+01 6.101075380e-04 
d 0.000000000e+00 0.000000000e+00 -6.121729894e-04 1.620000000e+01 1.620000000e+01 0.000000000e+00 1.500000000e+01 1.500000000e+01 6.121729894e-04 
d 0.000000000e+00 0.000000000e+00 -6.142100712e-04 1.630000000e+01 1.630000000e+01 0.000000000e+00 1.500000000e+01 1.500000000e+01 6.142100712e-04 
d 0.000000000e+00 0.000000000e+00 -6.162191899e-04 1.640000000e+01 1.640000000e+01 0.000000000e+00 1.500000000e+01 1.500000000e+01 6.162191899e-04 
d 0.000000000e+00 0.000000000e+00 -6.182005546e-04 1.650000000e+01 1.650000000e+01 0.000000000e+00 1.500000000e+01 1.500000000e+01 6.182005546e-04 
d 0.000000000e+00 0.000000000e+00 -6.201543265e-04 1.660000000e+01 1.660000000e+01 0.000000000e+00 1.500000000e+01 1.500000000e+01 6.201543265e-04 
d 0.000000000e+00 0.000000000e+00 -6.220807878e-04 1.670000000e+01 1.670000000e+01 0.000000000e+00 1.500000000e+01 1.500000000e+01 6.220807878e-04 
d 0.000000000e+00 0.000000000e+00 -6.239804425e-04 1.680000000e+01 1.680000000e+01 0.000000000e+00 1.500000000e+01 1.500000000e+01 6.239804425e-04 
d 0.000000000e+00 0.000000000e+00 -6.258540162e-04 1.690000000e+01 1.690000000e+01 0.000000000e+00 1.500000000e+01 1.500000000e+01 6.258540162e-04 
d 0.000000000e+00 0.000000000e+00 -6.277023913e-04 1.700000000e+01 1.700000000e+01 0.000000000e+00 1.500000000e+01 1.500000000e+01 6.277023913e-04 
d 0.000000000e+00 0.000000000e+00 -6.295265355e-04 1.710000000e+01 1.710000000e+01 0.000000000e+00 1.500000000e+01 1.500000000e+01 6.295265355e-04 
d 0.000000000e+00 0.000000000e+00 -6.313274514e-04 1.720000000e+01 1.720000000e+01 0.000000000e+00 1.500000000e+01 1.500000000e+01 6.313274514e-04 
d 0.000000000e+00 0.000000000e+00 -6.331061392e-04 1.730000000e+01 1.730000000e+01 0.000000000e+00 1.500000000e+01 1.500000000e+01 6.331061392e-04 
d 0.000000000e+00 0.000000000e+00 -6.348635506e-04 1.740000000e+01 1.740000000e+01 0.000000000e+00 1.500000000e+01 1.500000000e+01 6.348635506e-04 
d 0.000000000e+00 0.000000000e+00 -6.366005278e-04 1.750000000e+01 1.750000000e+01 0.000000000e+00 1.500000000e+01 1.500000000e+01 6.366005278e-04 
d 0.000000000e+00 0.000000000e+00 -6.383177373e-04 1.760000000e+01 1.760000000e+01 0.000000000e+00 1.500000000e+01 1.500000000e+01 6.383177373e-04 
d 0.000000000e+00 0.000000000e+00 -6.400156217e-04 1.770000000e+01 1.770000000e+01 0.000000000e+00 1.500000000e+01 1.500000000e+01 6.400156217e-04 
d 0.000000000e+00 0.000000000e+00 -6.416943909e-04 1.780000000e+01 1.780000000e+01 0.000000000e+00 1.500000000e+01 1.500000000e+01 6.416943909e-04 
d 0.000000000e+00 0.000000000e+00 -6.433540667e-04 1.790000000e+01 1.790000000e+01 0.000000000e+00 1.500000000e+01 1.500000000e+01 6.433540667e-04 
d 0.000000000e+00 0.000000000e+00 -6.449945725e-04 1.800000000e+01 1.800000000e+01 0.000000000e+00 1.500000000e+01 1.500000000e+01 6.449945725e-04 
d 0.000000000e+00 0.000000000e+00 -6.466158442e-04 1.810000000e+01 1.810000000e+01 0.000000000e+00 1.500000000e+01 1.500000000e+01 6.466158442e-04 
d 0.000000000e+00 0.000000000e+00 -6.482179237e-04 1.820000000e+01 1.820000000e+01 0.000000000e+00 1.500000000e+01 1.500000000e+01 6.482179238e-04 
d 0.000000000e+00 0.000000000e+00 -6.498010076e-04 1.830000000e+01 1.830000000e+01 0.000000000e+00 1.500000000e+01 1.500000000e+01 6.498010076e-04 
d 0.000000000e+00 0.000000000e+00 -6.513654467e-04 1.840000000e+01 1.840000000e+01 0.000000000e+00 1.500000000e+01 1.500000000e+01 6.513654467e-04 
d 0.000000000e+00 0.000000000e+00 -6.529117172e-04 1.850000000e+01 1.850000000e+01 0.000000000e+00 1.500000000e+01 1.500000000e+01 6.529117172e-04 
d 0.000000000e+00 0.000000000e+00 -6.544403858e-04 1.860000000e+01 1.860000000e+01 0.000000000e+00 1.500000000e+01 1.500000000e+01 6.544403858e-04 
d 0.000000000e+00 0.000000000e+00 -6.559520803e-04 1.870000000e+01 1.870000000e+01 0.000000000e+00 1.500000000e+01 1.500000000e+01 6.559520803e-04 
d 0.000000000e+00 0.000000000e+00 -6.574474658e-04 1.880000000e+01 1.880000000e+01 0.000000000e+00 1.500000000e+01 1.500000000e+01 6.574474658e-04 
d 0.000000000e+00 0.000000000e+00 -6.589272195e-04 1.890000000e+01 1.890000000e+01 0.000000000e+00 1.500000000e+01 1.500000000e+01 6.589272195e-04 
d 0.000000000e+00 0.000000000e+00 -6.603920000e-04 1.900000000e+01 1.900000000e+01 0.000000000e+00 1.500000000e+01 1.500000000e+01 6.603920000e-04 
d 0.000000000e+00 0.000000000e+00 -6.618424111e-04 1.910000000e+01 1.910000000e+01 0.000000000e+00 1.500000000e+01 1.500000000e+01 6.618424111e-04 
d 0.000000000e+00 0.000000000e+00 -6.632789656e-04 1.920000000e+01 1.920000000e+01 0.000000000e+00 1.500000000e+01 1.500000000e+01 6.632789656e-04 
d 0.000000000e+00 0.000000000e+00 -6.647020538e-04 1.930000000e+01 1.930000000e+01 0.000000000e+00 1.500000000e+01 1.500000000e+01 6.647020538e-04 
d 0.000000000e+00 0.000000000e+00 -6.661119224e-04 1.940000000e+01 1.940000000e+01 0.000000000e+00 1.500000000e+01 1.500000000e+01 6.661119224e-04 
d 0.000000000e+00 0.000000000e+00 -6.675086703e-04 1.950000000e+01 1.950000000e+01 0.000000000e+00 1.500000000e+01 1.500000000e+01 6.675086703e-04 
d 0.000000000e+00 0.000000000e+00 -6.688922624e-04 1.960000000e+01 1.960000000e+01 0.000000000e+00 1.500000000e+01 1.500000000e+01 6.688922624e-04 
d 0.000000000e+00 0.000000000e+00 -6.702625659e-04 1.970000000e+01 1.970000000e+01 0.000000000e+00 1.500000000e+01 1.500000000e+01 6.702625659e-04 
d 0.000000000e+00 0.000000000e+00 -6.716194029e-04 1.980000000e+01 1.980000000e+01 0.000000000e+00 1.500000000e+01 1.500000000e+01 6.716194029e-04 
d 0.000000000e+00 0.000000000e+00 -6.729626099e-04 1.990000000e+01 1.990000000e+01 0.000000000e+00 1.500000000e+01 1.500000000e+01 6.729626099e-04 
d 0.000000000e+00 0.000000000e+00 -6.742920912e-04 2.000000000e+01 2.000000000e+01 0.000000000e+00 1.500000000e+01 1.500000000e+01 6.742920912e-04 
