v ATLAS
# This file was created by ATLAS version 5.38.0.R on Mon Jul 27 18:56:39 2026.
#SSF 2.0 generic
##############################################################################
#                    Copyright (c) 1984 - 2024                               #
#                    Silvaco Inc. All rights reserved                        #
#                                                                            #
# This file format and the following Key are copyright Silvaco Inc.          #
# You may not use, this format or key without reproducing this message in    #
# full and obtaining express written permission from Silvaco Inc.            #
#                                                                            #
# To obtain such permission please contact: Silvaco Inc.                     #
#                                           support@silvaco.com              #
#                                                                            #
# KEY=SVC86hn7562asdx                       PROD=345                         #
##############################################################################
y 3 700 711 15
z 2 0.03 300
f 3 "source" "gate" "drain" 
p 9 2 601 20 3 602 21 4 603 22 
d 0.000000000e+00 0.000000000e+00 -2.142003235e-15 0.000000000e+00 0.000000000e+00 0.000000000e+00 1.500000000e+01 1.500000000e+01 4.622716546e-16 
d 0.000000000e+00 0.000000000e+00 -4.392084127e-15 1.000000000e-01 1.000000000e-01 0.000000000e+00 1.500000000e+01 1.500000000e+01 6.256590400e-16 
d 0.000000000e+00 0.000000000e+00 -9.086214405e-15 2.000000000e-01 2.000000000e-01 0.000000000e+00 1.500000000e+01 1.500000000e+01 1.005629335e-14 
d 0.000000000e+00 0.000000000e+00 -1.895032999e-14 3.000000000e-01 3.000000000e-01 0.000000000e+00 1.500000000e+01 1.500000000e+01 1.840087421e-14 
d 0.000000000e+00 0.000000000e+00 -3.979929591e-14 4.000000000e-01 4.000000000e-01 0.000000000e+00 1.500000000e+01 1.500000000e+01 3.746628107e-14 
d 0.000000000e+00 0.000000000e+00 -8.403386701e-14 5.000000000e-01 5.000000000e-01 0.000000000e+00 1.500000000e+01 1.500000000e+01 8.130706550e-14 
d 0.000000000e+00 0.000000000e+00 -1.779702632e-13 6.000000000e-01 6.000000000e-01 0.000000000e+00 1.500000000e+01 1.500000000e+01 1.806858595e-13 
d 0.000000000e+00 0.000000000e+00 -3.766590696e-13 7.000000000e-01 7.000000000e-01 0.000000000e+00 1.500000000e+01 1.500000000e+01 3.739062017e-13 
d 0.000000000e+00 0.000000000e+00 -7.926661605e-13 8.000000000e-01 8.000000000e-01 0.000000000e+00 1.500000000e+01 1.500000000e+01 7.904581931e-13 
d 0.000000000e+00 0.000000000e+00 -1.651733537e-12 9.000000000e-01 9.000000000e-01 0.000000000e+00 1.500000000e+01 1.500000000e+01 1.649902902e-12 
d 0.000000000e+00 0.000000000e+00 -3.412157371e-12 1.000000000e+00 1.000000000e+00 0.000000000e+00 1.500000000e+01 1.500000000e+01 3.412908163e-12 
d 0.000000000e+00 0.000000000e+00 -7.016267883e-12 1.100000000e+00 1.100000000e+00 0.000000000e+00 1.500000000e+01 1.500000000e+01 7.012829892e-12 
d 0.000000000e+00 0.000000000e+00 -1.430242042e-11 1.200000000e+00 1.200000000e+00 0.000000000e+00 1.500000000e+01 1.500000000e+01 1.430533710e-11 
d 0.000000000e+00 0.000000000e+00 -2.849814554e-11 1.300000000e+00 1.300000000e+00 0.000000000e+00 1.500000000e+01 1.500000000e+01 2.850136291e-11 
d 0.000000000e+00 0.000000000e+00 -5.434131502e-11 1.400000000e+00 1.400000000e+00 0.000000000e+00 1.500000000e+01 1.500000000e+01 5.434182451e-11 
d 0.000000000e+00 0.000000000e+00 -9.746248882e-11 1.500000000e+00 1.500000000e+00 0.000000000e+00 1.500000000e+01 1.500000000e+01 9.746333746e-11 
d 0.000000000e+00 0.000000000e+00 -1.656487211e-10 1.600000000e+00 1.600000000e+00 0.000000000e+00 1.500000000e+01 1.500000000e+01 1.656503296e-10 
d 0.000000000e+00 0.000000000e+00 -2.770294125e-10 1.700000000e+00 1.700000000e+00 0.000000000e+00 1.500000000e+01 1.500000000e+01 2.770355391e-10 
d 0.000000000e+00 0.000000000e+00 -4.730618330e-10 1.800000000e+00 1.800000000e+00 0.000000000e+00 1.500000000e+01 1.500000000e+01 4.730656717e-10 
d 0.000000000e+00 0.000000000e+00 -8.347488366e-10 1.900000000e+00 1.900000000e+00 0.000000000e+00 1.500000000e+01 1.500000000e+01 8.347573335e-10 
d 0.000000000e+00 0.000000000e+00 -1.506453829e-09 2.000000000e+00 2.000000000e+00 0.000000000e+00 1.500000000e+01 1.500000000e+01 1.506443919e-09 
d 0.000000000e+00 0.000000000e+00 -2.715659071e-09 2.100000000e+00 2.100000000e+00 0.000000000e+00 1.500000000e+01 1.500000000e+01 2.715656821e-09 
d 0.000000000e+00 0.000000000e+00 -4.758662979e-09 2.200000000e+00 2.200000000e+00 0.000000000e+00 1.500000000e+01 1.500000000e+01 4.758655594e-09 
d 0.000000000e+00 0.000000000e+00 -7.890396243e-09 2.300000000e+00 2.300000000e+00 0.000000000e+00 1.500000000e+01 1.500000000e+01 7.890391108e-09 
d 0.000000000e+00 0.000000000e+00 -1.208093659e-08 2.400000000e+00 2.400000000e+00 0.000000000e+00 1.500000000e+01 1.500000000e+01 1.208093735e-08 
d 0.000000000e+00 0.000000000e+00 -1.692839493e-08 2.500000000e+00 2.500000000e+00 0.000000000e+00 1.500000000e+01 1.500000000e+01 1.692838951e-08 
d 0.000000000e+00 0.000000000e+00 -2.199630407e-08 2.600000000e+00 2.600000000e+00 0.000000000e+00 1.500000000e+01 1.500000000e+01 2.199631249e-08 
d 0.000000000e+00 0.000000000e+00 -2.718266468e-08 2.700000000e+00 2.700000000e+00 0.000000000e+00 1.500000000e+01 1.500000000e+01 2.718266928e-08 
d 0.000000000e+00 0.000000000e+00 -3.282546356e-08 2.800000000e+00 2.800000000e+00 0.000000000e+00 1.500000000e+01 1.500000000e+01 3.282546705e-08 
d 0.000000000e+00 0.000000000e+00 -3.975877248e-08 2.900000000e+00 2.900000000e+00 0.000000000e+00 1.500000000e+01 1.500000000e+01 3.975876279e-08 
d 0.000000000e+00 0.000000000e+00 -4.947528581e-08 3.000000000e+00 3.000000000e+00 0.000000000e+00 1.500000000e+01 1.500000000e+01 4.947528267e-08 
d 0.000000000e+00 0.000000000e+00 -6.432465091e-08 3.100000000e+00 3.100000000e+00 0.000000000e+00 1.500000000e+01 1.500000000e+01 6.432464771e-08 
d 0.000000000e+00 0.000000000e+00 -8.763699412e-08 3.200000000e+00 3.200000000e+00 0.000000000e+00 1.500000000e+01 1.500000000e+01 8.763699026e-08 
d 0.000000000e+00 0.000000000e+00 -1.239471076e-07 3.300000000e+00 3.300000000e+00 0.000000000e+00 1.500000000e+01 1.500000000e+01 1.239471114e-07 
d 0.000000000e+00 0.000000000e+00 -1.799840590e-07 3.400000000e+00 3.400000000e+00 0.000000000e+00 1.500000000e+01 1.500000000e+01 1.799840635e-07 
d 0.000000000e+00 0.000000000e+00 -2.665538282e-07 3.500000000e+00 3.500000000e+00 0.000000000e+00 1.500000000e+01 1.500000000e+01 2.665538227e-07 
d 0.000000000e+00 0.000000000e+00 -3.994919604e-07 3.600000000e+00 3.600000000e+00 0.000000000e+00 1.500000000e+01 1.500000000e+01 3.994919590e-07 
d 0.000000000e+00 0.000000000e+00 -5.968343903e-07 3.700000000e+00 3.700000000e+00 0.000000000e+00 1.500000000e+01 1.500000000e+01 5.968343913e-07 
d 0.000000000e+00 0.000000000e+00 -8.716215603e-07 3.800000000e+00 3.800000000e+00 0.000000000e+00 1.500000000e+01 1.500000000e+01 8.716215518e-07 
d 0.000000000e+00 0.000000000e+00 -1.224296281e-06 3.900000000e+00 3.900000000e+00 0.000000000e+00 1.500000000e+01 1.500000000e+01 1.224296273e-06 
d 0.000000000e+00 0.000000000e+00 -1.639691388e-06 4.000000000e+00 4.000000000e+00 0.000000000e+00 1.500000000e+01 1.500000000e+01 1.639691386e-06 
d 0.000000000e+00 0.000000000e+00 -2.091110595e-06 4.100000000e+00 4.100000000e+00 0.000000000e+00 1.500000000e+01 1.500000000e+01 2.091110605e-06 
d 0.000000000e+00 0.000000000e+00 -2.550191864e-06 4.200000000e+00 4.200000000e+00 0.000000000e+00 1.500000000e+01 1.500000000e+01 2.550191859e-06 
d 0.000000000e+00 0.000000000e+00 -2.995621272e-06 4.300000000e+00 4.300000000e+00 0.000000000e+00 1.500000000e+01 1.500000000e+01 2.995621276e-06 
d 0.000000000e+00 0.000000000e+00 -3.415722577e-06 4.400000000e+00 4.400000000e+00 0.000000000e+00 1.500000000e+01 1.500000000e+01 3.415722580e-06 
d 0.000000000e+00 0.000000000e+00 -3.806791479e-06 4.500000000e+00 4.500000000e+00 0.000000000e+00 1.500000000e+01 1.500000000e+01 3.806791484e-06 
d 0.000000000e+00 0.000000000e+00 -4.170644734e-06 4.600000000e+00 4.600000000e+00 0.000000000e+00 1.500000000e+01 1.500000000e+01 4.170644735e-06 
d 0.000000000e+00 0.000000000e+00 -4.512832544e-06 4.700000000e+00 4.700000000e+00 0.000000000e+00 1.500000000e+01 1.500000000e+01 4.512832552e-06 
d 0.000000000e+00 0.000000000e+00 -4.841355494e-06 4.800000000e+00 4.800000000e+00 0.000000000e+00 1.500000000e+01 1.500000000e+01 4.841355499e-06 
d 0.000000000e+00 0.000000000e+00 -5.165150436e-06 4.900000000e+00 4.900000000e+00 0.000000000e+00 1.500000000e+01 1.500000000e+01 5.165150443e-06 
d 0.000000000e+00 0.000000000e+00 -5.491814070e-06 5.000000000e+00 5.000000000e+00 0.000000000e+00 1.500000000e+01 1.500000000e+01 5.491814062e-06 
d 0.000000000e+00 0.000000000e+00 -5.825080477e-06 5.100000000e+00 5.100000000e+00 0.000000000e+00 1.500000000e+01 1.500000000e+01 5.825080477e-06 
d 0.000000000e+00 0.000000000e+00 -6.163750335e-06 5.200000000e+00 5.200000000e+00 0.000000000e+00 1.500000000e+01 1.500000000e+01 6.163750339e-06 
d 0.000000000e+00 0.000000000e+00 -6.503286603e-06 5.300000000e+00 5.300000000e+00 0.000000000e+00 1.500000000e+01 1.500000000e+01 6.503286598e-06 
d 0.000000000e+00 0.000000000e+00 -6.839158108e-06 5.400000000e+00 5.400000000e+00 0.000000000e+00 1.500000000e+01 1.500000000e+01 6.839158108e-06 
d 0.000000000e+00 0.000000000e+00 -7.169980740e-06 5.500000000e+00 5.500000000e+00 0.000000000e+00 1.500000000e+01 1.500000000e+01 7.169980731e-06 
d 0.000000000e+00 0.000000000e+00 -7.499589672e-06 5.600000000e+00 5.600000000e+00 0.000000000e+00 1.500000000e+01 1.500000000e+01 7.499589666e-06 
d 0.000000000e+00 0.000000000e+00 -7.838517219e-06 5.700000000e+00 5.700000000e+00 0.000000000e+00 1.500000000e+01 1.500000000e+01 7.838517219e-06 
d 0.000000000e+00 0.000000000e+00 -8.205744304e-06 5.800000000e+00 5.800000000e+00 0.000000000e+00 1.500000000e+01 1.500000000e+01 8.205744303e-06 
d 0.000000000e+00 0.000000000e+00 -8.631359962e-06 5.900000000e+00 5.900000000e+00 0.000000000e+00 1.500000000e+01 1.500000000e+01 8.631359959e-06 
d 0.000000000e+00 0.000000000e+00 -9.160347677e-06 6.000000000e+00 6.000000000e+00 0.000000000e+00 1.500000000e+01 1.500000000e+01 9.160347673e-06 
d 0.000000000e+00 0.000000000e+00 -9.857100174e-06 6.100000000e+00 6.100000000e+00 0.000000000e+00 1.500000000e+01 1.500000000e+01 9.857100172e-06 
d 0.000000000e+00 0.000000000e+00 -1.080916562e-05 6.200000000e+00 6.200000000e+00 0.000000000e+00 1.500000000e+01 1.500000000e+01 1.080916562e-05 
d 0.000000000e+00 0.000000000e+00 -1.212704669e-05 6.300000000e+00 6.300000000e+00 0.000000000e+00 1.500000000e+01 1.500000000e+01 1.212704669e-05 
d 0.000000000e+00 0.000000000e+00 -1.393545364e-05 6.400000000e+00 6.400000000e+00 0.000000000e+00 1.500000000e+01 1.500000000e+01 1.393545363e-05 
d 0.000000000e+00 0.000000000e+00 -1.635272864e-05 6.500000000e+00 6.500000000e+00 0.000000000e+00 1.500000000e+01 1.500000000e+01 1.635272864e-05 
d 0.000000000e+00 0.000000000e+00 -1.946172944e-05 6.600000000e+00 6.600000000e+00 0.000000000e+00 1.500000000e+01 1.500000000e+01 1.946172944e-05 
d 0.000000000e+00 0.000000000e+00 -2.328458799e-05 6.700000000e+00 6.700000000e+00 0.000000000e+00 1.500000000e+01 1.500000000e+01 2.328458798e-05 
d 0.000000000e+00 0.000000000e+00 -2.777577273e-05 6.800000000e+00 6.800000000e+00 0.000000000e+00 1.500000000e+01 1.500000000e+01 2.777577272e-05 
d 0.000000000e+00 0.000000000e+00 -3.283740458e-05 6.900000000e+00 6.900000000e+00 0.000000000e+00 1.500000000e+01 1.500000000e+01 3.283740458e-05 
d 0.000000000e+00 0.000000000e+00 -3.834720774e-05 7.000000000e+00 7.000000000e+00 0.000000000e+00 1.500000000e+01 1.500000000e+01 3.834720773e-05 
d 0.000000000e+00 0.000000000e+00 -4.418551363e-05 7.100000000e+00 7.100000000e+00 0.000000000e+00 1.500000000e+01 1.500000000e+01 4.418551363e-05 
d 0.000000000e+00 0.000000000e+00 -5.025348130e-05 7.200000000e+00 7.200000000e+00 0.000000000e+00 1.500000000e+01 1.500000000e+01 5.025348129e-05 
d 0.000000000e+00 0.000000000e+00 -5.648194325e-05 7.300000000e+00 7.300000000e+00 0.000000000e+00 1.500000000e+01 1.500000000e+01 5.648194325e-05 
d 0.000000000e+00 0.000000000e+00 -6.283399865e-05 7.400000000e+00 7.400000000e+00 0.000000000e+00 1.500000000e+01 1.500000000e+01 6.283399866e-05 
d 0.000000000e+00 0.000000000e+00 -6.930476587e-05 7.500000000e+00 7.500000000e+00 0.000000000e+00 1.500000000e+01 1.500000000e+01 6.930476587e-05 
d 0.000000000e+00 0.000000000e+00 -7.592042263e-05 7.600000000e+00 7.600000000e+00 0.000000000e+00 1.500000000e+01 1.500000000e+01 7.592042263e-05 
d 0.000000000e+00 0.000000000e+00 -8.273713929e-05 7.700000000e+00 7.700000000e+00 0.000000000e+00 1.500000000e+01 1.500000000e+01 8.273713929e-05 
d 0.000000000e+00 0.000000000e+00 -8.983918335e-05 7.800000000e+00 7.800000000e+00 0.000000000e+00 1.500000000e+01 1.500000000e+01 8.983918335e-05 
d 0.000000000e+00 0.000000000e+00 -9.733444407e-05 7.900000000e+00 7.900000000e+00 0.000000000e+00 1.500000000e+01 1.500000000e+01 9.733444407e-05 
d 0.000000000e+00 0.000000000e+00 -1.053452915e-04 8.000000000e+00 8.000000000e+00 0.000000000e+00 1.500000000e+01 1.500000000e+01 1.053452915e-04 
d 0.000000000e+00 0.000000000e+00 -1.139936901e-04 8.100000000e+00 8.100000000e+00 0.000000000e+00 1.500000000e+01 1.500000000e+01 1.139936901e-04 
d 0.000000000e+00 0.000000000e+00 -1.233820947e-04 8.200000000e+00 8.200000000e+00 0.000000000e+00 1.500000000e+01 1.500000000e+01 1.233820948e-04 
d 0.000000000e+00 0.000000000e+00 -1.335747919e-04 8.300000000e+00 8.300000000e+00 0.000000000e+00 1.500000000e+01 1.500000000e+01 1.335747919e-04 
d 0.000000000e+00 0.000000000e+00 -1.445855251e-04 8.400000000e+00 8.400000000e+00 0.000000000e+00 1.500000000e+01 1.500000000e+01 1.445855251e-04 
d 0.000000000e+00 0.000000000e+00 -1.563755645e-04 8.500000000e+00 8.500000000e+00 0.000000000e+00 1.500000000e+01 1.500000000e+01 1.563755645e-04 
d 0.000000000e+00 0.000000000e+00 -1.688624395e-04 8.600000000e+00 8.600000000e+00 0.000000000e+00 1.500000000e+01 1.500000000e+01 1.688624395e-04 
d 0.000000000e+00 0.000000000e+00 -1.819344903e-04 8.700000000e+00 8.700000000e+00 0.000000000e+00 1.500000000e+01 1.500000000e+01 1.819344903e-04 
d 0.000000000e+00 0.000000000e+00 -1.954659611e-04 8.800000000e+00 8.800000000e+00 0.000000000e+00 1.500000000e+01 1.500000000e+01 1.954659611e-04 
d 0.000000000e+00 0.000000000e+00 -2.093289509e-04 8.900000000e+00 8.900000000e+00 0.000000000e+00 1.500000000e+01 1.500000000e+01 2.093289509e-04 
d 0.000000000e+00 0.000000000e+00 -2.234005374e-04 9.000000000e+00 9.000000000e+00 0.000000000e+00 1.500000000e+01 1.500000000e+01 2.234005374e-04 
d 0.000000000e+00 0.000000000e+00 -2.375648821e-04 9.100000000e+00 9.100000000e+00 0.000000000e+00 1.500000000e+01 1.500000000e+01 2.375648821e-04 
d 0.000000000e+00 0.000000000e+00 -2.517110087e-04 9.200000000e+00 9.200000000e+00 0.000000000e+00 1.500000000e+01 1.500000000e+01 2.517110087e-04 
d 0.000000000e+00 0.000000000e+00 -2.657251464e-04 9.300000000e+00 9.300000000e+00 0.000000000e+00 1.500000000e+01 1.500000000e+01 2.657251464e-04 
d 0.000000000e+00 0.000000000e+00 -2.794727667e-04 9.400000000e+00 9.400000000e+00 0.000000000e+00 1.500000000e+01 1.500000000e+01 2.794727667e-04 
d 0.000000000e+00 0.000000000e+00 -2.927578047e-04 9.500000000e+00 9.500000000e+00 0.000000000e+00 1.500000000e+01 1.500000000e+01 2.927578047e-04 
d 0.000000000e+00 0.000000000e+00 -3.052933544e-04 9.600000000e+00 9.600000000e+00 0.000000000e+00 1.500000000e+01 1.500000000e+01 3.052933544e-04 
d 0.000000000e+00 0.000000000e+00 -3.169632331e-04 9.700000000e+00 9.700000000e+00 0.000000000e+00 1.500000000e+01 1.500000000e+01 3.169632331e-04 
d 0.000000000e+00 0.000000000e+00 -3.278430539e-04 9.800000000e+00 9.800000000e+00 0.000000000e+00 1.500000000e+01 1.500000000e+01 3.278430539e-04 
d 0.000000000e+00 0.000000000e+00 -3.380251354e-04 9.900000000e+00 9.900000000e+00 0.000000000e+00 1.500000000e+01 1.500000000e+01 3.380251354e-04 
d 0.000000000e+00 0.000000000e+00 -3.475915598e-04 1.000000000e+01 1.000000000e+01 0.000000000e+00 1.500000000e+01 1.500000000e+01 3.475915598e-04 
d 0.000000000e+00 0.000000000e+00 -3.566126791e-04 1.010000000e+01 1.010000000e+01 0.000000000e+00 1.500000000e+01 1.500000000e+01 3.566126791e-04 
d 0.000000000e+00 0.000000000e+00 -3.651490115e-04 1.020000000e+01 1.020000000e+01 0.000000000e+00 1.500000000e+01 1.500000000e+01 3.651490115e-04 
d 0.000000000e+00 0.000000000e+00 -3.732512665e-04 1.030000000e+01 1.030000000e+01 0.000000000e+00 1.500000000e+01 1.500000000e+01 3.732512664e-04 
d 0.000000000e+00 0.000000000e+00 -3.809629445e-04 1.040000000e+01 1.040000000e+01 0.000000000e+00 1.500000000e+01 1.500000000e+01 3.809629445e-04 
d 0.000000000e+00 0.000000000e+00 -3.883214764e-04 1.050000000e+01 1.050000000e+01 0.000000000e+00 1.500000000e+01 1.500000000e+01 3.883214764e-04 
d 0.000000000e+00 0.000000000e+00 -3.953590735e-04 1.060000000e+01 1.060000000e+01 0.000000000e+00 1.500000000e+01 1.500000000e+01 3.953590735e-04 
d 0.000000000e+00 0.000000000e+00 -4.021022361e-04 1.070000000e+01 1.070000000e+01 0.000000000e+00 1.500000000e+01 1.500000000e+01 4.021022362e-04 
d 0.000000000e+00 0.000000000e+00 -4.085786419e-04 1.080000000e+01 1.080000000e+01 0.000000000e+00 1.500000000e+01 1.500000000e+01 4.085786419e-04 
d 0.000000000e+00 0.000000000e+00 -4.148044083e-04 1.090000000e+01 1.090000000e+01 0.000000000e+00 1.500000000e+01 1.500000000e+01 4.148044083e-04 
d 0.000000000e+00 0.000000000e+00 -4.208031325e-04 1.100000000e+01 1.100000000e+01 0.000000000e+00 1.500000000e+01 1.500000000e+01 4.208031325e-04 
d 0.000000000e+00 0.000000000e+00 -4.265905113e-04 1.110000000e+01 1.110000000e+01 0.000000000e+00 1.500000000e+01 1.500000000e+01 4.265905113e-04 
d 0.000000000e+00 0.000000000e+00 -4.321772687e-04 1.120000000e+01 1.120000000e+01 0.000000000e+00 1.500000000e+01 1.500000000e+01 4.321772687e-04 
d 0.000000000e+00 0.000000000e+00 -4.375819088e-04 1.130000000e+01 1.130000000e+01 0.000000000e+00 1.500000000e+01 1.500000000e+01 4.375819088e-04 
d 0.000000000e+00 0.000000000e+00 -4.428158894e-04 1.140000000e+01 1.140000000e+01 0.000000000e+00 1.500000000e+01 1.500000000e+01 4.428158894e-04 
d 0.000000000e+00 0.000000000e+00 -4.478850913e-04 1.150000000e+01 1.150000000e+01 0.000000000e+00 1.500000000e+01 1.500000000e+01 4.478850913e-04 
d 0.000000000e+00 0.000000000e+00 -4.528019386e-04 1.160000000e+01 1.160000000e+01 0.000000000e+00 1.500000000e+01 1.500000000e+01 4.528019386e-04 
d 0.000000000e+00 0.000000000e+00 -4.575784653e-04 1.170000000e+01 1.170000000e+01 0.000000000e+00 1.500000000e+01 1.500000000e+01 4.575784652e-04 
d 0.000000000e+00 0.000000000e+00 -4.622194649e-04 1.180000000e+01 1.180000000e+01 0.000000000e+00 1.500000000e+01 1.500000000e+01 4.622194649e-04 
d 0.000000000e+00 0.000000000e+00 -4.667297194e-04 1.190000000e+01 1.190000000e+01 0.000000000e+00 1.500000000e+01 1.500000000e+01 4.667297194e-04 
d 0.000000000e+00 0.000000000e+00 -4.711186360e-04 1.200000000e+01 1.200000000e+01 0.000000000e+00 1.500000000e+01 1.500000000e+01 4.711186360e-04 
d 0.000000000e+00 0.000000000e+00 -4.753948548e-04 1.210000000e+01 1.210000000e+01 0.000000000e+00 1.500000000e+01 1.500000000e+01 4.753948548e-04 
d 0.000000000e+00 0.000000000e+00 -4.795624102e-04 1.220000000e+01 1.220000000e+01 0.000000000e+00 1.500000000e+01 1.500000000e+01 4.795624102e-04 
d 0.000000000e+00 0.000000000e+00 -4.836241228e-04 1.230000000e+01 1.230000000e+01 0.000000000e+00 1.500000000e+01 1.500000000e+01 4.836241228e-04 
d 0.000000000e+00 0.000000000e+00 -4.875853513e-04 1.240000000e+01 1.240000000e+01 0.000000000e+00 1.500000000e+01 1.500000000e+01 4.875853513e-04 
d 0.000000000e+00 0.000000000e+00 -4.914528176e-04 1.250000000e+01 1.250000000e+01 0.000000000e+00 1.500000000e+01 1.500000000e+01 4.914528176e-04 
d 0.000000000e+00 0.000000000e+00 -4.952315360e-04 1.260000000e+01 1.260000000e+01 0.000000000e+00 1.500000000e+01 1.500000000e+01 4.952315360e-04 
d 0.000000000e+00 0.000000000e+00 -4.989241374e-04 1.270000000e+01 1.270000000e+01 0.000000000e+00 1.500000000e+01 1.500000000e+01 4.989241374e-04 
d 0.000000000e+00 0.000000000e+00 -5.025328449e-04 1.280000000e+01 1.280000000e+01 0.000000000e+00 1.500000000e+01 1.500000000e+01 5.025328449e-04 
d 0.000000000e+00 0.000000000e+00 -5.060609841e-04 1.290000000e+01 1.290000000e+01 0.000000000e+00 1.500000000e+01 1.500000000e+01 5.060609841e-04 
d 0.000000000e+00 0.000000000e+00 -5.095126982e-04 1.300000000e+01 1.300000000e+01 0.000000000e+00 1.500000000e+01 1.500000000e+01 5.095126982e-04 
d 0.000000000e+00 0.000000000e+00 -5.128917931e-04 1.310000000e+01 1.310000000e+01 0.000000000e+00 1.500000000e+01 1.500000000e+01 5.128917931e-04 
d 0.000000000e+00 0.000000000e+00 -5.162009765e-04 1.320000000e+01 1.320000000e+01 0.000000000e+00 1.500000000e+01 1.500000000e+01 5.162009765e-04 
d 0.000000000e+00 0.000000000e+00 -5.194422053e-04 1.330000000e+01 1.330000000e+01 0.000000000e+00 1.500000000e+01 1.500000000e+01 5.194422053e-04 
d 0.000000000e+00 0.000000000e+00 -5.226174111e-04 1.340000000e+01 1.340000000e+01 0.000000000e+00 1.500000000e+01 1.500000000e+01 5.226174111e-04 
d 0.000000000e+00 0.000000000e+00 -5.257287799e-04 1.350000000e+01 1.350000000e+01 0.000000000e+00 1.500000000e+01 1.500000000e+01 5.257287799e-04 
d 0.000000000e+00 0.000000000e+00 -5.287787337e-04 1.360000000e+01 1.360000000e+01 0.000000000e+00 1.500000000e+01 1.500000000e+01 5.287787337e-04 
d 0.000000000e+00 0.000000000e+00 -5.317697710e-04 1.370000000e+01 1.370000000e+01 0.000000000e+00 1.500000000e+01 1.500000000e+01 5.317697710e-04 
d 0.000000000e+00 0.000000000e+00 -5.347042372e-04 1.380000000e+01 1.380000000e+01 0.000000000e+00 1.500000000e+01 1.500000000e+01 5.347042372e-04 
d 0.000000000e+00 0.000000000e+00 -5.375843019e-04 1.390000000e+01 1.390000000e+01 0.000000000e+00 1.500000000e+01 1.500000000e+01 5.375843019e-04 
d 0.000000000e+00 0.000000000e+00 -5.404120733e-04 1.400000000e+01 1.400000000e+01 0.000000000e+00 1.500000000e+01 1.500000000e+01 5.404120733e-04 
d 0.000000000e+00 0.000000000e+00 -5.431895753e-04 1.410000000e+01 1.410000000e+01 0.000000000e+00 1.500000000e+01 1.500000000e+01 5.431895753e-04 
d 0.000000000e+00 0.000000000e+00 -5.459186927e-04 1.420000000e+01 1.420000000e+01 0.000000000e+00 1.500000000e+01 1.500000000e+01 5.459186928e-04 
d 0.000000000e+00 0.000000000e+00 -5.486012633e-04 1.430000000e+01 1.430000000e+01 0.000000000e+00 1.500000000e+01 1.500000000e+01 5.486012633e-04 
d 0.000000000e+00 0.000000000e+00 -5.512391366e-04 1.440000000e+01 1.440000000e+01 0.000000000e+00 1.500000000e+01 1.500000000e+01 5.512391366e-04 
d 0.000000000e+00 0.000000000e+00 -5.538340080e-04 1.450000000e+01 1.450000000e+01 0.000000000e+00 1.500000000e+01 1.500000000e+01 5.538340080e-04 
d 0.000000000e+00 0.000000000e+00 -5.563872005e-04 1.460000000e+01 1.460000000e+01 0.000000000e+00 1.500000000e+01 1.500000000e+01 5.563872005e-04 
d 0.000000000e+00 0.000000000e+00 -5.588996736e-04 1.470000000e+01 1.470000000e+01 0.000000000e+00 1.500000000e+01 1.500000000e+01 5.588996736e-04 
d 0.000000000e+00 0.000000000e+00 -5.613722400e-04 1.480000000e+01 1.480000000e+01 0.000000000e+00 1.500000000e+01 1.500000000e+01 5.613722400e-04 
d 0.000000000e+00 0.000000000e+00 -5.638057200e-04 1.490000000e+01 1.490000000e+01 0.000000000e+00 1.500000000e+01 1.500000000e+01 5.638057200e-04 
d 0.000000000e+00 0.000000000e+00 -5.662009049e-04 1.500000000e+01 1.500000000e+01 0.000000000e+00 1.500000000e+01 1.500000000e+01 5.662009049e-04 
d 0.000000000e+00 0.000000000e+00 -5.685584793e-04 1.510000000e+01 1.510000000e+01 0.000000000e+00 1.500000000e+01 1.500000000e+01 5.685584793e-04 
d 0.000000000e+00 0.000000000e+00 -5.708790888e-04 1.520000000e+01 1.520000000e+01 0.000000000e+00 1.500000000e+01 1.500000000e+01 5.708790889e-04 
d 0.000000000e+00 0.000000000e+00 -5.731635134e-04 1.530000000e+01 1.530000000e+01 0.000000000e+00 1.500000000e+01 1.500000000e+01 5.731635134e-04 
d 0.000000000e+00 0.000000000e+00 -5.754127556e-04 1.540000000e+01 1.540000000e+01 0.000000000e+00 1.500000000e+01 1.500000000e+01 5.754127556e-04 
d 0.000000000e+00 0.000000000e+00 -5.776279592e-04 1.550000000e+01 1.550000000e+01 0.000000000e+00 1.500000000e+01 1.500000000e+01 5.776279592e-04 
d 0.000000000e+00 0.000000000e+00 -5.798102664e-04 1.560000000e+01 1.560000000e+01 0.000000000e+00 1.500000000e+01 1.500000000e+01 5.798102664e-04 
d 0.000000000e+00 0.000000000e+00 -5.819607516e-04 1.570000000e+01 1.570000000e+01 0.000000000e+00 1.500000000e+01 1.500000000e+01 5.819607516e-04 
d 0.000000000e+00 0.000000000e+00 -5.840804418e-04 1.580000000e+01 1.580000000e+01 0.000000000e+00 1.500000000e+01 1.500000000e+01 5.840804418e-04 
d 0.000000000e+00 0.000000000e+00 -5.861703297e-04 1.590000000e+01 1.590000000e+01 0.000000000e+00 1.500000000e+01 1.500000000e+01 5.861703297e-04 
d 0.000000000e+00 0.000000000e+00 -5.882313106e-04 1.600000000e+01 1.600000000e+01 0.000000000e+00 1.500000000e+01 1.500000000e+01 5.882313106e-04 
d 0.000000000e+00 0.000000000e+00 -5.902640732e-04 1.610000000e+01 1.610000000e+01 0.000000000e+00 1.500000000e+01 1.500000000e+01 5.902640732e-04 
d 0.000000000e+00 0.000000000e+00 -5.922690365e-04 1.620000000e+01 1.620000000e+01 0.000000000e+00 1.500000000e+01 1.500000000e+01 5.922690365e-04 
d 0.000000000e+00 0.000000000e+00 -5.942464014e-04 1.630000000e+01 1.630000000e+01 0.000000000e+00 1.500000000e+01 1.500000000e+01 5.942464014e-04 
d 0.000000000e+00 0.000000000e+00 -5.961963080e-04 1.640000000e+01 1.640000000e+01 0.000000000e+00 1.500000000e+01 1.500000000e+01 5.961963080e-04 
d 0.000000000e+00 0.000000000e+00 -5.981190130e-04 1.650000000e+01 1.650000000e+01 0.000000000e+00 1.500000000e+01 1.500000000e+01 5.981190130e-04 
d 0.000000000e+00 0.000000000e+00 -6.000149946e-04 1.660000000e+01 1.660000000e+01 0.000000000e+00 1.500000000e+01 1.500000000e+01 6.000149946e-04 
d 0.000000000e+00 0.000000000e+00 -6.018849532e-04 1.670000000e+01 1.670000000e+01 0.000000000e+00 1.500000000e+01 1.500000000e+01 6.018849532e-04 
d 0.000000000e+00 0.000000000e+00 -6.037297533e-04 1.680000000e+01 1.680000000e+01 0.000000000e+00 1.500000000e+01 1.500000000e+01 6.037297533e-04 
d 0.000000000e+00 0.000000000e+00 -6.055503598e-04 1.690000000e+01 1.690000000e+01 0.000000000e+00 1.500000000e+01 1.500000000e+01 6.055503598e-04 
d 0.000000000e+00 0.000000000e+00 -6.073477932e-04 1.700000000e+01 1.700000000e+01 0.000000000e+00 1.500000000e+01 1.500000000e+01 6.073477932e-04 
d 0.000000000e+00 0.000000000e+00 -6.091230869e-04 1.710000000e+01 1.710000000e+01 0.000000000e+00 1.500000000e+01 1.500000000e+01 6.091230869e-04 
d 0.000000000e+00 0.000000000e+00 -6.108772289e-04 1.720000000e+01 1.720000000e+01 0.000000000e+00 1.500000000e+01 1.500000000e+01 6.108772289e-04 
d 0.000000000e+00 0.000000000e+00 -6.126110853e-04 1.730000000e+01 1.730000000e+01 0.000000000e+00 1.500000000e+01 1.500000000e+01 6.126110854e-04 
d 0.000000000e+00 0.000000000e+00 -6.143253248e-04 1.740000000e+01 1.740000000e+01 0.000000000e+00 1.500000000e+01 1.500000000e+01 6.143253248e-04 
d 0.000000000e+00 0.000000000e+00 -6.160203689e-04 1.750000000e+01 1.750000000e+01 0.000000000e+00 1.500000000e+01 1.500000000e+01 6.160203689e-04 
d 0.000000000e+00 0.000000000e+00 -6.176963923e-04 1.760000000e+01 1.760000000e+01 0.000000000e+00 1.500000000e+01 1.500000000e+01 6.176963923e-04 
d 0.000000000e+00 0.000000000e+00 -6.193533801e-04 1.770000000e+01 1.770000000e+01 0.000000000e+00 1.500000000e+01 1.500000000e+01 6.193533802e-04 
d 0.000000000e+00 0.000000000e+00 -6.209912322e-04 1.780000000e+01 1.780000000e+01 0.000000000e+00 1.500000000e+01 1.500000000e+01 6.209912322e-04 
d 0.000000000e+00 0.000000000e+00 -6.226098810e-04 1.790000000e+01 1.790000000e+01 0.000000000e+00 1.500000000e+01 1.500000000e+01 6.226098810e-04 
d 0.000000000e+00 0.000000000e+00 -6.242093838e-04 1.800000000e+01 1.800000000e+01 0.000000000e+00 1.500000000e+01 1.500000000e+01 6.242093838e-04 
d 0.000000000e+00 0.000000000e+00 -6.257899623e-04 1.810000000e+01 1.810000000e+01 0.000000000e+00 1.500000000e+01 1.500000000e+01 6.257899623e-04 
d 0.000000000e+00 0.000000000e+00 -6.273519951e-04 1.820000000e+01 1.820000000e+01 0.000000000e+00 1.500000000e+01 1.500000000e+01 6.273519951e-04 
d 0.000000000e+00 0.000000000e+00 -6.288959859e-04 1.830000000e+01 1.830000000e+01 0.000000000e+00 1.500000000e+01 1.500000000e+01 6.288959859e-04 
d 0.000000000e+00 0.000000000e+00 -6.304225294e-04 1.840000000e+01 1.840000000e+01 0.000000000e+00 1.500000000e+01 1.500000000e+01 6.304225294e-04 
d 0.000000000e+00 0.000000000e+00 -6.319322828e-04 1.850000000e+01 1.850000000e+01 0.000000000e+00 1.500000000e+01 1.500000000e+01 6.319322828e-04 
d 0.000000000e+00 0.000000000e+00 -6.334259402e-04 1.860000000e+01 1.860000000e+01 0.000000000e+00 1.500000000e+01 1.500000000e+01 6.334259402e-04 
d 0.000000000e+00 0.000000000e+00 -6.349042020e-04 1.870000000e+01 1.870000000e+01 0.000000000e+00 1.500000000e+01 1.500000000e+01 6.349042020e-04 
d 0.000000000e+00 0.000000000e+00 -6.363677374e-04 1.880000000e+01 1.880000000e+01 0.000000000e+00 1.500000000e+01 1.500000000e+01 6.363677374e-04 
d 0.000000000e+00 0.000000000e+00 -6.378171437e-04 1.890000000e+01 1.890000000e+01 0.000000000e+00 1.500000000e+01 1.500000000e+01 6.378171437e-04 
d 0.000000000e+00 0.000000000e+00 -6.392529074e-04 1.900000000e+01 1.900000000e+01 0.000000000e+00 1.500000000e+01 1.500000000e+01 6.392529074e-04 
d 0.000000000e+00 0.000000000e+00 -6.406753737e-04 1.910000000e+01 1.910000000e+01 0.000000000e+00 1.500000000e+01 1.500000000e+01 6.406753737e-04 
d 0.000000000e+00 0.000000000e+00 -6.420847305e-04 1.920000000e+01 1.920000000e+01 0.000000000e+00 1.500000000e+01 1.500000000e+01 6.420847305e-04 
d 0.000000000e+00 0.000000000e+00 -6.434810113e-04 1.930000000e+01 1.930000000e+01 0.000000000e+00 1.500000000e+01 1.500000000e+01 6.434810113e-04 
d 0.000000000e+00 0.000000000e+00 -6.448641208e-04 1.940000000e+01 1.940000000e+01 0.000000000e+00 1.500000000e+01 1.500000000e+01 6.448641208e-04 
d 0.000000000e+00 0.000000000e+00 -6.462338811e-04 1.950000000e+01 1.950000000e+01 0.000000000e+00 1.500000000e+01 1.500000000e+01 6.462338811e-04 
d 0.000000000e+00 0.000000000e+00 -6.475900934e-04 1.960000000e+01 1.960000000e+01 0.000000000e+00 1.500000000e+01 1.500000000e+01 6.475900934e-04 
d 0.000000000e+00 0.000000000e+00 -6.489325998e-04 1.970000000e+01 1.970000000e+01 0.000000000e+00 1.500000000e+01 1.500000000e+01 6.489325998e-04 
d 0.000000000e+00 0.000000000e+00 -6.502613324e-04 1.980000000e+01 1.980000000e+01 0.000000000e+00 1.500000000e+01 1.500000000e+01 6.502613324e-04 
d 0.000000000e+00 0.000000000e+00 -6.515763380e-04 1.990000000e+01 1.990000000e+01 0.000000000e+00 1.500000000e+01 1.500000000e+01 6.515763380e-04 
d 0.000000000e+00 0.000000000e+00 -6.528777805e-04 2.000000000e+01 2.000000000e+01 0.000000000e+00 1.500000000e+01 1.500000000e+01 6.528777805e-04 
