v ATLAS
# This file was created by ATLAS version 5.38.0.R on Mon Jul 27 19:26:07 2026.
#SSF 2.0 generic
##############################################################################
#                    Copyright (c) 1984 - 2024                               #
#                    Silvaco Inc. All rights reserved                        #
#                                                                            #
# This file format and the following Key are copyright Silvaco Inc.          #
# You may not use, this format or key without reproducing this message in    #
# full and obtaining express written permission from Silvaco Inc.            #
#                                                                            #
# To obtain such permission please contact: Silvaco Inc.                     #
#                                           support@silvaco.com              #
#                                                                            #
# KEY=SVC86hn7562asdx                       PROD=345                         #
##############################################################################
y 3 700 711 15
z 2 0.02 300
f 3 "source" "gate" "drain" 
p 9 2 601 20 3 602 21 4 603 22 
d 0.000000000e+00 0.000000000e+00 -7.159935778e-16 0.000000000e+00 0.000000000e+00 0.000000000e+00 1.500000000e+01 1.500000000e+01 -4.168764501e-16 
d 0.000000000e+00 0.000000000e+00 -1.685705681e-15 1.000000000e-01 1.000000000e-01 0.000000000e+00 1.500000000e+01 1.500000000e+01 1.648745537e-16 
d 0.000000000e+00 0.000000000e+00 -4.027643408e-15 2.000000000e-01 2.000000000e-01 0.000000000e+00 1.500000000e+01 1.500000000e+01 1.095397011e-15 
d 0.000000000e+00 0.000000000e+00 -9.759152248e-15 3.000000000e-01 3.000000000e-01 0.000000000e+00 1.500000000e+01 1.500000000e+01 1.164638107e-14 
d 0.000000000e+00 0.000000000e+00 -2.395637505e-14 4.000000000e-01 4.000000000e-01 0.000000000e+00 1.500000000e+01 1.500000000e+01 2.327667756e-14 
d 0.000000000e+00 0.000000000e+00 -5.947129416e-14 5.000000000e-01 5.000000000e-01 0.000000000e+00 1.500000000e+01 1.500000000e+01 5.633793550e-14 
d 0.000000000e+00 0.000000000e+00 -1.488885119e-13 6.000000000e-01 6.000000000e-01 0.000000000e+00 1.500000000e+01 1.500000000e+01 1.483630416e-13 
d 0.000000000e+00 0.000000000e+00 -3.739084493e-13 7.000000000e-01 7.000000000e-01 0.000000000e+00 1.500000000e+01 1.500000000e+01 3.735594354e-13 
d 0.000000000e+00 0.000000000e+00 -9.326653772e-13 8.000000000e-01 8.000000000e-01 0.000000000e+00 1.500000000e+01 1.500000000e+01 9.332272509e-13 
d 0.000000000e+00 0.000000000e+00 -2.294926049e-12 9.000000000e-01 9.000000000e-01 0.000000000e+00 1.500000000e+01 1.500000000e+01 2.298811917e-12 
d 0.000000000e+00 0.000000000e+00 -5.616528811e-12 1.000000000e+00 1.000000000e+00 0.000000000e+00 1.500000000e+01 1.500000000e+01 5.612757639e-12 
d 0.000000000e+00 0.000000000e+00 -1.368551997e-11 1.100000000e+00 1.100000000e+00 0.000000000e+00 1.500000000e+01 1.500000000e+01 1.368887272e-11 
d 0.000000000e+00 0.000000000e+00 -3.226351628e-11 1.200000000e+00 1.200000000e+00 0.000000000e+00 1.500000000e+01 1.500000000e+01 3.226419970e-11 
d 0.000000000e+00 0.000000000e+00 -7.009515819e-11 1.300000000e+00 1.300000000e+00 0.000000000e+00 1.500000000e+01 1.500000000e+01 7.009949763e-11 
d 0.000000000e+00 0.000000000e+00 -1.371429358e-10 1.400000000e+00 1.400000000e+00 0.000000000e+00 1.500000000e+01 1.500000000e+01 1.371421153e-10 
d 0.000000000e+00 0.000000000e+00 -2.565817295e-10 1.500000000e+00 1.500000000e+00 0.000000000e+00 1.500000000e+01 1.500000000e+01 2.565831905e-10 
d 0.000000000e+00 0.000000000e+00 -4.992744895e-10 1.600000000e+00 1.600000000e+00 0.000000000e+00 1.500000000e+01 1.500000000e+01 4.992759087e-10 
d 0.000000000e+00 0.000000000e+00 -1.032613371e-09 1.700000000e+00 1.700000000e+00 0.000000000e+00 1.500000000e+01 1.500000000e+01 1.032622790e-09 
d 0.000000000e+00 0.000000000e+00 -2.196450030e-09 1.800000000e+00 1.800000000e+00 0.000000000e+00 1.500000000e+01 1.500000000e+01 2.196442123e-09 
d 0.000000000e+00 0.000000000e+00 -4.540788609e-09 1.900000000e+00 1.900000000e+00 0.000000000e+00 1.500000000e+01 1.500000000e+01 4.540779431e-09 
d 0.000000000e+00 0.000000000e+00 -8.556281780e-09 2.000000000e+00 2.000000000e+00 0.000000000e+00 1.500000000e+01 1.500000000e+01 8.556280107e-09 
d 0.000000000e+00 0.000000000e+00 -1.399631560e-08 2.100000000e+00 2.100000000e+00 0.000000000e+00 1.500000000e+01 1.500000000e+01 1.399631079e-08 
d 0.000000000e+00 0.000000000e+00 -1.991846398e-08 2.200000000e+00 2.200000000e+00 0.000000000e+00 1.500000000e+01 1.500000000e+01 1.991845956e-08 
d 0.000000000e+00 0.000000000e+00 -2.579467849e-08 2.300000000e+00 2.300000000e+00 0.000000000e+00 1.500000000e+01 1.500000000e+01 2.579467415e-08 
d 0.000000000e+00 0.000000000e+00 -3.203914826e-08 2.400000000e+00 2.400000000e+00 0.000000000e+00 1.500000000e+01 1.500000000e+01 3.203914574e-08 
d 0.000000000e+00 0.000000000e+00 -4.004076352e-08 2.500000000e+00 2.500000000e+00 0.000000000e+00 1.500000000e+01 1.500000000e+01 4.004075680e-08 
d 0.000000000e+00 0.000000000e+00 -5.260040308e-08 2.600000000e+00 2.600000000e+00 0.000000000e+00 1.500000000e+01 1.500000000e+01 5.260040115e-08 
d 0.000000000e+00 0.000000000e+00 -7.487124168e-08 2.700000000e+00 2.700000000e+00 0.000000000e+00 1.500000000e+01 1.500000000e+01 7.487125047e-08 
d 0.000000000e+00 0.000000000e+00 -1.155290425e-07 2.800000000e+00 2.800000000e+00 0.000000000e+00 1.500000000e+01 1.500000000e+01 1.155290476e-07 
d 0.000000000e+00 0.000000000e+00 -1.887139987e-07 2.900000000e+00 2.900000000e+00 0.000000000e+00 1.500000000e+01 1.500000000e+01 1.887140024e-07 
d 0.000000000e+00 0.000000000e+00 -3.179855548e-07 3.000000000e+00 3.000000000e+00 0.000000000e+00 1.500000000e+01 1.500000000e+01 3.179855590e-07 
d 0.000000000e+00 0.000000000e+00 -5.378485114e-07 3.100000000e+00 3.100000000e+00 0.000000000e+00 1.500000000e+01 1.500000000e+01 5.378485109e-07 
d 0.000000000e+00 0.000000000e+00 -8.803238877e-07 3.200000000e+00 3.200000000e+00 0.000000000e+00 1.500000000e+01 1.500000000e+01 8.803238796e-07 
d 0.000000000e+00 0.000000000e+00 -1.346854299e-06 3.300000000e+00 3.300000000e+00 0.000000000e+00 1.500000000e+01 1.500000000e+01 1.346854303e-06 
d 0.000000000e+00 0.000000000e+00 -1.896258668e-06 3.400000000e+00 3.400000000e+00 0.000000000e+00 1.500000000e+01 1.500000000e+01 1.896258671e-06 
d 0.000000000e+00 0.000000000e+00 -2.469407488e-06 3.500000000e+00 3.500000000e+00 0.000000000e+00 1.500000000e+01 1.500000000e+01 2.469407492e-06 
d 0.000000000e+00 0.000000000e+00 -3.020939132e-06 3.600000000e+00 3.600000000e+00 0.000000000e+00 1.500000000e+01 1.500000000e+01 3.020939130e-06 
d 0.000000000e+00 0.000000000e+00 -3.528312259e-06 3.700000000e+00 3.700000000e+00 0.000000000e+00 1.500000000e+01 1.500000000e+01 3.528312269e-06 
d 0.000000000e+00 0.000000000e+00 -3.985688404e-06 3.800000000e+00 3.800000000e+00 0.000000000e+00 1.500000000e+01 1.500000000e+01 3.985688407e-06 
d 0.000000000e+00 0.000000000e+00 -4.396935416e-06 3.900000000e+00 3.900000000e+00 0.000000000e+00 1.500000000e+01 1.500000000e+01 4.396935417e-06 
d 0.000000000e+00 0.000000000e+00 -4.771875426e-06 4.000000000e+00 4.000000000e+00 0.000000000e+00 1.500000000e+01 1.500000000e+01 4.771875419e-06 
d 0.000000000e+00 0.000000000e+00 -5.124595637e-06 4.100000000e+00 4.100000000e+00 0.000000000e+00 1.500000000e+01 1.500000000e+01 5.124595630e-06 
d 0.000000000e+00 0.000000000e+00 -5.471410121e-06 4.200000000e+00 4.200000000e+00 0.000000000e+00 1.500000000e+01 1.500000000e+01 5.471410114e-06 
d 0.000000000e+00 0.000000000e+00 -5.826429859e-06 4.300000000e+00 4.300000000e+00 0.000000000e+00 1.500000000e+01 1.500000000e+01 5.826429867e-06 
d 0.000000000e+00 0.000000000e+00 -6.195909656e-06 4.400000000e+00 4.400000000e+00 0.000000000e+00 1.500000000e+01 1.500000000e+01 6.195909659e-06 
d 0.000000000e+00 0.000000000e+00 -6.576940716e-06 4.500000000e+00 4.500000000e+00 0.000000000e+00 1.500000000e+01 1.500000000e+01 6.576940712e-06 
d 0.000000000e+00 0.000000000e+00 -6.963617607e-06 4.600000000e+00 4.600000000e+00 0.000000000e+00 1.500000000e+01 1.500000000e+01 6.963617614e-06 
d 0.000000000e+00 0.000000000e+00 -7.356169222e-06 4.700000000e+00 4.700000000e+00 0.000000000e+00 1.500000000e+01 1.500000000e+01 7.356169220e-06 
d 0.000000000e+00 0.000000000e+00 -7.768199370e-06 4.800000000e+00 4.800000000e+00 0.000000000e+00 1.500000000e+01 1.500000000e+01 7.768199372e-06 
d 0.000000000e+00 0.000000000e+00 -8.232657472e-06 4.900000000e+00 4.900000000e+00 0.000000000e+00 1.500000000e+01 1.500000000e+01 8.232657474e-06 
d 0.000000000e+00 0.000000000e+00 -8.809518747e-06 5.000000000e+00 5.000000000e+00 0.000000000e+00 1.500000000e+01 1.500000000e+01 8.809518755e-06 
d 0.000000000e+00 0.000000000e+00 -9.596679064e-06 5.100000000e+00 5.100000000e+00 0.000000000e+00 1.500000000e+01 1.500000000e+01 9.596679068e-06 
d 0.000000000e+00 0.000000000e+00 -1.074183244e-05 5.200000000e+00 5.200000000e+00 0.000000000e+00 1.500000000e+01 1.500000000e+01 1.074183243e-05 
d 0.000000000e+00 0.000000000e+00 -1.244639770e-05 5.300000000e+00 5.300000000e+00 0.000000000e+00 1.500000000e+01 1.500000000e+01 1.244639770e-05 
d 0.000000000e+00 0.000000000e+00 -1.494475652e-05 5.400000000e+00 5.400000000e+00 0.000000000e+00 1.500000000e+01 1.500000000e+01 1.494475651e-05 
d 0.000000000e+00 0.000000000e+00 -1.844552345e-05 5.500000000e+00 5.500000000e+00 0.000000000e+00 1.500000000e+01 1.500000000e+01 1.844552345e-05 
d 0.000000000e+00 0.000000000e+00 -2.305202594e-05 5.600000000e+00 5.600000000e+00 0.000000000e+00 1.500000000e+01 1.500000000e+01 2.305202595e-05 
d 0.000000000e+00 0.000000000e+00 -2.871629640e-05 5.700000000e+00 5.700000000e+00 0.000000000e+00 1.500000000e+01 1.500000000e+01 2.871629639e-05 
d 0.000000000e+00 0.000000000e+00 -3.526646123e-05 5.800000000e+00 5.800000000e+00 0.000000000e+00 1.500000000e+01 1.500000000e+01 3.526646124e-05 
d 0.000000000e+00 0.000000000e+00 -4.248496692e-05 5.900000000e+00 5.900000000e+00 0.000000000e+00 1.500000000e+01 1.500000000e+01 4.248496693e-05 
d 0.000000000e+00 0.000000000e+00 -5.018451206e-05 6.000000000e+00 6.000000000e+00 0.000000000e+00 1.500000000e+01 1.500000000e+01 5.018451206e-05 
d 0.000000000e+00 0.000000000e+00 -5.825337015e-05 6.100000000e+00 6.100000000e+00 0.000000000e+00 1.500000000e+01 1.500000000e+01 5.825337014e-05 
d 0.000000000e+00 0.000000000e+00 -6.667353430e-05 6.200000000e+00 6.200000000e+00 0.000000000e+00 1.500000000e+01 1.500000000e+01 6.667353431e-05 
d 0.000000000e+00 0.000000000e+00 -7.552417461e-05 6.300000000e+00 6.300000000e+00 0.000000000e+00 1.500000000e+01 1.500000000e+01 7.552417460e-05 
d 0.000000000e+00 0.000000000e+00 -8.497580196e-05 6.400000000e+00 6.400000000e+00 0.000000000e+00 1.500000000e+01 1.500000000e+01 8.497580195e-05 
d 0.000000000e+00 0.000000000e+00 -9.527031683e-05 6.500000000e+00 6.500000000e+00 0.000000000e+00 1.500000000e+01 1.500000000e+01 9.527031684e-05 
d 0.000000000e+00 0.000000000e+00 -1.066779178e-04 6.600000000e+00 6.600000000e+00 0.000000000e+00 1.500000000e+01 1.500000000e+01 1.066779178e-04 
d 0.000000000e+00 0.000000000e+00 -1.194308043e-04 6.700000000e+00 6.700000000e+00 0.000000000e+00 1.500000000e+01 1.500000000e+01 1.194308043e-04 
d 0.000000000e+00 0.000000000e+00 -1.336540964e-04 6.800000000e+00 6.800000000e+00 0.000000000e+00 1.500000000e+01 1.500000000e+01 1.336540964e-04 
d 0.000000000e+00 0.000000000e+00 -1.493273120e-04 6.900000000e+00 6.900000000e+00 0.000000000e+00 1.500000000e+01 1.500000000e+01 1.493273121e-04 
d 0.000000000e+00 0.000000000e+00 -1.662956439e-04 7.000000000e+00 7.000000000e+00 0.000000000e+00 1.500000000e+01 1.500000000e+01 1.662956439e-04 
d 0.000000000e+00 0.000000000e+00 -1.843189871e-04 7.100000000e+00 7.100000000e+00 0.000000000e+00 1.500000000e+01 1.500000000e+01 1.843189871e-04 
d 0.000000000e+00 0.000000000e+00 -2.031274774e-04 7.200000000e+00 7.200000000e+00 0.000000000e+00 1.500000000e+01 1.500000000e+01 2.031274774e-04 
d 0.000000000e+00 0.000000000e+00 -2.224623926e-04 7.300000000e+00 7.300000000e+00 0.000000000e+00 1.500000000e+01 1.500000000e+01 2.224623927e-04 
d 0.000000000e+00 0.000000000e+00 -2.420976378e-04 7.400000000e+00 7.400000000e+00 0.000000000e+00 1.500000000e+01 1.500000000e+01 2.420976378e-04 
d 0.000000000e+00 0.000000000e+00 -2.618444407e-04 7.500000000e+00 7.500000000e+00 0.000000000e+00 1.500000000e+01 1.500000000e+01 2.618444407e-04 
d 0.000000000e+00 0.000000000e+00 -2.815469918e-04 7.600000000e+00 7.600000000e+00 0.000000000e+00 1.500000000e+01 1.500000000e+01 2.815469918e-04 
d 0.000000000e+00 0.000000000e+00 -3.010730084e-04 7.700000000e+00 7.700000000e+00 0.000000000e+00 1.500000000e+01 1.500000000e+01 3.010730084e-04 
d 0.000000000e+00 0.000000000e+00 -3.203008432e-04 7.800000000e+00 7.800000000e+00 0.000000000e+00 1.500000000e+01 1.500000000e+01 3.203008432e-04 
d 0.000000000e+00 0.000000000e+00 -3.391000316e-04 7.900000000e+00 7.900000000e+00 0.000000000e+00 1.500000000e+01 1.500000000e+01 3.391000316e-04 
d 0.000000000e+00 0.000000000e+00 -3.572943031e-04 8.000000000e+00 8.000000000e+00 0.000000000e+00 1.500000000e+01 1.500000000e+01 3.572943032e-04 
d 0.000000000e+00 0.000000000e+00 -3.745603111e-04 8.100000000e+00 8.100000000e+00 0.000000000e+00 1.500000000e+01 1.500000000e+01 3.745603111e-04 
d 0.000000000e+00 0.000000000e+00 -3.902397378e-04 8.200000000e+00 8.200000000e+00 0.000000000e+00 1.500000000e+01 1.500000000e+01 3.902397378e-04 
d 0.000000000e+00 0.000000000e+00 -4.041817513e-04 8.300000000e+00 8.300000000e+00 0.000000000e+00 1.500000000e+01 1.500000000e+01 4.041817513e-04 
d 0.000000000e+00 0.000000000e+00 -4.167259466e-04 8.400000000e+00 8.400000000e+00 0.000000000e+00 1.500000000e+01 1.500000000e+01 4.167259466e-04 
d 0.000000000e+00 0.000000000e+00 -4.281388182e-04 8.500000000e+00 8.500000000e+00 0.000000000e+00 1.500000000e+01 1.500000000e+01 4.281388182e-04 
d 0.000000000e+00 0.000000000e+00 -4.386180963e-04 8.600000000e+00 8.600000000e+00 0.000000000e+00 1.500000000e+01 1.500000000e+01 4.386180963e-04 
d 0.000000000e+00 0.000000000e+00 -4.483137393e-04 8.700000000e+00 8.700000000e+00 0.000000000e+00 1.500000000e+01 1.500000000e+01 4.483137393e-04 
d 0.000000000e+00 0.000000000e+00 -4.573405320e-04 8.800000000e+00 8.800000000e+00 0.000000000e+00 1.500000000e+01 1.500000000e+01 4.573405320e-04 
d 0.000000000e+00 0.000000000e+00 -4.657907993e-04 8.900000000e+00 8.900000000e+00 0.000000000e+00 1.500000000e+01 1.500000000e+01 4.657907993e-04 
d 0.000000000e+00 0.000000000e+00 -4.737371417e-04 9.000000000e+00 9.000000000e+00 0.000000000e+00 1.500000000e+01 1.500000000e+01 4.737371417e-04 
d 0.000000000e+00 0.000000000e+00 -4.812395163e-04 9.100000000e+00 9.100000000e+00 0.000000000e+00 1.500000000e+01 1.500000000e+01 4.812395163e-04 
d 0.000000000e+00 0.000000000e+00 -4.883465436e-04 9.200000000e+00 9.200000000e+00 0.000000000e+00 1.500000000e+01 1.500000000e+01 4.883465436e-04 
d 0.000000000e+00 0.000000000e+00 -4.951009271e-04 9.300000000e+00 9.300000000e+00 0.000000000e+00 1.500000000e+01 1.500000000e+01 4.951009271e-04 
d 0.000000000e+00 0.000000000e+00 -5.015338091e-04 9.400000000e+00 9.400000000e+00 0.000000000e+00 1.500000000e+01 1.500000000e+01 5.015338091e-04 
d 0.000000000e+00 0.000000000e+00 -5.076785172e-04 9.500000000e+00 9.500000000e+00 0.000000000e+00 1.500000000e+01 1.500000000e+01 5.076785172e-04 
d 0.000000000e+00 0.000000000e+00 -5.135578971e-04 9.600000000e+00 9.600000000e+00 0.000000000e+00 1.500000000e+01 1.500000000e+01 5.135578971e-04 
d 0.000000000e+00 0.000000000e+00 -5.191929808e-04 9.700000000e+00 9.700000000e+00 0.000000000e+00 1.500000000e+01 1.500000000e+01 5.191929808e-04 
d 0.000000000e+00 0.000000000e+00 -5.246054825e-04 9.800000000e+00 9.800000000e+00 0.000000000e+00 1.500000000e+01 1.500000000e+01 5.246054824e-04 
d 0.000000000e+00 0.000000000e+00 -5.298112530e-04 9.900000000e+00 9.900000000e+00 0.000000000e+00 1.500000000e+01 1.500000000e+01 5.298112530e-04 
d 0.000000000e+00 0.000000000e+00 -5.348240286e-04 1.000000000e+01 1.000000000e+01 0.000000000e+00 1.500000000e+01 1.500000000e+01 5.348240286e-04 
d 0.000000000e+00 0.000000000e+00 -5.396580712e-04 1.010000000e+01 1.010000000e+01 0.000000000e+00 1.500000000e+01 1.500000000e+01 5.396580713e-04 
d 0.000000000e+00 0.000000000e+00 -5.443266278e-04 1.020000000e+01 1.020000000e+01 0.000000000e+00 1.500000000e+01 1.500000000e+01 5.443266278e-04 
d 0.000000000e+00 0.000000000e+00 -5.488415314e-04 1.030000000e+01 1.030000000e+01 0.000000000e+00 1.500000000e+01 1.500000000e+01 5.488415314e-04 
d 0.000000000e+00 0.000000000e+00 -5.532136296e-04 1.040000000e+01 1.040000000e+01 0.000000000e+00 1.500000000e+01 1.500000000e+01 5.532136296e-04 
d 0.000000000e+00 0.000000000e+00 -5.574529133e-04 1.050000000e+01 1.050000000e+01 0.000000000e+00 1.500000000e+01 1.500000000e+01 5.574529133e-04 
d 0.000000000e+00 0.000000000e+00 -5.615680297e-04 1.060000000e+01 1.060000000e+01 0.000000000e+00 1.500000000e+01 1.500000000e+01 5.615680297e-04 
d 0.000000000e+00 0.000000000e+00 -5.655652774e-04 1.070000000e+01 1.070000000e+01 0.000000000e+00 1.500000000e+01 1.500000000e+01 5.655652774e-04 
d 0.000000000e+00 0.000000000e+00 -5.694496888e-04 1.080000000e+01 1.080000000e+01 0.000000000e+00 1.500000000e+01 1.500000000e+01 5.694496888e-04 
d 0.000000000e+00 0.000000000e+00 -5.732257948e-04 1.090000000e+01 1.090000000e+01 0.000000000e+00 1.500000000e+01 1.500000000e+01 5.732257948e-04 
d 0.000000000e+00 0.000000000e+00 -5.768977069e-04 1.100000000e+01 1.100000000e+01 0.000000000e+00 1.500000000e+01 1.500000000e+01 5.768977069e-04 
d 0.000000000e+00 0.000000000e+00 -5.804701987e-04 1.110000000e+01 1.110000000e+01 0.000000000e+00 1.500000000e+01 1.500000000e+01 5.804701987e-04 
d 0.000000000e+00 0.000000000e+00 -5.839488033e-04 1.120000000e+01 1.120000000e+01 0.000000000e+00 1.500000000e+01 1.500000000e+01 5.839488033e-04 
d 0.000000000e+00 0.000000000e+00 -5.873389592e-04 1.130000000e+01 1.130000000e+01 0.000000000e+00 1.500000000e+01 1.500000000e+01 5.873389592e-04 
d 0.000000000e+00 0.000000000e+00 -5.906457219e-04 1.140000000e+01 1.140000000e+01 0.000000000e+00 1.500000000e+01 1.500000000e+01 5.906457219e-04 
d 0.000000000e+00 0.000000000e+00 -5.938732545e-04 1.150000000e+01 1.150000000e+01 0.000000000e+00 1.500000000e+01 1.500000000e+01 5.938732545e-04 
d 0.000000000e+00 0.000000000e+00 -5.970241598e-04 1.160000000e+01 1.160000000e+01 0.000000000e+00 1.500000000e+01 1.500000000e+01 5.970241598e-04 
d 0.000000000e+00 0.000000000e+00 -6.001001068e-04 1.170000000e+01 1.170000000e+01 0.000000000e+00 1.500000000e+01 1.500000000e+01 6.001001068e-04 
d 0.000000000e+00 0.000000000e+00 -6.031033762e-04 1.180000000e+01 1.180000000e+01 0.000000000e+00 1.500000000e+01 1.500000000e+01 6.031033762e-04 
d 0.000000000e+00 0.000000000e+00 -6.060374992e-04 1.190000000e+01 1.190000000e+01 0.000000000e+00 1.500000000e+01 1.500000000e+01 6.060374992e-04 
d 0.000000000e+00 0.000000000e+00 -6.089067699e-04 1.200000000e+01 1.200000000e+01 0.000000000e+00 1.500000000e+01 1.500000000e+01 6.089067699e-04 
d 0.000000000e+00 0.000000000e+00 -6.117156672e-04 1.210000000e+01 1.210000000e+01 0.000000000e+00 1.500000000e+01 1.500000000e+01 6.117156672e-04 
d 0.000000000e+00 0.000000000e+00 -6.144683604e-04 1.220000000e+01 1.220000000e+01 0.000000000e+00 1.500000000e+01 1.500000000e+01 6.144683604e-04 
d 0.000000000e+00 0.000000000e+00 -6.171680471e-04 1.230000000e+01 1.230000000e+01 0.000000000e+00 1.500000000e+01 1.500000000e+01 6.171680471e-04 
d 0.000000000e+00 0.000000000e+00 -6.198164343e-04 1.240000000e+01 1.240000000e+01 0.000000000e+00 1.500000000e+01 1.500000000e+01 6.198164343e-04 
d 0.000000000e+00 0.000000000e+00 -6.224138992e-04 1.250000000e+01 1.250000000e+01 0.000000000e+00 1.500000000e+01 1.500000000e+01 6.224138992e-04 
d 0.000000000e+00 0.000000000e+00 -6.249603928e-04 1.260000000e+01 1.260000000e+01 0.000000000e+00 1.500000000e+01 1.500000000e+01 6.249603928e-04 
d 0.000000000e+00 0.000000000e+00 -6.274564486e-04 1.270000000e+01 1.270000000e+01 0.000000000e+00 1.500000000e+01 1.500000000e+01 6.274564486e-04 
d 0.000000000e+00 0.000000000e+00 -6.299035959e-04 1.280000000e+01 1.280000000e+01 0.000000000e+00 1.500000000e+01 1.500000000e+01 6.299035959e-04 
d 0.000000000e+00 0.000000000e+00 -6.323041892e-04 1.290000000e+01 1.290000000e+01 0.000000000e+00 1.500000000e+01 1.500000000e+01 6.323041892e-04 
d 0.000000000e+00 0.000000000e+00 -6.346610752e-04 1.300000000e+01 1.300000000e+01 0.000000000e+00 1.500000000e+01 1.500000000e+01 6.346610752e-04 
d 0.000000000e+00 0.000000000e+00 -6.369772609e-04 1.310000000e+01 1.310000000e+01 0.000000000e+00 1.500000000e+01 1.500000000e+01 6.369772609e-04 
d 0.000000000e+00 0.000000000e+00 -6.392555352e-04 1.320000000e+01 1.320000000e+01 0.000000000e+00 1.500000000e+01 1.500000000e+01 6.392555352e-04 
d 0.000000000e+00 0.000000000e+00 -6.414980675e-04 1.330000000e+01 1.330000000e+01 0.000000000e+00 1.500000000e+01 1.500000000e+01 6.414980675e-04 
d 0.000000000e+00 0.000000000e+00 -6.437061114e-04 1.340000000e+01 1.340000000e+01 0.000000000e+00 1.500000000e+01 1.500000000e+01 6.437061114e-04 
d 0.000000000e+00 0.000000000e+00 -6.458799457e-04 1.350000000e+01 1.350000000e+01 0.000000000e+00 1.500000000e+01 1.500000000e+01 6.458799457e-04 
d 0.000000000e+00 0.000000000e+00 -6.480191367e-04 1.360000000e+01 1.360000000e+01 0.000000000e+00 1.500000000e+01 1.500000000e+01 6.480191367e-04 
d 0.000000000e+00 0.000000000e+00 -6.501230702e-04 1.370000000e+01 1.370000000e+01 0.000000000e+00 1.500000000e+01 1.500000000e+01 6.501230702e-04 
d 0.000000000e+00 0.000000000e+00 -6.521915079e-04 1.380000000e+01 1.380000000e+01 0.000000000e+00 1.500000000e+01 1.500000000e+01 6.521915079e-04 
d 0.000000000e+00 0.000000000e+00 -6.542248906e-04 1.390000000e+01 1.390000000e+01 0.000000000e+00 1.500000000e+01 1.500000000e+01 6.542248906e-04 
d 0.000000000e+00 0.000000000e+00 -6.562243251e-04 1.400000000e+01 1.400000000e+01 0.000000000e+00 1.500000000e+01 1.500000000e+01 6.562243251e-04 
d 0.000000000e+00 0.000000000e+00 -6.581914023e-04 1.410000000e+01 1.410000000e+01 0.000000000e+00 1.500000000e+01 1.500000000e+01 6.581914023e-04 
d 0.000000000e+00 0.000000000e+00 -6.601279863e-04 1.420000000e+01 1.420000000e+01 0.000000000e+00 1.500000000e+01 1.500000000e+01 6.601279863e-04 
d 0.000000000e+00 0.000000000e+00 -6.620360090e-04 1.430000000e+01 1.430000000e+01 0.000000000e+00 1.500000000e+01 1.500000000e+01 6.620360090e-04 
d 0.000000000e+00 0.000000000e+00 -6.639172629e-04 1.440000000e+01 1.440000000e+01 0.000000000e+00 1.500000000e+01 1.500000000e+01 6.639172629e-04 
d 0.000000000e+00 0.000000000e+00 -6.657731888e-04 1.450000000e+01 1.450000000e+01 0.000000000e+00 1.500000000e+01 1.500000000e+01 6.657731888e-04 
d 0.000000000e+00 0.000000000e+00 -6.676046656e-04 1.460000000e+01 1.460000000e+01 0.000000000e+00 1.500000000e+01 1.500000000e+01 6.676046656e-04 
d 0.000000000e+00 0.000000000e+00 -6.694118098e-04 1.470000000e+01 1.470000000e+01 0.000000000e+00 1.500000000e+01 1.500000000e+01 6.694118098e-04 
d 0.000000000e+00 0.000000000e+00 -6.711938016e-04 1.480000000e+01 1.480000000e+01 0.000000000e+00 1.500000000e+01 1.500000000e+01 6.711938016e-04 
d 0.000000000e+00 0.000000000e+00 -6.729487540e-04 1.490000000e+01 1.490000000e+01 0.000000000e+00 1.500000000e+01 1.500000000e+01 6.729487540e-04 
d 0.000000000e+00 0.000000000e+00 -6.746736331e-04 1.500000000e+01 1.500000000e+01 0.000000000e+00 1.500000000e+01 1.500000000e+01 6.746736331e-04 
d 0.000000000e+00 0.000000000e+00 -6.763641991e-04 1.510000000e+01 1.510000000e+01 0.000000000e+00 1.500000000e+01 1.500000000e+01 6.763641991e-04 
d 0.000000000e+00 0.000000000e+00 -6.780149034e-04 1.520000000e+01 1.520000000e+01 0.000000000e+00 1.500000000e+01 1.500000000e+01 6.780149034e-04 
d 0.000000000e+00 0.000000000e+00 -6.796187241e-04 1.530000000e+01 1.530000000e+01 0.000000000e+00 1.500000000e+01 1.500000000e+01 6.796187241e-04 
d 0.000000000e+00 0.000000000e+00 -6.811671505e-04 1.540000000e+01 1.540000000e+01 0.000000000e+00 1.500000000e+01 1.500000000e+01 6.811671505e-04 
d 0.000000000e+00 0.000000000e+00 -6.826508718e-04 1.550000000e+01 1.550000000e+01 0.000000000e+00 1.500000000e+01 1.500000000e+01 6.826508718e-04 
d 0.000000000e+00 0.000000000e+00 -6.840617995e-04 1.560000000e+01 1.560000000e+01 0.000000000e+00 1.500000000e+01 1.500000000e+01 6.840617995e-04 
d 0.000000000e+00 0.000000000e+00 -6.853961911e-04 1.570000000e+01 1.570000000e+01 0.000000000e+00 1.500000000e+01 1.500000000e+01 6.853961911e-04 
d 0.000000000e+00 0.000000000e+00 -6.866569897e-04 1.580000000e+01 1.580000000e+01 0.000000000e+00 1.500000000e+01 1.500000000e+01 6.866569897e-04 
d 0.000000000e+00 0.000000000e+00 -6.878532913e-04 1.590000000e+01 1.590000000e+01 0.000000000e+00 1.500000000e+01 1.500000000e+01 6.878532914e-04 
d 0.000000000e+00 0.000000000e+00 -6.889972950e-04 1.600000000e+01 1.600000000e+01 0.000000000e+00 1.500000000e+01 1.500000000e+01 6.889972950e-04 
d 0.000000000e+00 0.000000000e+00 -6.901010867e-04 1.610000000e+01 1.610000000e+01 0.000000000e+00 1.500000000e+01 1.500000000e+01 6.901010867e-04 
d 0.000000000e+00 0.000000000e+00 -6.911748303e-04 1.620000000e+01 1.620000000e+01 0.000000000e+00 1.500000000e+01 1.500000000e+01 6.911748303e-04 
d 0.000000000e+00 0.000000000e+00 -6.922263178e-04 1.630000000e+01 1.630000000e+01 0.000000000e+00 1.500000000e+01 1.500000000e+01 6.922263178e-04 
d 0.000000000e+00 0.000000000e+00 -6.932612213e-04 1.640000000e+01 1.640000000e+01 0.000000000e+00 1.500000000e+01 1.500000000e+01 6.932612213e-04 
d 0.000000000e+00 0.000000000e+00 -6.942835435e-04 1.650000000e+01 1.650000000e+01 0.000000000e+00 1.500000000e+01 1.500000000e+01 6.942835436e-04 
d 0.000000000e+00 0.000000000e+00 -6.952960385e-04 1.660000000e+01 1.660000000e+01 0.000000000e+00 1.500000000e+01 1.500000000e+01 6.952960385e-04 
d 0.000000000e+00 0.000000000e+00 -6.963005398e-04 1.670000000e+01 1.670000000e+01 0.000000000e+00 1.500000000e+01 1.500000000e+01 6.963005398e-04 
d 0.000000000e+00 0.000000000e+00 -6.972982019e-04 1.680000000e+01 1.680000000e+01 0.000000000e+00 1.500000000e+01 1.500000000e+01 6.972982019e-04 
d 0.000000000e+00 0.000000000e+00 -6.982896750e-04 1.690000000e+01 1.690000000e+01 0.000000000e+00 1.500000000e+01 1.500000000e+01 6.982896750e-04 
d 0.000000000e+00 0.000000000e+00 -6.992752402e-04 1.700000000e+01 1.700000000e+01 0.000000000e+00 1.500000000e+01 1.500000000e+01 6.992752402e-04 
d 0.000000000e+00 0.000000000e+00 -7.002549202e-04 1.710000000e+01 1.710000000e+01 0.000000000e+00 1.500000000e+01 1.500000000e+01 7.002549202e-04 
d 0.000000000e+00 0.000000000e+00 -7.012285786e-04 1.720000000e+01 1.720000000e+01 0.000000000e+00 1.500000000e+01 1.500000000e+01 7.012285787e-04 
d 0.000000000e+00 0.000000000e+00 -7.021960088e-04 1.730000000e+01 1.730000000e+01 0.000000000e+00 1.500000000e+01 1.500000000e+01 7.021960088e-04 
d 0.000000000e+00 0.000000000e+00 -7.031570084e-04 1.740000000e+01 1.740000000e+01 0.000000000e+00 1.500000000e+01 1.500000000e+01 7.031570084e-04 
d 0.000000000e+00 0.000000000e+00 -7.041114343e-04 1.750000000e+01 1.750000000e+01 0.000000000e+00 1.500000000e+01 1.500000000e+01 7.041114343e-04 
d 0.000000000e+00 0.000000000e+00 -7.050592321e-04 1.760000000e+01 1.760000000e+01 0.000000000e+00 1.500000000e+01 1.500000000e+01 7.050592321e-04 
d 0.000000000e+00 0.000000000e+00 -7.060004444e-04 1.770000000e+01 1.770000000e+01 0.000000000e+00 1.500000000e+01 1.500000000e+01 7.060004444e-04 
d 0.000000000e+00 0.000000000e+00 -7.069352022e-04 1.780000000e+01 1.780000000e+01 0.000000000e+00 1.500000000e+01 1.500000000e+01 7.069352022e-04 
d 0.000000000e+00 0.000000000e+00 -7.078637088e-04 1.790000000e+01 1.790000000e+01 0.000000000e+00 1.500000000e+01 1.500000000e+01 7.078637088e-04 
d 0.000000000e+00 0.000000000e+00 -7.087862213e-04 1.800000000e+01 1.800000000e+01 0.000000000e+00 1.500000000e+01 1.500000000e+01 7.087862213e-04 
d 0.000000000e+00 0.000000000e+00 -7.097030335e-04 1.810000000e+01 1.810000000e+01 0.000000000e+00 1.500000000e+01 1.500000000e+01 7.097030335e-04 
d 0.000000000e+00 0.000000000e+00 -7.106144619e-04 1.820000000e+01 1.820000000e+01 0.000000000e+00 1.500000000e+01 1.500000000e+01 7.106144619e-04 
d 0.000000000e+00 0.000000000e+00 -7.115208337e-04 1.830000000e+01 1.830000000e+01 0.000000000e+00 1.500000000e+01 1.500000000e+01 7.115208337e-04 
d 0.000000000e+00 0.000000000e+00 -7.124224773e-04 1.840000000e+01 1.840000000e+01 0.000000000e+00 1.500000000e+01 1.500000000e+01 7.124224773e-04 
d 0.000000000e+00 0.000000000e+00 -7.133197141e-04 1.850000000e+01 1.850000000e+01 0.000000000e+00 1.500000000e+01 1.500000000e+01 7.133197141e-04 
d 0.000000000e+00 0.000000000e+00 -7.142128511e-04 1.860000000e+01 1.860000000e+01 0.000000000e+00 1.500000000e+01 1.500000000e+01 7.142128511e-04 
d 0.000000000e+00 0.000000000e+00 -7.151021752e-04 1.870000000e+01 1.870000000e+01 0.000000000e+00 1.500000000e+01 1.500000000e+01 7.151021752e-04 
d 0.000000000e+00 0.000000000e+00 -7.159879485e-04 1.880000000e+01 1.880000000e+01 0.000000000e+00 1.500000000e+01 1.500000000e+01 7.159879485e-04 
d 0.000000000e+00 0.000000000e+00 -7.168704038e-04 1.890000000e+01 1.890000000e+01 0.000000000e+00 1.500000000e+01 1.500000000e+01 7.168704038e-04 
d 0.000000000e+00 0.000000000e+00 -7.177497414e-04 1.900000000e+01 1.900000000e+01 0.000000000e+00 1.500000000e+01 1.500000000e+01 7.177497414e-04 
d 0.000000000e+00 0.000000000e+00 -7.186261262e-04 1.910000000e+01 1.910000000e+01 0.000000000e+00 1.500000000e+01 1.500000000e+01 7.186261262e-04 
d 0.000000000e+00 0.000000000e+00 -7.194996846e-04 1.920000000e+01 1.920000000e+01 0.000000000e+00 1.500000000e+01 1.500000000e+01 7.194996846e-04 
d 0.000000000e+00 0.000000000e+00 -7.203705021e-04 1.930000000e+01 1.930000000e+01 0.000000000e+00 1.500000000e+01 1.500000000e+01 7.203705021e-04 
d 0.000000000e+00 0.000000000e+00 -7.212386199e-04 1.940000000e+01 1.940000000e+01 0.000000000e+00 1.500000000e+01 1.500000000e+01 7.212386199e-04 
d 0.000000000e+00 0.000000000e+00 -7.221040324e-04 1.950000000e+01 1.950000000e+01 0.000000000e+00 1.500000000e+01 1.500000000e+01 7.221040324e-04 
d 0.000000000e+00 0.000000000e+00 -7.229666836e-04 1.960000000e+01 1.960000000e+01 0.000000000e+00 1.500000000e+01 1.500000000e+01 7.229666836e-04 
d 0.000000000e+00 0.000000000e+00 -7.238264647e-04 1.970000000e+01 1.970000000e+01 0.000000000e+00 1.500000000e+01 1.500000000e+01 7.238264647e-04 
d 0.000000000e+00 0.000000000e+00 -7.246832125e-04 1.980000000e+01 1.980000000e+01 0.000000000e+00 1.500000000e+01 1.500000000e+01 7.246832125e-04 
d 0.000000000e+00 0.000000000e+00 -7.255367101e-04 1.990000000e+01 1.990000000e+01 0.000000000e+00 1.500000000e+01 1.500000000e+01 7.255367101e-04 
d 0.000000000e+00 0.000000000e+00 -7.263866906e-04 2.000000000e+01 2.000000000e+01 0.000000000e+00 1.500000000e+01 1.500000000e+01 7.263866906e-04 
