v ATLAS
# This file was created by ATLAS version 5.38.0.R on Tue Jul 28 14:00:40 2026.
#SSF 2.0 generic
##############################################################################
#                    Copyright (c) 1984 - 2024                               #
#                    Silvaco Inc. All rights reserved                        #
#                                                                            #
# This file format and the following Key are copyright Silvaco Inc.          #
# You may not use, this format or key without reproducing this message in    #
# full and obtaining express written permission from Silvaco Inc.            #
#                                                                            #
# To obtain such permission please contact: Silvaco Inc.                     #
#                                           support@silvaco.com              #
#                                                                            #
# KEY=SVC86hn7562asdx                       PROD=345                         #
##############################################################################
y 3 700 711 15
z 2 0.03 300
f 3 "source" "gate" "drain" 
p 9 2 601 20 3 602 21 4 603 22 
d 0.000000000e+00 0.000000000e+00 -2.270905520e-12 0.000000000e+00 0.000000000e+00 0.000000000e+00 3.000000000e+01 3.000000000e+01 2.272165518e-12 
d 0.000000000e+00 0.000000000e+00 -4.408521039e-12 1.000000000e-01 1.000000000e-01 0.000000000e+00 3.000000000e+01 3.000000000e+01 4.412621616e-12 
d 0.000000000e+00 0.000000000e+00 -8.469411487e-12 2.000000000e-01 2.000000000e-01 0.000000000e+00 3.000000000e+01 3.000000000e+01 8.467223498e-12 
d 0.000000000e+00 0.000000000e+00 -1.603282370e-11 3.000000000e-01 3.000000000e-01 0.000000000e+00 3.000000000e+01 3.000000000e+01 1.604078337e-11 
d 0.000000000e+00 0.000000000e+00 -2.985402412e-11 4.000000000e-01 4.000000000e-01 0.000000000e+00 3.000000000e+01 3.000000000e+01 2.985270306e-11 
d 0.000000000e+00 0.000000000e+00 -5.458055636e-11 5.000000000e-01 5.000000000e-01 0.000000000e+00 3.000000000e+01 3.000000000e+01 5.457397365e-11 
d 0.000000000e+00 0.000000000e+00 -9.797465032e-11 6.000000000e-01 6.000000000e-01 0.000000000e+00 3.000000000e+01 3.000000000e+01 9.796943790e-11 
d 0.000000000e+00 0.000000000e+00 -1.716630615e-10 7.000000000e-01 7.000000000e-01 0.000000000e+00 3.000000000e+01 3.000000000e+01 1.716624506e-10 
d 0.000000000e+00 0.000000000e+00 -2.920915219e-10 8.000000000e-01 8.000000000e-01 0.000000000e+00 3.000000000e+01 3.000000000e+01 2.920981017e-10 
d 0.000000000e+00 0.000000000e+00 -4.877859116e-10 9.000000000e-01 9.000000000e-01 0.000000000e+00 3.000000000e+01 3.000000000e+01 4.877859803e-10 
d 0.000000000e+00 0.000000000e+00 -8.153254461e-10 1.000000000e+00 1.000000000e+00 0.000000000e+00 3.000000000e+01 3.000000000e+01 8.153279460e-10 
d 0.000000000e+00 0.000000000e+00 -1.372617378e-09 1.100000000e+00 1.100000000e+00 0.000000000e+00 3.000000000e+01 3.000000000e+01 1.372624113e-09 
d 0.000000000e+00 0.000000000e+00 -2.301149651e-09 1.200000000e+00 1.200000000e+00 0.000000000e+00 3.000000000e+01 3.000000000e+01 2.301168816e-09 
d 0.000000000e+00 0.000000000e+00 -3.802612496e-09 1.300000000e+00 1.300000000e+00 0.000000000e+00 3.000000000e+01 3.000000000e+01 3.802598636e-09 
d 0.000000000e+00 0.000000000e+00 -6.157693954e-09 1.400000000e+00 1.400000000e+00 0.000000000e+00 3.000000000e+01 3.000000000e+01 6.157695872e-09 
d 0.000000000e+00 0.000000000e+00 -9.621782763e-09 1.500000000e+00 1.500000000e+00 0.000000000e+00 3.000000000e+01 3.000000000e+01 9.621774687e-09 
d 0.000000000e+00 0.000000000e+00 -1.423055780e-08 1.600000000e+00 1.600000000e+00 0.000000000e+00 3.000000000e+01 3.000000000e+01 1.423057325e-08 
d 0.000000000e+00 0.000000000e+00 -1.977351163e-08 1.700000000e+00 1.700000000e+00 0.000000000e+00 3.000000000e+01 3.000000000e+01 1.977352480e-08 
d 0.000000000e+00 0.000000000e+00 -2.603600619e-08 1.800000000e+00 1.800000000e+00 0.000000000e+00 3.000000000e+01 3.000000000e+01 2.603602402e-08 
d 0.000000000e+00 0.000000000e+00 -3.320268774e-08 1.900000000e+00 1.900000000e+00 0.000000000e+00 3.000000000e+01 3.000000000e+01 3.320267234e-08 
d 0.000000000e+00 0.000000000e+00 -4.213121963e-08 2.000000000e+00 2.000000000e+00 0.000000000e+00 3.000000000e+01 3.000000000e+01 4.213122592e-08 
d 0.000000000e+00 0.000000000e+00 -5.435452861e-08 2.100000000e+00 2.100000000e+00 0.000000000e+00 3.000000000e+01 3.000000000e+01 5.435453606e-08 
d 0.000000000e+00 0.000000000e+00 -7.183032817e-08 2.200000000e+00 2.200000000e+00 0.000000000e+00 3.000000000e+01 3.000000000e+01 7.183033492e-08 
d 0.000000000e+00 0.000000000e+00 -9.662805093e-08 2.300000000e+00 2.300000000e+00 0.000000000e+00 3.000000000e+01 3.000000000e+01 9.662806879e-08 
d 0.000000000e+00 0.000000000e+00 -1.312752015e-07 2.400000000e+00 2.400000000e+00 0.000000000e+00 3.000000000e+01 3.000000000e+01 1.312752142e-07 
d 0.000000000e+00 0.000000000e+00 -1.802821338e-07 2.500000000e+00 2.500000000e+00 0.000000000e+00 3.000000000e+01 3.000000000e+01 1.802821203e-07 
d 0.000000000e+00 0.000000000e+00 -2.520007517e-07 2.600000000e+00 2.600000000e+00 0.000000000e+00 3.000000000e+01 3.000000000e+01 2.520007462e-07 
d 0.000000000e+00 0.000000000e+00 -3.591173513e-07 2.700000000e+00 2.700000000e+00 0.000000000e+00 3.000000000e+01 3.000000000e+01 3.591173550e-07 
d 0.000000000e+00 0.000000000e+00 -5.161221599e-07 2.800000000e+00 2.800000000e+00 0.000000000e+00 3.000000000e+01 3.000000000e+01 5.161221526e-07 
d 0.000000000e+00 0.000000000e+00 -7.340124530e-07 2.900000000e+00 2.900000000e+00 0.000000000e+00 3.000000000e+01 3.000000000e+01 7.340124477e-07 
d 0.000000000e+00 0.000000000e+00 -1.016754820e-06 3.000000000e+00 3.000000000e+00 0.000000000e+00 3.000000000e+01 3.000000000e+01 1.016754819e-06 
d 0.000000000e+00 0.000000000e+00 -1.362256272e-06 3.100000000e+00 3.100000000e+00 0.000000000e+00 3.000000000e+01 3.000000000e+01 1.362256263e-06 
d 0.000000000e+00 0.000000000e+00 -1.762390221e-06 3.200000000e+00 3.200000000e+00 0.000000000e+00 3.000000000e+01 3.000000000e+01 1.762390214e-06 
d 0.000000000e+00 0.000000000e+00 -2.200682918e-06 3.300000000e+00 3.300000000e+00 0.000000000e+00 3.000000000e+01 3.000000000e+01 2.200682932e-06 
d 0.000000000e+00 0.000000000e+00 -2.655439351e-06 3.400000000e+00 3.400000000e+00 0.000000000e+00 3.000000000e+01 3.000000000e+01 2.655439342e-06 
d 0.000000000e+00 0.000000000e+00 -3.108248096e-06 3.500000000e+00 3.500000000e+00 0.000000000e+00 3.000000000e+01 3.000000000e+01 3.108248087e-06 
d 0.000000000e+00 0.000000000e+00 -3.549509737e-06 3.600000000e+00 3.600000000e+00 0.000000000e+00 3.000000000e+01 3.000000000e+01 3.549509732e-06 
d 0.000000000e+00 0.000000000e+00 -3.978274759e-06 3.700000000e+00 3.700000000e+00 0.000000000e+00 3.000000000e+01 3.000000000e+01 3.978274752e-06 
d 0.000000000e+00 0.000000000e+00 -4.398958969e-06 3.800000000e+00 3.800000000e+00 0.000000000e+00 3.000000000e+01 3.000000000e+01 4.398958984e-06 
d 0.000000000e+00 0.000000000e+00 -4.817031938e-06 3.900000000e+00 3.900000000e+00 0.000000000e+00 3.000000000e+01 3.000000000e+01 4.817031957e-06 
d 0.000000000e+00 0.000000000e+00 -5.235000095e-06 4.000000000e+00 4.000000000e+00 0.000000000e+00 3.000000000e+01 3.000000000e+01 5.235000081e-06 
d 0.000000000e+00 0.000000000e+00 -5.650494272e-06 4.100000000e+00 4.100000000e+00 0.000000000e+00 3.000000000e+01 3.000000000e+01 5.650494282e-06 
d 0.000000000e+00 0.000000000e+00 -6.057583474e-06 4.200000000e+00 4.200000000e+00 0.000000000e+00 3.000000000e+01 3.000000000e+01 6.057583458e-06 
d 0.000000000e+00 0.000000000e+00 -6.450059309e-06 4.300000000e+00 4.300000000e+00 0.000000000e+00 3.000000000e+01 3.000000000e+01 6.450059321e-06 
d 0.000000000e+00 0.000000000e+00 -6.824364013e-06 4.400000000e+00 4.400000000e+00 0.000000000e+00 3.000000000e+01 3.000000000e+01 6.824364013e-06 
d 0.000000000e+00 0.000000000e+00 -7.181159418e-06 4.500000000e+00 4.500000000e+00 0.000000000e+00 3.000000000e+01 3.000000000e+01 7.181159406e-06 
d 0.000000000e+00 0.000000000e+00 -7.526056513e-06 4.600000000e+00 4.600000000e+00 0.000000000e+00 3.000000000e+01 3.000000000e+01 7.526056526e-06 
d 0.000000000e+00 0.000000000e+00 -7.870420895e-06 4.700000000e+00 4.700000000e+00 0.000000000e+00 3.000000000e+01 3.000000000e+01 7.870420894e-06 
d 0.000000000e+00 0.000000000e+00 -8.232924114e-06 4.800000000e+00 4.800000000e+00 0.000000000e+00 3.000000000e+01 3.000000000e+01 8.232924100e-06 
d 0.000000000e+00 0.000000000e+00 -8.642232389e-06 4.900000000e+00 4.900000000e+00 0.000000000e+00 3.000000000e+01 3.000000000e+01 8.642232398e-06 
d 0.000000000e+00 0.000000000e+00 -9.140999552e-06 5.000000000e+00 5.000000000e+00 0.000000000e+00 3.000000000e+01 3.000000000e+01 9.140999554e-06 
d 0.000000000e+00 0.000000000e+00 -9.790934040e-06 5.100000000e+00 5.100000000e+00 0.000000000e+00 3.000000000e+01 3.000000000e+01 9.790934028e-06 
d 0.000000000e+00 0.000000000e+00 -1.067779003e-05 5.200000000e+00 5.200000000e+00 0.000000000e+00 3.000000000e+01 3.000000000e+01 1.067779001e-05 
d 0.000000000e+00 0.000000000e+00 -1.191342602e-05 5.300000000e+00 5.300000000e+00 0.000000000e+00 3.000000000e+01 3.000000000e+01 1.191342601e-05 
d 0.000000000e+00 0.000000000e+00 -1.363004263e-05 5.400000000e+00 5.400000000e+00 0.000000000e+00 3.000000000e+01 3.000000000e+01 1.363004262e-05 
d 0.000000000e+00 0.000000000e+00 -1.596160459e-05 5.500000000e+00 5.500000000e+00 0.000000000e+00 3.000000000e+01 3.000000000e+01 1.596160461e-05 
d 0.000000000e+00 0.000000000e+00 -1.901287718e-05 5.600000000e+00 5.600000000e+00 0.000000000e+00 3.000000000e+01 3.000000000e+01 1.901287716e-05 
d 0.000000000e+00 0.000000000e+00 -2.282730756e-05 5.700000000e+00 5.700000000e+00 0.000000000e+00 3.000000000e+01 3.000000000e+01 2.282730757e-05 
d 0.000000000e+00 0.000000000e+00 -2.737160705e-05 5.800000000e+00 5.800000000e+00 0.000000000e+00 3.000000000e+01 3.000000000e+01 2.737160703e-05 
d 0.000000000e+00 0.000000000e+00 -3.254670275e-05 5.900000000e+00 5.900000000e+00 0.000000000e+00 3.000000000e+01 3.000000000e+01 3.254670275e-05 
d 0.000000000e+00 0.000000000e+00 -3.821750684e-05 6.000000000e+00 6.000000000e+00 0.000000000e+00 3.000000000e+01 3.000000000e+01 3.821750683e-05 
d 0.000000000e+00 0.000000000e+00 -4.424496860e-05 6.100000000e+00 6.100000000e+00 0.000000000e+00 3.000000000e+01 3.000000000e+01 4.424496861e-05 
d 0.000000000e+00 0.000000000e+00 -5.050864284e-05 6.200000000e+00 6.200000000e+00 0.000000000e+00 3.000000000e+01 3.000000000e+01 5.050864283e-05 
d 0.000000000e+00 0.000000000e+00 -5.691742002e-05 6.300000000e+00 6.300000000e+00 0.000000000e+00 3.000000000e+01 3.000000000e+01 5.691742002e-05 
d 0.000000000e+00 0.000000000e+00 -6.341177420e-05 6.400000000e+00 6.400000000e+00 0.000000000e+00 3.000000000e+01 3.000000000e+01 6.341177420e-05 
d 0.000000000e+00 0.000000000e+00 -6.996196277e-05 6.500000000e+00 6.500000000e+00 0.000000000e+00 3.000000000e+01 3.000000000e+01 6.996196278e-05 
d 0.000000000e+00 0.000000000e+00 -7.656550416e-05 6.600000000e+00 6.600000000e+00 0.000000000e+00 3.000000000e+01 3.000000000e+01 7.656550415e-05 
d 0.000000000e+00 0.000000000e+00 -8.324583291e-05 6.700000000e+00 6.700000000e+00 0.000000000e+00 3.000000000e+01 3.000000000e+01 8.324583291e-05 
d 0.000000000e+00 0.000000000e+00 -9.005282209e-05 6.800000000e+00 6.800000000e+00 0.000000000e+00 3.000000000e+01 3.000000000e+01 9.005282209e-05 
d 0.000000000e+00 0.000000000e+00 -9.706472689e-05 6.900000000e+00 6.900000000e+00 0.000000000e+00 3.000000000e+01 3.000000000e+01 9.706472689e-05 
d 0.000000000e+00 0.000000000e+00 -1.043898518e-04 7.000000000e+00 7.000000000e+00 0.000000000e+00 3.000000000e+01 3.000000000e+01 1.043898518e-04 
d 0.000000000e+00 0.000000000e+00 -1.121650033e-04 7.100000000e+00 7.100000000e+00 0.000000000e+00 3.000000000e+01 3.000000000e+01 1.121650033e-04 
d 0.000000000e+00 0.000000000e+00 -1.205471898e-04 7.200000000e+00 7.200000000e+00 0.000000000e+00 3.000000000e+01 3.000000000e+01 1.205471898e-04 
d 0.000000000e+00 0.000000000e+00 -1.296962069e-04 7.300000000e+00 7.300000000e+00 0.000000000e+00 3.000000000e+01 3.000000000e+01 1.296962069e-04 
d 0.000000000e+00 0.000000000e+00 -1.397495631e-04 7.400000000e+00 7.400000000e+00 0.000000000e+00 3.000000000e+01 3.000000000e+01 1.397495631e-04 
d 0.000000000e+00 0.000000000e+00 -1.507965078e-04 7.500000000e+00 7.500000000e+00 0.000000000e+00 3.000000000e+01 3.000000000e+01 1.507965078e-04 
d 0.000000000e+00 0.000000000e+00 -1.628608256e-04 7.600000000e+00 7.600000000e+00 0.000000000e+00 3.000000000e+01 3.000000000e+01 1.628608257e-04 
d 0.000000000e+00 0.000000000e+00 -1.758990812e-04 7.700000000e+00 7.700000000e+00 0.000000000e+00 3.000000000e+01 3.000000000e+01 1.758990812e-04 
d 0.000000000e+00 0.000000000e+00 -1.898136285e-04 7.800000000e+00 7.800000000e+00 0.000000000e+00 3.000000000e+01 3.000000000e+01 1.898136285e-04 
d 0.000000000e+00 0.000000000e+00 -2.044735854e-04 7.900000000e+00 7.900000000e+00 0.000000000e+00 3.000000000e+01 3.000000000e+01 2.044735854e-04 
d 0.000000000e+00 0.000000000e+00 -2.197358869e-04 8.000000000e+00 8.000000000e+00 0.000000000e+00 3.000000000e+01 3.000000000e+01 2.197358869e-04 
d 0.000000000e+00 0.000000000e+00 -2.354614052e-04 8.100000000e+00 8.100000000e+00 0.000000000e+00 3.000000000e+01 3.000000000e+01 2.354614052e-04 
d 0.000000000e+00 0.000000000e+00 -2.515247379e-04 8.200000000e+00 8.200000000e+00 0.000000000e+00 3.000000000e+01 3.000000000e+01 2.515247379e-04 
d 0.000000000e+00 0.000000000e+00 -2.678185836e-04 8.300000000e+00 8.300000000e+00 0.000000000e+00 3.000000000e+01 3.000000000e+01 2.678185836e-04 
d 0.000000000e+00 0.000000000e+00 -2.842544226e-04 8.400000000e+00 8.400000000e+00 0.000000000e+00 3.000000000e+01 3.000000000e+01 2.842544226e-04 
d 0.000000000e+00 0.000000000e+00 -3.007611042e-04 8.500000000e+00 8.500000000e+00 0.000000000e+00 3.000000000e+01 3.000000000e+01 3.007611042e-04 
d 0.000000000e+00 0.000000000e+00 -3.172824966e-04 8.600000000e+00 8.600000000e+00 0.000000000e+00 3.000000000e+01 3.000000000e+01 3.172824966e-04 
d 0.000000000e+00 0.000000000e+00 -3.337749110e-04 8.700000000e+00 8.700000000e+00 0.000000000e+00 3.000000000e+01 3.000000000e+01 3.337749110e-04 
d 0.000000000e+00 0.000000000e+00 -3.502046785e-04 8.800000000e+00 8.800000000e+00 0.000000000e+00 3.000000000e+01 3.000000000e+01 3.502046785e-04 
d 0.000000000e+00 0.000000000e+00 -3.665460435e-04 8.900000000e+00 8.900000000e+00 0.000000000e+00 3.000000000e+01 3.000000000e+01 3.665460435e-04 
d 0.000000000e+00 0.000000000e+00 -3.827794150e-04 9.000000000e+00 9.000000000e+00 0.000000000e+00 3.000000000e+01 3.000000000e+01 3.827794150e-04 
d 0.000000000e+00 0.000000000e+00 -3.988899567e-04 9.100000000e+00 9.100000000e+00 0.000000000e+00 3.000000000e+01 3.000000000e+01 3.988899567e-04 
d 0.000000000e+00 0.000000000e+00 -4.148664693e-04 9.200000000e+00 9.200000000e+00 0.000000000e+00 3.000000000e+01 3.000000000e+01 4.148664693e-04 
d 0.000000000e+00 0.000000000e+00 -4.307005161e-04 9.300000000e+00 9.300000000e+00 0.000000000e+00 3.000000000e+01 3.000000000e+01 4.307005161e-04 
d 0.000000000e+00 0.000000000e+00 -4.463857443e-04 9.400000000e+00 9.400000000e+00 0.000000000e+00 3.000000000e+01 3.000000000e+01 4.463857443e-04 
d 0.000000000e+00 0.000000000e+00 -4.619173625e-04 9.500000000e+00 9.500000000e+00 0.000000000e+00 3.000000000e+01 3.000000000e+01 4.619173625e-04 
d 0.000000000e+00 0.000000000e+00 -4.772917410e-04 9.600000000e+00 9.600000000e+00 0.000000000e+00 3.000000000e+01 3.000000000e+01 4.772917410e-04 
d 0.000000000e+00 0.000000000e+00 -4.925061074e-04 9.700000000e+00 9.700000000e+00 0.000000000e+00 3.000000000e+01 3.000000000e+01 4.925061074e-04 
d 0.000000000e+00 0.000000000e+00 -5.075583162e-04 9.800000000e+00 9.800000000e+00 0.000000000e+00 3.000000000e+01 3.000000000e+01 5.075583162e-04 
d 0.000000000e+00 0.000000000e+00 -5.224466745e-04 9.900000000e+00 9.900000000e+00 0.000000000e+00 3.000000000e+01 3.000000000e+01 5.224466744e-04 
d 0.000000000e+00 0.000000000e+00 -5.371698131e-04 1.000000000e+01 1.000000000e+01 0.000000000e+00 3.000000000e+01 3.000000000e+01 5.371698131e-04 
d 0.000000000e+00 0.000000000e+00 -5.517265949e-04 1.010000000e+01 1.010000000e+01 0.000000000e+00 3.000000000e+01 3.000000000e+01 5.517265949e-04 
d 0.000000000e+00 0.000000000e+00 -5.661160539e-04 1.020000000e+01 1.020000000e+01 0.000000000e+00 3.000000000e+01 3.000000000e+01 5.661160539e-04 
d 0.000000000e+00 0.000000000e+00 -5.803373613e-04 1.030000000e+01 1.030000000e+01 0.000000000e+00 3.000000000e+01 3.000000000e+01 5.803373613e-04 
d 0.000000000e+00 0.000000000e+00 -5.943898108e-04 1.040000000e+01 1.040000000e+01 0.000000000e+00 3.000000000e+01 3.000000000e+01 5.943898108e-04 
d 0.000000000e+00 0.000000000e+00 -6.082728072e-04 1.050000000e+01 1.050000000e+01 0.000000000e+00 3.000000000e+01 3.000000000e+01 6.082728072e-04 
d 0.000000000e+00 0.000000000e+00 -6.219858380e-04 1.060000000e+01 1.060000000e+01 0.000000000e+00 3.000000000e+01 3.000000000e+01 6.219858380e-04 
d 0.000000000e+00 0.000000000e+00 -6.355284147e-04 1.070000000e+01 1.070000000e+01 0.000000000e+00 3.000000000e+01 3.000000000e+01 6.355284147e-04 
d 0.000000000e+00 0.000000000e+00 -6.488999880e-04 1.080000000e+01 1.080000000e+01 0.000000000e+00 3.000000000e+01 3.000000000e+01 6.488999880e-04 
d 0.000000000e+00 0.000000000e+00 -6.620998510e-04 1.090000000e+01 1.090000000e+01 0.000000000e+00 3.000000000e+01 3.000000000e+01 6.620998510e-04 
d 0.000000000e+00 0.000000000e+00 -6.751270398e-04 1.100000000e+01 1.100000000e+01 0.000000000e+00 3.000000000e+01 3.000000000e+01 6.751270398e-04 
d 0.000000000e+00 0.000000000e+00 -6.879802345e-04 1.110000000e+01 1.110000000e+01 0.000000000e+00 3.000000000e+01 3.000000000e+01 6.879802345e-04 
d 0.000000000e+00 0.000000000e+00 -7.006576551e-04 1.120000000e+01 1.120000000e+01 0.000000000e+00 3.000000000e+01 3.000000000e+01 7.006576552e-04 
d 0.000000000e+00 0.000000000e+00 -7.131569452e-04 1.130000000e+01 1.130000000e+01 0.000000000e+00 3.000000000e+01 3.000000000e+01 7.131569452e-04 
d 0.000000000e+00 0.000000000e+00 -7.254750370e-04 1.140000000e+01 1.140000000e+01 0.000000000e+00 3.000000000e+01 3.000000000e+01 7.254750370e-04 
d 0.000000000e+00 0.000000000e+00 -7.376079841e-04 1.150000000e+01 1.150000000e+01 0.000000000e+00 3.000000000e+01 3.000000000e+01 7.376079841e-04 
d 0.000000000e+00 0.000000000e+00 -7.495507416e-04 1.160000000e+01 1.160000000e+01 0.000000000e+00 3.000000000e+01 3.000000000e+01 7.495507416e-04 
d 0.000000000e+00 0.000000000e+00 -7.612968541e-04 1.170000000e+01 1.170000000e+01 0.000000000e+00 3.000000000e+01 3.000000000e+01 7.612968541e-04 
d 0.000000000e+00 0.000000000e+00 -7.728379831e-04 1.180000000e+01 1.180000000e+01 0.000000000e+00 3.000000000e+01 3.000000000e+01 7.728379831e-04 
d 0.000000000e+00 0.000000000e+00 -7.841631454e-04 1.190000000e+01 1.190000000e+01 0.000000000e+00 3.000000000e+01 3.000000000e+01 7.841631454e-04 
d 0.000000000e+00 0.000000000e+00 -7.952574094e-04 1.200000000e+01 1.200000000e+01 0.000000000e+00 3.000000000e+01 3.000000000e+01 7.952574094e-04 
d 0.000000000e+00 0.000000000e+00 -8.060995139e-04 1.210000000e+01 1.210000000e+01 0.000000000e+00 3.000000000e+01 3.000000000e+01 8.060995138e-04 
d 0.000000000e+00 0.000000000e+00 -8.166571467e-04 1.220000000e+01 1.220000000e+01 0.000000000e+00 3.000000000e+01 3.000000000e+01 8.166571467e-04 
d 0.000000000e+00 0.000000000e+00 -8.268765885e-04 1.230000000e+01 1.230000000e+01 0.000000000e+00 3.000000000e+01 3.000000000e+01 8.268765885e-04 
d 0.000000000e+00 0.000000000e+00 -8.366599738e-04 1.240000000e+01 1.240000000e+01 0.000000000e+00 3.000000000e+01 3.000000000e+01 8.366599738e-04 
d 0.000000000e+00 0.000000000e+00 -8.459108772e-04 1.250000000e+01 1.250000000e+01 0.000000000e+00 3.000000000e+01 3.000000000e+01 8.459108772e-04 
d 0.000000000e+00 0.000000000e+00 -8.546959174e-04 1.260000000e+01 1.260000000e+01 0.000000000e+00 3.000000000e+01 3.000000000e+01 8.546959174e-04 
d 0.000000000e+00 0.000000000e+00 -8.630750276e-04 1.270000000e+01 1.270000000e+01 0.000000000e+00 3.000000000e+01 3.000000000e+01 8.630750276e-04 
d 0.000000000e+00 0.000000000e+00 -8.710840527e-04 1.280000000e+01 1.280000000e+01 0.000000000e+00 3.000000000e+01 3.000000000e+01 8.710840527e-04 
d 0.000000000e+00 0.000000000e+00 -8.787527034e-04 1.290000000e+01 1.290000000e+01 0.000000000e+00 3.000000000e+01 3.000000000e+01 8.787527034e-04 
d 0.000000000e+00 0.000000000e+00 -8.861075079e-04 1.300000000e+01 1.300000000e+01 0.000000000e+00 3.000000000e+01 3.000000000e+01 8.861075079e-04 
d 0.000000000e+00 0.000000000e+00 -8.931725630e-04 1.310000000e+01 1.310000000e+01 0.000000000e+00 3.000000000e+01 3.000000000e+01 8.931725630e-04 
d 0.000000000e+00 0.000000000e+00 -8.999695231e-04 1.320000000e+01 1.320000000e+01 0.000000000e+00 3.000000000e+01 3.000000000e+01 8.999695231e-04 
d 0.000000000e+00 0.000000000e+00 -9.065182536e-04 1.330000000e+01 1.330000000e+01 0.000000000e+00 3.000000000e+01 3.000000000e+01 9.065182536e-04 
d 0.000000000e+00 0.000000000e+00 -9.128364168e-04 1.340000000e+01 1.340000000e+01 0.000000000e+00 3.000000000e+01 3.000000000e+01 9.128364168e-04 
d 0.000000000e+00 0.000000000e+00 -9.189396885e-04 1.350000000e+01 1.350000000e+01 0.000000000e+00 3.000000000e+01 3.000000000e+01 9.189396885e-04 
d 0.000000000e+00 0.000000000e+00 -9.248431609e-04 1.360000000e+01 1.360000000e+01 0.000000000e+00 3.000000000e+01 3.000000000e+01 9.248431609e-04 
d 0.000000000e+00 0.000000000e+00 -9.305594070e-04 1.370000000e+01 1.370000000e+01 0.000000000e+00 3.000000000e+01 3.000000000e+01 9.305594070e-04 
d 0.000000000e+00 0.000000000e+00 -9.360997285e-04 1.380000000e+01 1.380000000e+01 0.000000000e+00 3.000000000e+01 3.000000000e+01 9.360997285e-04 
d 0.000000000e+00 0.000000000e+00 -9.414760056e-04 1.390000000e+01 1.390000000e+01 0.000000000e+00 3.000000000e+01 3.000000000e+01 9.414760057e-04 
d 0.000000000e+00 0.000000000e+00 -9.466976943e-04 1.400000000e+01 1.400000000e+01 0.000000000e+00 3.000000000e+01 3.000000000e+01 9.466976943e-04 
d 0.000000000e+00 0.000000000e+00 -9.517723890e-04 1.410000000e+01 1.410000000e+01 0.000000000e+00 3.000000000e+01 3.000000000e+01 9.517723890e-04 
d 0.000000000e+00 0.000000000e+00 -9.567091481e-04 1.420000000e+01 1.420000000e+01 0.000000000e+00 3.000000000e+01 3.000000000e+01 9.567091481e-04 
d 0.000000000e+00 0.000000000e+00 -9.615164929e-04 1.430000000e+01 1.430000000e+01 0.000000000e+00 3.000000000e+01 3.000000000e+01 9.615164929e-04 
d 0.000000000e+00 0.000000000e+00 -9.661999216e-04 1.440000000e+01 1.440000000e+01 0.000000000e+00 3.000000000e+01 3.000000000e+01 9.661999216e-04 
d 0.000000000e+00 0.000000000e+00 -9.707645680e-04 1.450000000e+01 1.450000000e+01 0.000000000e+00 3.000000000e+01 3.000000000e+01 9.707645680e-04 
d 0.000000000e+00 0.000000000e+00 -9.752175035e-04 1.460000000e+01 1.460000000e+01 0.000000000e+00 3.000000000e+01 3.000000000e+01 9.752175035e-04 
d 0.000000000e+00 0.000000000e+00 -9.795653443e-04 1.470000000e+01 1.470000000e+01 0.000000000e+00 3.000000000e+01 3.000000000e+01 9.795653443e-04 
d 0.000000000e+00 0.000000000e+00 -9.838120112e-04 1.480000000e+01 1.480000000e+01 0.000000000e+00 3.000000000e+01 3.000000000e+01 9.838120112e-04 
d 0.000000000e+00 0.000000000e+00 -9.879604406e-04 1.490000000e+01 1.490000000e+01 0.000000000e+00 3.000000000e+01 3.000000000e+01 9.879604406e-04 
d 0.000000000e+00 0.000000000e+00 -9.920152273e-04 1.500000000e+01 1.500000000e+01 0.000000000e+00 3.000000000e+01 3.000000000e+01 9.920152273e-04 
d 0.000000000e+00 0.000000000e+00 -9.959820676e-04 1.510000000e+01 1.510000000e+01 0.000000000e+00 3.000000000e+01 3.000000000e+01 9.959820676e-04 
d 0.000000000e+00 0.000000000e+00 -9.998652950e-04 1.520000000e+01 1.520000000e+01 0.000000000e+00 3.000000000e+01 3.000000000e+01 9.998652950e-04 
d 0.000000000e+00 0.000000000e+00 -1.003667091e-03 1.530000000e+01 1.530000000e+01 0.000000000e+00 3.000000000e+01 3.000000000e+01 1.003667091e-03 
d 0.000000000e+00 0.000000000e+00 -1.007389136e-03 1.540000000e+01 1.540000000e+01 0.000000000e+00 3.000000000e+01 3.000000000e+01 1.007389136e-03 
d 0.000000000e+00 0.000000000e+00 -1.011034482e-03 1.550000000e+01 1.550000000e+01 0.000000000e+00 3.000000000e+01 3.000000000e+01 1.011034482e-03 
d 0.000000000e+00 0.000000000e+00 -1.014607395e-03 1.560000000e+01 1.560000000e+01 0.000000000e+00 3.000000000e+01 3.000000000e+01 1.014607395e-03 
d 0.000000000e+00 0.000000000e+00 -1.018111712e-03 1.570000000e+01 1.570000000e+01 0.000000000e+00 3.000000000e+01 3.000000000e+01 1.018111712e-03 
d 0.000000000e+00 0.000000000e+00 -1.021549708e-03 1.580000000e+01 1.580000000e+01 0.000000000e+00 3.000000000e+01 3.000000000e+01 1.021549708e-03 
d 0.000000000e+00 0.000000000e+00 -1.024922434e-03 1.590000000e+01 1.590000000e+01 0.000000000e+00 3.000000000e+01 3.000000000e+01 1.024922434e-03 
d 0.000000000e+00 0.000000000e+00 -1.028231054e-03 1.600000000e+01 1.600000000e+01 0.000000000e+00 3.000000000e+01 3.000000000e+01 1.028231054e-03 
d 0.000000000e+00 0.000000000e+00 -1.031477841e-03 1.610000000e+01 1.610000000e+01 0.000000000e+00 3.000000000e+01 3.000000000e+01 1.031477841e-03 
d 0.000000000e+00 0.000000000e+00 -1.034665984e-03 1.620000000e+01 1.620000000e+01 0.000000000e+00 3.000000000e+01 3.000000000e+01 1.034665984e-03 
d 0.000000000e+00 0.000000000e+00 -1.037798585e-03 1.630000000e+01 1.630000000e+01 0.000000000e+00 3.000000000e+01 3.000000000e+01 1.037798585e-03 
d 0.000000000e+00 0.000000000e+00 -1.040877818e-03 1.640000000e+01 1.640000000e+01 0.000000000e+00 3.000000000e+01 3.000000000e+01 1.040877818e-03 
d 0.000000000e+00 0.000000000e+00 -1.043904802e-03 1.650000000e+01 1.650000000e+01 0.000000000e+00 3.000000000e+01 3.000000000e+01 1.043904802e-03 
d 0.000000000e+00 0.000000000e+00 -1.046880148e-03 1.660000000e+01 1.660000000e+01 0.000000000e+00 3.000000000e+01 3.000000000e+01 1.046880148e-03 
d 0.000000000e+00 0.000000000e+00 -1.049804751e-03 1.670000000e+01 1.670000000e+01 0.000000000e+00 3.000000000e+01 3.000000000e+01 1.049804751e-03 
d 0.000000000e+00 0.000000000e+00 -1.052680232e-03 1.680000000e+01 1.680000000e+01 0.000000000e+00 3.000000000e+01 3.000000000e+01 1.052680232e-03 
d 0.000000000e+00 0.000000000e+00 -1.055508797e-03 1.690000000e+01 1.690000000e+01 0.000000000e+00 3.000000000e+01 3.000000000e+01 1.055508797e-03 
d 0.000000000e+00 0.000000000e+00 -1.058292693e-03 1.700000000e+01 1.700000000e+01 0.000000000e+00 3.000000000e+01 3.000000000e+01 1.058292693e-03 
d 0.000000000e+00 0.000000000e+00 -1.061033693e-03 1.710000000e+01 1.710000000e+01 0.000000000e+00 3.000000000e+01 3.000000000e+01 1.061033693e-03 
d 0.000000000e+00 0.000000000e+00 -1.063732884e-03 1.720000000e+01 1.720000000e+01 0.000000000e+00 3.000000000e+01 3.000000000e+01 1.063732884e-03 
d 0.000000000e+00 0.000000000e+00 -1.066390801e-03 1.730000000e+01 1.730000000e+01 0.000000000e+00 3.000000000e+01 3.000000000e+01 1.066390801e-03 
d 0.000000000e+00 0.000000000e+00 -1.069007798e-03 1.740000000e+01 1.740000000e+01 0.000000000e+00 3.000000000e+01 3.000000000e+01 1.069007798e-03 
d 0.000000000e+00 0.000000000e+00 -1.071584439e-03 1.750000000e+01 1.750000000e+01 0.000000000e+00 3.000000000e+01 3.000000000e+01 1.071584439e-03 
d 0.000000000e+00 0.000000000e+00 -1.074121726e-03 1.760000000e+01 1.760000000e+01 0.000000000e+00 3.000000000e+01 3.000000000e+01 1.074121726e-03 
d 0.000000000e+00 0.000000000e+00 -1.076621062e-03 1.770000000e+01 1.770000000e+01 0.000000000e+00 3.000000000e+01 3.000000000e+01 1.076621062e-03 
d 0.000000000e+00 0.000000000e+00 -1.079084011e-03 1.780000000e+01 1.780000000e+01 0.000000000e+00 3.000000000e+01 3.000000000e+01 1.079084011e-03 
d 0.000000000e+00 0.000000000e+00 -1.081512001e-03 1.790000000e+01 1.790000000e+01 0.000000000e+00 3.000000000e+01 3.000000000e+01 1.081512001e-03 
d 0.000000000e+00 0.000000000e+00 -1.083906129e-03 1.800000000e+01 1.800000000e+01 0.000000000e+00 3.000000000e+01 3.000000000e+01 1.083906129e-03 
d 0.000000000e+00 0.000000000e+00 -1.086267111e-03 1.810000000e+01 1.810000000e+01 0.000000000e+00 3.000000000e+01 3.000000000e+01 1.086267111e-03 
d 0.000000000e+00 0.000000000e+00 -1.088595373e-03 1.820000000e+01 1.820000000e+01 0.000000000e+00 3.000000000e+01 3.000000000e+01 1.088595373e-03 
d 0.000000000e+00 0.000000000e+00 -1.090891216e-03 1.830000000e+01 1.830000000e+01 0.000000000e+00 3.000000000e+01 3.000000000e+01 1.090891216e-03 
d 0.000000000e+00 0.000000000e+00 -1.093155008e-03 1.840000000e+01 1.840000000e+01 0.000000000e+00 3.000000000e+01 3.000000000e+01 1.093155007e-03 
d 0.000000000e+00 0.000000000e+00 -1.095387316e-03 1.850000000e+01 1.850000000e+01 0.000000000e+00 3.000000000e+01 3.000000000e+01 1.095387317e-03 
d 0.000000000e+00 0.000000000e+00 -1.097588973e-03 1.860000000e+01 1.860000000e+01 0.000000000e+00 3.000000000e+01 3.000000000e+01 1.097588973e-03 
d 0.000000000e+00 0.000000000e+00 -1.099761015e-03 1.870000000e+01 1.870000000e+01 0.000000000e+00 3.000000000e+01 3.000000000e+01 1.099761015e-03 
d 0.000000000e+00 0.000000000e+00 -1.101904563e-03 1.880000000e+01 1.880000000e+01 0.000000000e+00 3.000000000e+01 3.000000000e+01 1.101904563e-03 
d 0.000000000e+00 0.000000000e+00 -1.104020680e-03 1.890000000e+01 1.890000000e+01 0.000000000e+00 3.000000000e+01 3.000000000e+01 1.104020680e-03 
d 0.000000000e+00 0.000000000e+00 -1.106110269e-03 1.900000000e+01 1.900000000e+01 0.000000000e+00 3.000000000e+01 3.000000000e+01 1.106110269e-03 
d 0.000000000e+00 0.000000000e+00 -1.108174033e-03 1.910000000e+01 1.910000000e+01 0.000000000e+00 3.000000000e+01 3.000000000e+01 1.108174033e-03 
d 0.000000000e+00 0.000000000e+00 -1.110212495e-03 1.920000000e+01 1.920000000e+01 0.000000000e+00 3.000000000e+01 3.000000000e+01 1.110212495e-03 
d 0.000000000e+00 0.000000000e+00 -1.112226039e-03 1.930000000e+01 1.930000000e+01 0.000000000e+00 3.000000000e+01 3.000000000e+01 1.112226039e-03 
d 0.000000000e+00 0.000000000e+00 -1.114214986e-03 1.940000000e+01 1.940000000e+01 0.000000000e+00 3.000000000e+01 3.000000000e+01 1.114214986e-03 
d 0.000000000e+00 0.000000000e+00 -1.116179664e-03 1.950000000e+01 1.950000000e+01 0.000000000e+00 3.000000000e+01 3.000000000e+01 1.116179664e-03 
d 0.000000000e+00 0.000000000e+00 -1.118120480e-03 1.960000000e+01 1.960000000e+01 0.000000000e+00 3.000000000e+01 3.000000000e+01 1.118120480e-03 
d 0.000000000e+00 0.000000000e+00 -1.120037969e-03 1.970000000e+01 1.970000000e+01 0.000000000e+00 3.000000000e+01 3.000000000e+01 1.120037969e-03 
d 0.000000000e+00 0.000000000e+00 -1.121932788e-03 1.980000000e+01 1.980000000e+01 0.000000000e+00 3.000000000e+01 3.000000000e+01 1.121932788e-03 
d 0.000000000e+00 0.000000000e+00 -1.123805679e-03 1.990000000e+01 1.990000000e+01 0.000000000e+00 3.000000000e+01 3.000000000e+01 1.123805679e-03 
d 0.000000000e+00 0.000000000e+00 -1.125657390e-03 2.000000000e+01 2.000000000e+01 0.000000000e+00 3.000000000e+01 3.000000000e+01 1.125657390e-03 
