v ATLAS
# This file was created by ATLAS version 5.38.0.R on Mon Jul 27 20:02:10 2026.
#SSF 2.0 generic
##############################################################################
#                    Copyright (c) 1984 - 2024                               #
#                    Silvaco Inc. All rights reserved                        #
#                                                                            #
# This file format and the following Key are copyright Silvaco Inc.          #
# You may not use, this format or key without reproducing this message in    #
# full and obtaining express written permission from Silvaco Inc.            #
#                                                                            #
# To obtain such permission please contact: Silvaco Inc.                     #
#                                           support@silvaco.com              #
#                                                                            #
# KEY=SVC86hn7562asdx                       PROD=345                         #
##############################################################################
y 3 700 711 15
z 2 0.03 300
f 3 "source" "gate" "drain" 
p 9 2 601 20 3 602 21 4 603 22 
d 0.000000000e+00 0.000000000e+00 -2.142073380e-15 0.000000000e+00 0.000000000e+00 0.000000000e+00 1.500000000e+01 1.500000000e+01 2.391110723e-16 
d 0.000000000e+00 0.000000000e+00 -4.392238995e-15 1.000000000e-01 1.000000000e-01 0.000000000e+00 1.500000000e+01 1.500000000e+01 6.295963792e-16 
d 0.000000000e+00 0.000000000e+00 -9.086561245e-15 2.000000000e-01 2.000000000e-01 0.000000000e+00 1.500000000e+01 1.500000000e+01 9.796313163e-15 
d 0.000000000e+00 0.000000000e+00 -1.895111353e-14 3.000000000e-01 3.000000000e-01 0.000000000e+00 1.500000000e+01 1.500000000e+01 1.881965838e-14 
d 0.000000000e+00 0.000000000e+00 -3.980106159e-14 4.000000000e-01 4.000000000e-01 0.000000000e+00 1.500000000e+01 1.500000000e+01 3.714831351e-14 
d 0.000000000e+00 0.000000000e+00 -8.403784511e-14 5.000000000e-01 5.000000000e-01 0.000000000e+00 1.500000000e+01 1.500000000e+01 8.157416459e-14 
d 0.000000000e+00 0.000000000e+00 -1.779792112e-13 6.000000000e-01 6.000000000e-01 0.000000000e+00 1.500000000e+01 1.500000000e+01 1.810438648e-13 
d 0.000000000e+00 0.000000000e+00 -3.766789647e-13 7.000000000e-01 7.000000000e-01 0.000000000e+00 1.500000000e+01 1.500000000e+01 3.738554977e-13 
d 0.000000000e+00 0.000000000e+00 -7.927098472e-13 8.000000000e-01 8.000000000e-01 0.000000000e+00 1.500000000e+01 1.500000000e+01 7.913098103e-13 
d 0.000000000e+00 0.000000000e+00 -1.651828053e-12 9.000000000e-01 9.000000000e-01 0.000000000e+00 1.500000000e+01 1.500000000e+01 1.650743566e-12 
d 0.000000000e+00 0.000000000e+00 -3.412361004e-12 1.000000000e+00 1.000000000e+00 0.000000000e+00 1.500000000e+01 1.500000000e+01 3.412686904e-12 
d 0.000000000e+00 0.000000000e+00 -7.016704605e-12 1.100000000e+00 1.100000000e+00 0.000000000e+00 1.500000000e+01 1.500000000e+01 7.012791237e-12 
d 0.000000000e+00 0.000000000e+00 -1.430333577e-11 1.200000000e+00 1.200000000e+00 0.000000000e+00 1.500000000e+01 1.500000000e+01 1.430678417e-11 
d 0.000000000e+00 0.000000000e+00 -2.849996837e-11 1.300000000e+00 1.300000000e+00 0.000000000e+00 1.500000000e+01 1.500000000e+01 2.850268513e-11 
d 0.000000000e+00 0.000000000e+00 -5.434465680e-11 1.400000000e+00 1.400000000e+00 0.000000000e+00 1.500000000e+01 1.500000000e+01 5.434706887e-11 
d 0.000000000e+00 0.000000000e+00 -9.746810815e-11 1.500000000e+00 1.500000000e+00 0.000000000e+00 1.500000000e+01 1.500000000e+01 9.746745341e-11 
d 0.000000000e+00 0.000000000e+00 -1.656579928e-10 1.600000000e+00 1.600000000e+00 0.000000000e+00 1.500000000e+01 1.500000000e+01 1.656586900e-10 
d 0.000000000e+00 0.000000000e+00 -2.770457456e-10 1.700000000e+00 1.700000000e+00 0.000000000e+00 1.500000000e+01 1.500000000e+01 2.770499401e-10 
d 0.000000000e+00 0.000000000e+00 -4.730926438e-10 1.800000000e+00 1.800000000e+00 0.000000000e+00 1.500000000e+01 1.500000000e+01 4.730933671e-10 
d 0.000000000e+00 0.000000000e+00 -8.348086040e-10 1.900000000e+00 1.900000000e+00 0.000000000e+00 1.500000000e+01 1.500000000e+01 8.348144279e-10 
d 0.000000000e+00 0.000000000e+00 -1.506568431e-09 2.000000000e+00 2.000000000e+00 0.000000000e+00 1.500000000e+01 1.500000000e+01 1.506556522e-09 
d 0.000000000e+00 0.000000000e+00 -2.715868676e-09 2.100000000e+00 2.100000000e+00 0.000000000e+00 1.500000000e+01 1.500000000e+01 2.715869595e-09 
d 0.000000000e+00 0.000000000e+00 -4.759017292e-09 2.200000000e+00 2.200000000e+00 0.000000000e+00 1.500000000e+01 1.500000000e+01 4.759010523e-09 
d 0.000000000e+00 0.000000000e+00 -7.890927572e-09 2.300000000e+00 2.300000000e+00 0.000000000e+00 1.500000000e+01 1.500000000e+01 7.890919696e-09 
d 0.000000000e+00 0.000000000e+00 -1.208161930e-08 2.400000000e+00 2.400000000e+00 0.000000000e+00 1.500000000e+01 1.500000000e+01 1.208162196e-08 
d 0.000000000e+00 0.000000000e+00 -1.692915841e-08 2.500000000e+00 2.500000000e+00 0.000000000e+00 1.500000000e+01 1.500000000e+01 1.692915325e-08 
d 0.000000000e+00 0.000000000e+00 -2.199710050e-08 2.600000000e+00 2.600000000e+00 0.000000000e+00 1.500000000e+01 1.500000000e+01 2.199710955e-08 
d 0.000000000e+00 0.000000000e+00 -2.718351091e-08 2.700000000e+00 2.700000000e+00 0.000000000e+00 1.500000000e+01 1.500000000e+01 2.718351451e-08 
d 0.000000000e+00 0.000000000e+00 -3.282645360e-08 2.800000000e+00 2.800000000e+00 0.000000000e+00 1.500000000e+01 1.500000000e+01 3.282645601e-08 
d 0.000000000e+00 0.000000000e+00 -3.976010217e-08 2.900000000e+00 2.900000000e+00 0.000000000e+00 1.500000000e+01 1.500000000e+01 3.976009357e-08 
d 0.000000000e+00 0.000000000e+00 -4.947729771e-08 3.000000000e+00 3.000000000e+00 0.000000000e+00 1.500000000e+01 1.500000000e+01 4.947729476e-08 
d 0.000000000e+00 0.000000000e+00 -6.432788251e-08 3.100000000e+00 3.100000000e+00 0.000000000e+00 1.500000000e+01 1.500000000e+01 6.432787955e-08 
d 0.000000000e+00 0.000000000e+00 -8.764222470e-08 3.200000000e+00 3.200000000e+00 0.000000000e+00 1.500000000e+01 1.500000000e+01 8.764222191e-08 
d 0.000000000e+00 0.000000000e+00 -1.239554846e-07 3.300000000e+00 3.300000000e+00 0.000000000e+00 1.500000000e+01 1.500000000e+01 1.239554881e-07 
d 0.000000000e+00 0.000000000e+00 -1.799974387e-07 3.400000000e+00 3.400000000e+00 0.000000000e+00 1.500000000e+01 1.500000000e+01 1.799974436e-07 
d 0.000000000e+00 0.000000000e+00 -2.665752121e-07 3.500000000e+00 3.500000000e+00 0.000000000e+00 1.500000000e+01 1.500000000e+01 2.665752063e-07 
d 0.000000000e+00 0.000000000e+00 -3.995254944e-07 3.600000000e+00 3.600000000e+00 0.000000000e+00 1.500000000e+01 1.500000000e+01 3.995254928e-07 
d 0.000000000e+00 0.000000000e+00 -5.968843598e-07 3.700000000e+00 3.700000000e+00 0.000000000e+00 1.500000000e+01 1.500000000e+01 5.968843609e-07 
d 0.000000000e+00 0.000000000e+00 -8.716905631e-07 3.800000000e+00 3.800000000e+00 0.000000000e+00 1.500000000e+01 1.500000000e+01 8.716905554e-07 
d 0.000000000e+00 0.000000000e+00 -1.224383620e-06 3.900000000e+00 3.900000000e+00 0.000000000e+00 1.500000000e+01 1.500000000e+01 1.224383613e-06 
d 0.000000000e+00 0.000000000e+00 -1.639792695e-06 4.000000000e+00 4.000000000e+00 0.000000000e+00 1.500000000e+01 1.500000000e+01 1.639792694e-06 
d 0.000000000e+00 0.000000000e+00 -2.091219326e-06 4.100000000e+00 4.100000000e+00 0.000000000e+00 1.500000000e+01 1.500000000e+01 2.091219317e-06 
d 0.000000000e+00 0.000000000e+00 -2.550301825e-06 4.200000000e+00 4.200000000e+00 0.000000000e+00 1.500000000e+01 1.500000000e+01 2.550301820e-06 
d 0.000000000e+00 0.000000000e+00 -2.995728211e-06 4.300000000e+00 4.300000000e+00 0.000000000e+00 1.500000000e+01 1.500000000e+01 2.995728216e-06 
d 0.000000000e+00 0.000000000e+00 -3.415824330e-06 4.400000000e+00 4.400000000e+00 0.000000000e+00 1.500000000e+01 1.500000000e+01 3.415824334e-06 
d 0.000000000e+00 0.000000000e+00 -3.806887483e-06 4.500000000e+00 4.500000000e+00 0.000000000e+00 1.500000000e+01 1.500000000e+01 3.806887488e-06 
d 0.000000000e+00 0.000000000e+00 -4.170735553e-06 4.600000000e+00 4.600000000e+00 0.000000000e+00 1.500000000e+01 1.500000000e+01 4.170735555e-06 
d 0.000000000e+00 0.000000000e+00 -4.512919552e-06 4.700000000e+00 4.700000000e+00 0.000000000e+00 1.500000000e+01 1.500000000e+01 4.512919543e-06 
d 0.000000000e+00 0.000000000e+00 -4.841440597e-06 4.800000000e+00 4.800000000e+00 0.000000000e+00 1.500000000e+01 1.500000000e+01 4.841440603e-06 
d 0.000000000e+00 0.000000000e+00 -5.165235645e-06 4.900000000e+00 4.900000000e+00 0.000000000e+00 1.500000000e+01 1.500000000e+01 5.165235654e-06 
d 0.000000000e+00 0.000000000e+00 -5.491900874e-06 5.000000000e+00 5.000000000e+00 0.000000000e+00 1.500000000e+01 1.500000000e+01 5.491900867e-06 
d 0.000000000e+00 0.000000000e+00 -5.825169293e-06 5.100000000e+00 5.100000000e+00 0.000000000e+00 1.500000000e+01 1.500000000e+01 5.825169293e-06 
d 0.000000000e+00 0.000000000e+00 -6.163840492e-06 5.200000000e+00 5.200000000e+00 0.000000000e+00 1.500000000e+01 1.500000000e+01 6.163840497e-06 
d 0.000000000e+00 0.000000000e+00 -6.503376981e-06 5.300000000e+00 5.300000000e+00 0.000000000e+00 1.500000000e+01 1.500000000e+01 6.503376976e-06 
d 0.000000000e+00 0.000000000e+00 -6.839248015e-06 5.400000000e+00 5.400000000e+00 0.000000000e+00 1.500000000e+01 1.500000000e+01 6.839248015e-06 
d 0.000000000e+00 0.000000000e+00 -7.170070633e-06 5.500000000e+00 5.500000000e+00 0.000000000e+00 1.500000000e+01 1.500000000e+01 7.170070625e-06 
d 0.000000000e+00 0.000000000e+00 -7.499681690e-06 5.600000000e+00 5.600000000e+00 0.000000000e+00 1.500000000e+01 1.500000000e+01 7.499681685e-06 
d 0.000000000e+00 0.000000000e+00 -7.838615723e-06 5.700000000e+00 5.700000000e+00 0.000000000e+00 1.500000000e+01 1.500000000e+01 7.838615725e-06 
d 0.000000000e+00 0.000000000e+00 -8.205856657e-06 5.800000000e+00 5.800000000e+00 0.000000000e+00 1.500000000e+01 1.500000000e+01 8.205856657e-06 
d 0.000000000e+00 0.000000000e+00 -8.631497676e-06 5.900000000e+00 5.900000000e+00 0.000000000e+00 1.500000000e+01 1.500000000e+01 8.631497673e-06 
d 0.000000000e+00 0.000000000e+00 -9.160527957e-06 6.000000000e+00 6.000000000e+00 0.000000000e+00 1.500000000e+01 1.500000000e+01 9.160527953e-06 
d 0.000000000e+00 0.000000000e+00 -9.857347615e-06 6.100000000e+00 6.100000000e+00 0.000000000e+00 1.500000000e+01 1.500000000e+01 9.857347615e-06 
d 0.000000000e+00 0.000000000e+00 -1.080951335e-05 6.200000000e+00 6.200000000e+00 0.000000000e+00 1.500000000e+01 1.500000000e+01 1.080951335e-05 
d 0.000000000e+00 0.000000000e+00 -1.212753558e-05 6.300000000e+00 6.300000000e+00 0.000000000e+00 1.500000000e+01 1.500000000e+01 1.212753559e-05 
d 0.000000000e+00 0.000000000e+00 -1.393612802e-05 6.400000000e+00 6.400000000e+00 0.000000000e+00 1.500000000e+01 1.500000000e+01 1.393612802e-05 
d 0.000000000e+00 0.000000000e+00 -1.635362778e-05 6.500000000e+00 6.500000000e+00 0.000000000e+00 1.500000000e+01 1.500000000e+01 1.635362778e-05 
d 0.000000000e+00 0.000000000e+00 -1.946287730e-05 6.600000000e+00 6.600000000e+00 0.000000000e+00 1.500000000e+01 1.500000000e+01 1.946287730e-05 
d 0.000000000e+00 0.000000000e+00 -2.328598641e-05 6.700000000e+00 6.700000000e+00 0.000000000e+00 1.500000000e+01 1.500000000e+01 2.328598641e-05 
d 0.000000000e+00 0.000000000e+00 -2.777740199e-05 6.800000000e+00 6.800000000e+00 0.000000000e+00 1.500000000e+01 1.500000000e+01 2.777740199e-05 
d 0.000000000e+00 0.000000000e+00 -3.283923067e-05 6.900000000e+00 6.900000000e+00 0.000000000e+00 1.500000000e+01 1.500000000e+01 3.283923068e-05 
d 0.000000000e+00 0.000000000e+00 -3.834919204e-05 7.000000000e+00 7.000000000e+00 0.000000000e+00 1.500000000e+01 1.500000000e+01 3.834919205e-05 
d 0.000000000e+00 0.000000000e+00 -4.418762103e-05 7.100000000e+00 7.100000000e+00 0.000000000e+00 1.500000000e+01 1.500000000e+01 4.418762102e-05 
d 0.000000000e+00 0.000000000e+00 -5.025568521e-05 7.200000000e+00 7.200000000e+00 0.000000000e+00 1.500000000e+01 1.500000000e+01 5.025568522e-05 
d 0.000000000e+00 0.000000000e+00 -5.648422808e-05 7.300000000e+00 7.300000000e+00 0.000000000e+00 1.500000000e+01 1.500000000e+01 5.648422808e-05 
d 0.000000000e+00 0.000000000e+00 -6.283636079e-05 7.400000000e+00 7.400000000e+00 0.000000000e+00 1.500000000e+01 1.500000000e+01 6.283636079e-05 
d 0.000000000e+00 0.000000000e+00 -6.930721422e-05 7.500000000e+00 7.500000000e+00 0.000000000e+00 1.500000000e+01 1.500000000e+01 6.930721421e-05 
d 0.000000000e+00 0.000000000e+00 -7.592297907e-05 7.600000000e+00 7.600000000e+00 0.000000000e+00 1.500000000e+01 1.500000000e+01 7.592297906e-05 
d 0.000000000e+00 0.000000000e+00 -8.273983895e-05 7.700000000e+00 7.700000000e+00 0.000000000e+00 1.500000000e+01 1.500000000e+01 8.273983895e-05 
d 0.000000000e+00 0.000000000e+00 -8.984207416e-05 7.800000000e+00 7.800000000e+00 0.000000000e+00 1.500000000e+01 1.500000000e+01 8.984207415e-05 
d 0.000000000e+00 0.000000000e+00 -9.733758443e-05 7.900000000e+00 7.900000000e+00 0.000000000e+00 1.500000000e+01 1.500000000e+01 9.733758442e-05 
d 0.000000000e+00 0.000000000e+00 -1.053487452e-04 8.000000000e+00 8.000000000e+00 0.000000000e+00 1.500000000e+01 1.500000000e+01 1.053487452e-04 
d 0.000000000e+00 0.000000000e+00 -1.139975184e-04 8.100000000e+00 8.100000000e+00 0.000000000e+00 1.500000000e+01 1.500000000e+01 1.139975184e-04 
d 0.000000000e+00 0.000000000e+00 -1.233863462e-04 8.200000000e+00 8.200000000e+00 0.000000000e+00 1.500000000e+01 1.500000000e+01 1.233863462e-04 
d 0.000000000e+00 0.000000000e+00 -1.335794945e-04 8.300000000e+00 8.300000000e+00 0.000000000e+00 1.500000000e+01 1.500000000e+01 1.335794945e-04 
d 0.000000000e+00 0.000000000e+00 -1.445906810e-04 8.400000000e+00 8.400000000e+00 0.000000000e+00 1.500000000e+01 1.500000000e+01 1.445906810e-04 
d 0.000000000e+00 0.000000000e+00 -1.563811512e-04 8.500000000e+00 8.500000000e+00 0.000000000e+00 1.500000000e+01 1.500000000e+01 1.563811512e-04 
d 0.000000000e+00 0.000000000e+00 -1.688684155e-04 8.600000000e+00 8.600000000e+00 0.000000000e+00 1.500000000e+01 1.500000000e+01 1.688684155e-04 
d 0.000000000e+00 0.000000000e+00 -1.819408020e-04 8.700000000e+00 8.700000000e+00 0.000000000e+00 1.500000000e+01 1.500000000e+01 1.819408020e-04 
d 0.000000000e+00 0.000000000e+00 -1.954725499e-04 8.800000000e+00 8.800000000e+00 0.000000000e+00 1.500000000e+01 1.500000000e+01 1.954725499e-04 
d 0.000000000e+00 0.000000000e+00 -2.093357580e-04 8.900000000e+00 8.900000000e+00 0.000000000e+00 1.500000000e+01 1.500000000e+01 2.093357580e-04 
d 0.000000000e+00 0.000000000e+00 -2.234075066e-04 9.000000000e+00 9.000000000e+00 0.000000000e+00 1.500000000e+01 1.500000000e+01 2.234075066e-04 
d 0.000000000e+00 0.000000000e+00 -2.375719602e-04 9.100000000e+00 9.100000000e+00 0.000000000e+00 1.500000000e+01 1.500000000e+01 2.375719602e-04 
d 0.000000000e+00 0.000000000e+00 -2.517181442e-04 9.200000000e+00 9.200000000e+00 0.000000000e+00 1.500000000e+01 1.500000000e+01 2.517181442e-04 
d 0.000000000e+00 0.000000000e+00 -2.657322848e-04 9.300000000e+00 9.300000000e+00 0.000000000e+00 1.500000000e+01 1.500000000e+01 2.657322848e-04 
d 0.000000000e+00 0.000000000e+00 -2.794798408e-04 9.400000000e+00 9.400000000e+00 0.000000000e+00 1.500000000e+01 1.500000000e+01 2.794798408e-04 
d 0.000000000e+00 0.000000000e+00 -2.927647124e-04 9.500000000e+00 9.500000000e+00 0.000000000e+00 1.500000000e+01 1.500000000e+01 2.927647125e-04 
d 0.000000000e+00 0.000000000e+00 -3.052999870e-04 9.600000000e+00 9.600000000e+00 0.000000000e+00 1.500000000e+01 1.500000000e+01 3.052999870e-04 
d 0.000000000e+00 0.000000000e+00 -3.169695900e-04 9.700000000e+00 9.700000000e+00 0.000000000e+00 1.500000000e+01 1.500000000e+01 3.169695900e-04 
d 0.000000000e+00 0.000000000e+00 -3.278491625e-04 9.800000000e+00 9.800000000e+00 0.000000000e+00 1.500000000e+01 1.500000000e+01 3.278491625e-04 
d 0.000000000e+00 0.000000000e+00 -3.380310225e-04 9.900000000e+00 9.900000000e+00 0.000000000e+00 1.500000000e+01 1.500000000e+01 3.380310225e-04 
d 0.000000000e+00 0.000000000e+00 -3.475972497e-04 1.000000000e+01 1.000000000e+01 0.000000000e+00 1.500000000e+01 1.500000000e+01 3.475972497e-04 
d 0.000000000e+00 0.000000000e+00 -3.566181929e-04 1.010000000e+01 1.010000000e+01 0.000000000e+00 1.500000000e+01 1.500000000e+01 3.566181929e-04 
d 0.000000000e+00 0.000000000e+00 -3.651543669e-04 1.020000000e+01 1.020000000e+01 0.000000000e+00 1.500000000e+01 1.500000000e+01 3.651543669e-04 
d 0.000000000e+00 0.000000000e+00 -3.732564800e-04 1.030000000e+01 1.030000000e+01 0.000000000e+00 1.500000000e+01 1.500000000e+01 3.732564800e-04 
d 0.000000000e+00 0.000000000e+00 -3.809680280e-04 1.040000000e+01 1.040000000e+01 0.000000000e+00 1.500000000e+01 1.500000000e+01 3.809680280e-04 
d 0.000000000e+00 0.000000000e+00 -3.883264436e-04 1.050000000e+01 1.050000000e+01 0.000000000e+00 1.500000000e+01 1.500000000e+01 3.883264436e-04 
d 0.000000000e+00 0.000000000e+00 -3.953639318e-04 1.060000000e+01 1.060000000e+01 0.000000000e+00 1.500000000e+01 1.500000000e+01 3.953639318e-04 
d 0.000000000e+00 0.000000000e+00 -4.021069971e-04 1.070000000e+01 1.070000000e+01 0.000000000e+00 1.500000000e+01 1.500000000e+01 4.021069971e-04 
d 0.000000000e+00 0.000000000e+00 -4.085833114e-04 1.080000000e+01 1.080000000e+01 0.000000000e+00 1.500000000e+01 1.500000000e+01 4.085833115e-04 
d 0.000000000e+00 0.000000000e+00 -4.148089929e-04 1.090000000e+01 1.090000000e+01 0.000000000e+00 1.500000000e+01 1.500000000e+01 4.148089928e-04 
d 0.000000000e+00 0.000000000e+00 -4.208076408e-04 1.100000000e+01 1.100000000e+01 0.000000000e+00 1.500000000e+01 1.500000000e+01 4.208076408e-04 
d 0.000000000e+00 0.000000000e+00 -4.265949453e-04 1.110000000e+01 1.110000000e+01 0.000000000e+00 1.500000000e+01 1.500000000e+01 4.265949453e-04 
d 0.000000000e+00 0.000000000e+00 -4.321816338e-04 1.120000000e+01 1.120000000e+01 0.000000000e+00 1.500000000e+01 1.500000000e+01 4.321816338e-04 
d 0.000000000e+00 0.000000000e+00 -4.375862119e-04 1.130000000e+01 1.130000000e+01 0.000000000e+00 1.500000000e+01 1.500000000e+01 4.375862119e-04 
d 0.000000000e+00 0.000000000e+00 -4.428201314e-04 1.140000000e+01 1.140000000e+01 0.000000000e+00 1.500000000e+01 1.500000000e+01 4.428201314e-04 
d 0.000000000e+00 0.000000000e+00 -4.478892745e-04 1.150000000e+01 1.150000000e+01 0.000000000e+00 1.500000000e+01 1.500000000e+01 4.478892745e-04 
d 0.000000000e+00 0.000000000e+00 -4.528060690e-04 1.160000000e+01 1.160000000e+01 0.000000000e+00 1.500000000e+01 1.500000000e+01 4.528060690e-04 
d 0.000000000e+00 0.000000000e+00 -4.575825454e-04 1.170000000e+01 1.170000000e+01 0.000000000e+00 1.500000000e+01 1.500000000e+01 4.575825454e-04 
d 0.000000000e+00 0.000000000e+00 -4.622234945e-04 1.180000000e+01 1.180000000e+01 0.000000000e+00 1.500000000e+01 1.500000000e+01 4.622234945e-04 
d 0.000000000e+00 0.000000000e+00 -4.667337010e-04 1.190000000e+01 1.190000000e+01 0.000000000e+00 1.500000000e+01 1.500000000e+01 4.667337010e-04 
d 0.000000000e+00 0.000000000e+00 -4.711225739e-04 1.200000000e+01 1.200000000e+01 0.000000000e+00 1.500000000e+01 1.500000000e+01 4.711225739e-04 
d 0.000000000e+00 0.000000000e+00 -4.753987512e-04 1.210000000e+01 1.210000000e+01 0.000000000e+00 1.500000000e+01 1.500000000e+01 4.753987512e-04 
d 0.000000000e+00 0.000000000e+00 -4.795662649e-04 1.220000000e+01 1.220000000e+01 0.000000000e+00 1.500000000e+01 1.500000000e+01 4.795662649e-04 
d 0.000000000e+00 0.000000000e+00 -4.836279366e-04 1.230000000e+01 1.230000000e+01 0.000000000e+00 1.500000000e+01 1.500000000e+01 4.836279366e-04 
d 0.000000000e+00 0.000000000e+00 -4.875891270e-04 1.240000000e+01 1.240000000e+01 0.000000000e+00 1.500000000e+01 1.500000000e+01 4.875891270e-04 
d 0.000000000e+00 0.000000000e+00 -4.914565579e-04 1.250000000e+01 1.250000000e+01 0.000000000e+00 1.500000000e+01 1.500000000e+01 4.914565579e-04 
d 0.000000000e+00 0.000000000e+00 -4.952352418e-04 1.260000000e+01 1.260000000e+01 0.000000000e+00 1.500000000e+01 1.500000000e+01 4.952352418e-04 
d 0.000000000e+00 0.000000000e+00 -4.989278087e-04 1.270000000e+01 1.270000000e+01 0.000000000e+00 1.500000000e+01 1.500000000e+01 4.989278087e-04 
d 0.000000000e+00 0.000000000e+00 -5.025364821e-04 1.280000000e+01 1.280000000e+01 0.000000000e+00 1.500000000e+01 1.500000000e+01 5.025364821e-04 
d 0.000000000e+00 0.000000000e+00 -5.060645888e-04 1.290000000e+01 1.290000000e+01 0.000000000e+00 1.500000000e+01 1.500000000e+01 5.060645888e-04 
d 0.000000000e+00 0.000000000e+00 -5.095162719e-04 1.300000000e+01 1.300000000e+01 0.000000000e+00 1.500000000e+01 1.500000000e+01 5.095162719e-04 
d 0.000000000e+00 0.000000000e+00 -5.128953371e-04 1.310000000e+01 1.310000000e+01 0.000000000e+00 1.500000000e+01 1.500000000e+01 5.128953371e-04 
d 0.000000000e+00 0.000000000e+00 -5.162044913e-04 1.320000000e+01 1.320000000e+01 0.000000000e+00 1.500000000e+01 1.500000000e+01 5.162044914e-04 
d 0.000000000e+00 0.000000000e+00 -5.194456911e-04 1.330000000e+01 1.330000000e+01 0.000000000e+00 1.500000000e+01 1.500000000e+01 5.194456911e-04 
d 0.000000000e+00 0.000000000e+00 -5.226208683e-04 1.340000000e+01 1.340000000e+01 0.000000000e+00 1.500000000e+01 1.500000000e+01 5.226208683e-04 
d 0.000000000e+00 0.000000000e+00 -5.257322092e-04 1.350000000e+01 1.350000000e+01 0.000000000e+00 1.500000000e+01 1.500000000e+01 5.257322092e-04 
d 0.000000000e+00 0.000000000e+00 -5.287821361e-04 1.360000000e+01 1.360000000e+01 0.000000000e+00 1.500000000e+01 1.500000000e+01 5.287821361e-04 
d 0.000000000e+00 0.000000000e+00 -5.317731474e-04 1.370000000e+01 1.370000000e+01 0.000000000e+00 1.500000000e+01 1.500000000e+01 5.317731474e-04 
d 0.000000000e+00 0.000000000e+00 -5.347075885e-04 1.380000000e+01 1.380000000e+01 0.000000000e+00 1.500000000e+01 1.500000000e+01 5.347075885e-04 
d 0.000000000e+00 0.000000000e+00 -5.375876290e-04 1.390000000e+01 1.390000000e+01 0.000000000e+00 1.500000000e+01 1.500000000e+01 5.375876290e-04 
d 0.000000000e+00 0.000000000e+00 -5.404153770e-04 1.400000000e+01 1.400000000e+01 0.000000000e+00 1.500000000e+01 1.500000000e+01 5.404153770e-04 
d 0.000000000e+00 0.000000000e+00 -5.431928563e-04 1.410000000e+01 1.410000000e+01 0.000000000e+00 1.500000000e+01 1.500000000e+01 5.431928563e-04 
d 0.000000000e+00 0.000000000e+00 -5.459219519e-04 1.420000000e+01 1.420000000e+01 0.000000000e+00 1.500000000e+01 1.500000000e+01 5.459219519e-04 
d 0.000000000e+00 0.000000000e+00 -5.486045014e-04 1.430000000e+01 1.430000000e+01 0.000000000e+00 1.500000000e+01 1.500000000e+01 5.486045014e-04 
d 0.000000000e+00 0.000000000e+00 -5.512423544e-04 1.440000000e+01 1.440000000e+01 0.000000000e+00 1.500000000e+01 1.500000000e+01 5.512423544e-04 
d 0.000000000e+00 0.000000000e+00 -5.538372062e-04 1.450000000e+01 1.450000000e+01 0.000000000e+00 1.500000000e+01 1.500000000e+01 5.538372062e-04 
d 0.000000000e+00 0.000000000e+00 -5.563903792e-04 1.460000000e+01 1.460000000e+01 0.000000000e+00 1.500000000e+01 1.500000000e+01 5.563903792e-04 
d 0.000000000e+00 0.000000000e+00 -5.589028330e-04 1.470000000e+01 1.470000000e+01 0.000000000e+00 1.500000000e+01 1.500000000e+01 5.589028330e-04 
d 0.000000000e+00 0.000000000e+00 -5.613753799e-04 1.480000000e+01 1.480000000e+01 0.000000000e+00 1.500000000e+01 1.500000000e+01 5.613753799e-04 
d 0.000000000e+00 0.000000000e+00 -5.638088406e-04 1.490000000e+01 1.490000000e+01 0.000000000e+00 1.500000000e+01 1.500000000e+01 5.638088405e-04 
d 0.000000000e+00 0.000000000e+00 -5.662040060e-04 1.500000000e+01 1.500000000e+01 0.000000000e+00 1.500000000e+01 1.500000000e+01 5.662040060e-04 
d 0.000000000e+00 0.000000000e+00 -5.685615609e-04 1.510000000e+01 1.510000000e+01 0.000000000e+00 1.500000000e+01 1.500000000e+01 5.685615609e-04 
d 0.000000000e+00 0.000000000e+00 -5.708821509e-04 1.520000000e+01 1.520000000e+01 0.000000000e+00 1.500000000e+01 1.500000000e+01 5.708821509e-04 
d 0.000000000e+00 0.000000000e+00 -5.731665561e-04 1.530000000e+01 1.530000000e+01 0.000000000e+00 1.500000000e+01 1.500000000e+01 5.731665561e-04 
d 0.000000000e+00 0.000000000e+00 -5.754157794e-04 1.540000000e+01 1.540000000e+01 0.000000000e+00 1.500000000e+01 1.500000000e+01 5.754157794e-04 
d 0.000000000e+00 0.000000000e+00 -5.776309646e-04 1.550000000e+01 1.550000000e+01 0.000000000e+00 1.500000000e+01 1.500000000e+01 5.776309647e-04 
d 0.000000000e+00 0.000000000e+00 -5.798132540e-04 1.560000000e+01 1.560000000e+01 0.000000000e+00 1.500000000e+01 1.500000000e+01 5.798132540e-04 
d 0.000000000e+00 0.000000000e+00 -5.819637218e-04 1.570000000e+01 1.570000000e+01 0.000000000e+00 1.500000000e+01 1.500000000e+01 5.819637218e-04 
d 0.000000000e+00 0.000000000e+00 -5.840833952e-04 1.580000000e+01 1.580000000e+01 0.000000000e+00 1.500000000e+01 1.500000000e+01 5.840833952e-04 
d 0.000000000e+00 0.000000000e+00 -5.861732668e-04 1.590000000e+01 1.590000000e+01 0.000000000e+00 1.500000000e+01 1.500000000e+01 5.861732668e-04 
d 0.000000000e+00 0.000000000e+00 -5.882342315e-04 1.600000000e+01 1.600000000e+01 0.000000000e+00 1.500000000e+01 1.500000000e+01 5.882342315e-04 
d 0.000000000e+00 0.000000000e+00 -5.902669780e-04 1.610000000e+01 1.610000000e+01 0.000000000e+00 1.500000000e+01 1.500000000e+01 5.902669780e-04 
d 0.000000000e+00 0.000000000e+00 -5.922719250e-04 1.620000000e+01 1.620000000e+01 0.000000000e+00 1.500000000e+01 1.500000000e+01 5.922719250e-04 
d 0.000000000e+00 0.000000000e+00 -5.942492731e-04 1.630000000e+01 1.630000000e+01 0.000000000e+00 1.500000000e+01 1.500000000e+01 5.942492731e-04 
d 0.000000000e+00 0.000000000e+00 -5.961991625e-04 1.640000000e+01 1.640000000e+01 0.000000000e+00 1.500000000e+01 1.500000000e+01 5.961991625e-04 
d 0.000000000e+00 0.000000000e+00 -5.981218503e-04 1.650000000e+01 1.650000000e+01 0.000000000e+00 1.500000000e+01 1.500000000e+01 5.981218503e-04 
d 0.000000000e+00 0.000000000e+00 -6.000178148e-04 1.660000000e+01 1.660000000e+01 0.000000000e+00 1.500000000e+01 1.500000000e+01 6.000178148e-04 
d 0.000000000e+00 0.000000000e+00 -6.018877570e-04 1.670000000e+01 1.670000000e+01 0.000000000e+00 1.500000000e+01 1.500000000e+01 6.018877570e-04 
d 0.000000000e+00 0.000000000e+00 -6.037325412e-04 1.680000000e+01 1.680000000e+01 0.000000000e+00 1.500000000e+01 1.500000000e+01 6.037325412e-04 
d 0.000000000e+00 0.000000000e+00 -6.055531327e-04 1.690000000e+01 1.690000000e+01 0.000000000e+00 1.500000000e+01 1.500000000e+01 6.055531327e-04 
d 0.000000000e+00 0.000000000e+00 -6.073505520e-04 1.700000000e+01 1.700000000e+01 0.000000000e+00 1.500000000e+01 1.500000000e+01 6.073505520e-04 
d 0.000000000e+00 0.000000000e+00 -6.091258325e-04 1.710000000e+01 1.710000000e+01 0.000000000e+00 1.500000000e+01 1.500000000e+01 6.091258325e-04 
d 0.000000000e+00 0.000000000e+00 -6.108799622e-04 1.720000000e+01 1.720000000e+01 0.000000000e+00 1.500000000e+01 1.500000000e+01 6.108799622e-04 
d 0.000000000e+00 0.000000000e+00 -6.126138069e-04 1.730000000e+01 1.730000000e+01 0.000000000e+00 1.500000000e+01 1.500000000e+01 6.126138069e-04 
d 0.000000000e+00 0.000000000e+00 -6.143280350e-04 1.740000000e+01 1.740000000e+01 0.000000000e+00 1.500000000e+01 1.500000000e+01 6.143280350e-04 
d 0.000000000e+00 0.000000000e+00 -6.160230677e-04 1.750000000e+01 1.750000000e+01 0.000000000e+00 1.500000000e+01 1.500000000e+01 6.160230677e-04 
d 0.000000000e+00 0.000000000e+00 -6.176990794e-04 1.760000000e+01 1.760000000e+01 0.000000000e+00 1.500000000e+01 1.500000000e+01 6.176990794e-04 
d 0.000000000e+00 0.000000000e+00 -6.193560550e-04 1.770000000e+01 1.770000000e+01 0.000000000e+00 1.500000000e+01 1.500000000e+01 6.193560550e-04 
d 0.000000000e+00 0.000000000e+00 -6.209938943e-04 1.780000000e+01 1.780000000e+01 0.000000000e+00 1.500000000e+01 1.500000000e+01 6.209938943e-04 
d 0.000000000e+00 0.000000000e+00 -6.226125300e-04 1.790000000e+01 1.790000000e+01 0.000000000e+00 1.500000000e+01 1.500000000e+01 6.226125300e-04 
d 0.000000000e+00 0.000000000e+00 -6.242120194e-04 1.800000000e+01 1.800000000e+01 0.000000000e+00 1.500000000e+01 1.500000000e+01 6.242120194e-04 
d 0.000000000e+00 0.000000000e+00 -6.257925846e-04 1.810000000e+01 1.810000000e+01 0.000000000e+00 1.500000000e+01 1.500000000e+01 6.257925846e-04 
d 0.000000000e+00 0.000000000e+00 -6.273546043e-04 1.820000000e+01 1.820000000e+01 0.000000000e+00 1.500000000e+01 1.500000000e+01 6.273546043e-04 
d 0.000000000e+00 0.000000000e+00 -6.288985826e-04 1.830000000e+01 1.830000000e+01 0.000000000e+00 1.500000000e+01 1.500000000e+01 6.288985826e-04 
d 0.000000000e+00 0.000000000e+00 -6.304251140e-04 1.840000000e+01 1.840000000e+01 0.000000000e+00 1.500000000e+01 1.500000000e+01 6.304251140e-04 
d 0.000000000e+00 0.000000000e+00 -6.319348560e-04 1.850000000e+01 1.850000000e+01 0.000000000e+00 1.500000000e+01 1.500000000e+01 6.319348560e-04 
d 0.000000000e+00 0.000000000e+00 -6.334285028e-04 1.860000000e+01 1.860000000e+01 0.000000000e+00 1.500000000e+01 1.500000000e+01 6.334285028e-04 
d 0.000000000e+00 0.000000000e+00 -6.349067546e-04 1.870000000e+01 1.870000000e+01 0.000000000e+00 1.500000000e+01 1.500000000e+01 6.349067546e-04 
d 0.000000000e+00 0.000000000e+00 -6.363702807e-04 1.880000000e+01 1.880000000e+01 0.000000000e+00 1.500000000e+01 1.500000000e+01 6.363702808e-04 
d 0.000000000e+00 0.000000000e+00 -6.378196783e-04 1.890000000e+01 1.890000000e+01 0.000000000e+00 1.500000000e+01 1.500000000e+01 6.378196783e-04 
d 0.000000000e+00 0.000000000e+00 -6.392554337e-04 1.900000000e+01 1.900000000e+01 0.000000000e+00 1.500000000e+01 1.500000000e+01 6.392554337e-04 
d 0.000000000e+00 0.000000000e+00 -6.406778917e-04 1.910000000e+01 1.910000000e+01 0.000000000e+00 1.500000000e+01 1.500000000e+01 6.406778917e-04 
d 0.000000000e+00 0.000000000e+00 -6.420872401e-04 1.920000000e+01 1.920000000e+01 0.000000000e+00 1.500000000e+01 1.500000000e+01 6.420872401e-04 
d 0.000000000e+00 0.000000000e+00 -6.434835123e-04 1.930000000e+01 1.930000000e+01 0.000000000e+00 1.500000000e+01 1.500000000e+01 6.434835123e-04 
d 0.000000000e+00 0.000000000e+00 -6.448666125e-04 1.940000000e+01 1.940000000e+01 0.000000000e+00 1.500000000e+01 1.500000000e+01 6.448666125e-04 
d 0.000000000e+00 0.000000000e+00 -6.462363629e-04 1.950000000e+01 1.950000000e+01 0.000000000e+00 1.500000000e+01 1.500000000e+01 6.462363629e-04 
d 0.000000000e+00 0.000000000e+00 -6.475925647e-04 1.960000000e+01 1.960000000e+01 0.000000000e+00 1.500000000e+01 1.500000000e+01 6.475925647e-04 
d 0.000000000e+00 0.000000000e+00 -6.489350602e-04 1.970000000e+01 1.970000000e+01 0.000000000e+00 1.500000000e+01 1.500000000e+01 6.489350602e-04 
d 0.000000000e+00 0.000000000e+00 -6.502637815e-04 1.980000000e+01 1.980000000e+01 0.000000000e+00 1.500000000e+01 1.500000000e+01 6.502637815e-04 
d 0.000000000e+00 0.000000000e+00 -6.515787758e-04 1.990000000e+01 1.990000000e+01 0.000000000e+00 1.500000000e+01 1.500000000e+01 6.515787758e-04 
d 0.000000000e+00 0.000000000e+00 -6.528802070e-04 2.000000000e+01 2.000000000e+01 0.000000000e+00 1.500000000e+01 1.500000000e+01 6.528802070e-04 
