v ATLAS
# This file was created by ATLAS version 5.38.0.R on Tue Jul 28 11:53:55 2026.
#SSF 2.0 generic
##############################################################################
#                    Copyright (c) 1984 - 2024                               #
#                    Silvaco Inc. All rights reserved                        #
#                                                                            #
# This file format and the following Key are copyright Silvaco Inc.          #
# You may not use, this format or key without reproducing this message in    #
# full and obtaining express written permission from Silvaco Inc.            #
#                                                                            #
# To obtain such permission please contact: Silvaco Inc.                     #
#                                           support@silvaco.com              #
#                                                                            #
# KEY=SVC86hn7562asdx                       PROD=345                         #
##############################################################################
y 3 700 711 15
z 2 0.03 300
f 3 "source" "gate" "drain" 
p 9 2 601 20 3 602 21 4 603 22 
d 0.000000000e+00 0.000000000e+00 -2.993150594e-13 0.000000000e+00 0.000000000e+00 0.000000000e+00 2.500000000e+01 2.500000000e+01 3.000954459e-13 
d 0.000000000e+00 0.000000000e+00 -6.058704158e-13 1.000000000e-01 1.000000000e-01 0.000000000e+00 2.500000000e+01 2.500000000e+01 6.043790140e-13 
d 0.000000000e+00 0.000000000e+00 -1.218488068e-12 2.000000000e-01 2.000000000e-01 0.000000000e+00 2.500000000e+01 2.500000000e+01 1.216475530e-12 
d 0.000000000e+00 0.000000000e+00 -2.430508880e-12 3.000000000e-01 3.000000000e-01 0.000000000e+00 2.500000000e+01 2.500000000e+01 2.429815194e-12 
d 0.000000000e+00 0.000000000e+00 -4.808763820e-12 4.000000000e-01 4.000000000e-01 0.000000000e+00 2.500000000e+01 2.500000000e+01 4.808057645e-12 
d 0.000000000e+00 0.000000000e+00 -9.415402033e-12 5.000000000e-01 5.000000000e-01 0.000000000e+00 2.500000000e+01 2.500000000e+01 9.414210945e-12 
d 0.000000000e+00 0.000000000e+00 -1.819685833e-11 6.000000000e-01 6.000000000e-01 0.000000000e+00 2.500000000e+01 2.500000000e+01 1.819861318e-11 
d 0.000000000e+00 0.000000000e+00 -3.448835674e-11 7.000000000e-01 7.000000000e-01 0.000000000e+00 2.500000000e+01 2.500000000e+01 3.448954084e-11 
d 0.000000000e+00 0.000000000e+00 -6.362546032e-11 8.000000000e-01 8.000000000e-01 0.000000000e+00 2.500000000e+01 2.500000000e+01 6.362337749e-11 
d 0.000000000e+00 0.000000000e+00 -1.138662460e-10 9.000000000e-01 9.000000000e-01 0.000000000e+00 2.500000000e+01 2.500000000e+01 1.138666828e-10 
d 0.000000000e+00 0.000000000e+00 -1.973876938e-10 1.000000000e+00 1.000000000e+00 0.000000000e+00 2.500000000e+01 2.500000000e+01 1.973863965e-10 
d 0.000000000e+00 0.000000000e+00 -3.341916449e-10 1.100000000e+00 1.100000000e+00 0.000000000e+00 2.500000000e+01 2.500000000e+01 3.341949499e-10 
d 0.000000000e+00 0.000000000e+00 -5.634397608e-10 1.200000000e+00 1.200000000e+00 0.000000000e+00 2.500000000e+01 2.500000000e+01 5.634424269e-10 
d 0.000000000e+00 0.000000000e+00 -9.609671708e-10 1.300000000e+00 1.300000000e+00 0.000000000e+00 2.500000000e+01 2.500000000e+01 9.609747298e-10 
d 0.000000000e+00 0.000000000e+00 -1.652063397e-09 1.400000000e+00 1.400000000e+00 0.000000000e+00 2.500000000e+01 2.500000000e+01 1.652055532e-09 
d 0.000000000e+00 0.000000000e+00 -2.817335383e-09 1.500000000e+00 1.500000000e+00 0.000000000e+00 2.500000000e+01 2.500000000e+01 2.817335059e-09 
d 0.000000000e+00 0.000000000e+00 -4.707734392e-09 1.600000000e+00 1.600000000e+00 0.000000000e+00 2.500000000e+01 2.500000000e+01 4.707727330e-09 
d 0.000000000e+00 0.000000000e+00 -7.609330618e-09 1.700000000e+00 1.700000000e+00 0.000000000e+00 2.500000000e+01 2.500000000e+01 7.609322049e-09 
d 0.000000000e+00 0.000000000e+00 -1.166165900e-08 1.800000000e+00 1.800000000e+00 0.000000000e+00 2.500000000e+01 2.500000000e+01 1.166165871e-08 
d 0.000000000e+00 0.000000000e+00 -1.669903040e-08 1.900000000e+00 1.900000000e+00 0.000000000e+00 2.500000000e+01 2.500000000e+01 1.669902469e-08 
d 0.000000000e+00 0.000000000e+00 -2.237752875e-08 2.000000000e+00 2.000000000e+00 0.000000000e+00 2.500000000e+01 2.500000000e+01 2.237752198e-08 
d 0.000000000e+00 0.000000000e+00 -2.855967221e-08 2.100000000e+00 2.100000000e+00 0.000000000e+00 2.500000000e+01 2.500000000e+01 2.855966699e-08 
d 0.000000000e+00 0.000000000e+00 -3.565500738e-08 2.200000000e+00 2.200000000e+00 0.000000000e+00 2.500000000e+01 2.500000000e+01 3.565501046e-08 
d 0.000000000e+00 0.000000000e+00 -4.475665392e-08 2.300000000e+00 2.300000000e+00 0.000000000e+00 2.500000000e+01 2.500000000e+01 4.475665791e-08 
d 0.000000000e+00 0.000000000e+00 -5.763086205e-08 2.400000000e+00 2.400000000e+00 0.000000000e+00 2.500000000e+01 2.500000000e+01 5.763085452e-08 
d 0.000000000e+00 0.000000000e+00 -7.654144898e-08 2.500000000e+00 2.500000000e+00 0.000000000e+00 2.500000000e+01 2.500000000e+01 7.654144958e-08 
d 0.000000000e+00 0.000000000e+00 -1.040861258e-07 2.600000000e+00 2.600000000e+00 0.000000000e+00 2.500000000e+01 2.500000000e+01 1.040861336e-07 
d 0.000000000e+00 0.000000000e+00 -1.437850638e-07 2.700000000e+00 2.700000000e+00 0.000000000e+00 2.500000000e+01 2.500000000e+01 1.437850623e-07 
d 0.000000000e+00 0.000000000e+00 -2.018192344e-07 2.800000000e+00 2.800000000e+00 0.000000000e+00 2.500000000e+01 2.500000000e+01 2.018192287e-07 
d 0.000000000e+00 0.000000000e+00 -2.887860411e-07 2.900000000e+00 2.900000000e+00 0.000000000e+00 2.500000000e+01 2.500000000e+01 2.887860457e-07 
d 0.000000000e+00 0.000000000e+00 -4.193897085e-07 3.000000000e+00 3.000000000e+00 0.000000000e+00 2.500000000e+01 2.500000000e+01 4.193897030e-07 
d 0.000000000e+00 0.000000000e+00 -6.085528557e-07 3.100000000e+00 3.100000000e+00 0.000000000e+00 2.500000000e+01 2.500000000e+01 6.085528570e-07 
d 0.000000000e+00 0.000000000e+00 -8.657016182e-07 3.200000000e+00 3.200000000e+00 0.000000000e+00 2.500000000e+01 2.500000000e+01 8.657016097e-07 
d 0.000000000e+00 0.000000000e+00 -1.191911573e-06 3.300000000e+00 3.300000000e+00 0.000000000e+00 2.500000000e+01 2.500000000e+01 1.191911564e-06 
d 0.000000000e+00 0.000000000e+00 -1.579658714e-06 3.400000000e+00 3.400000000e+00 0.000000000e+00 2.500000000e+01 2.500000000e+01 1.579658723e-06 
d 0.000000000e+00 0.000000000e+00 -2.011998689e-06 3.500000000e+00 3.500000000e+00 0.000000000e+00 2.500000000e+01 2.500000000e+01 2.011998681e-06 
d 0.000000000e+00 0.000000000e+00 -2.465360525e-06 3.600000000e+00 3.600000000e+00 0.000000000e+00 2.500000000e+01 2.500000000e+01 2.465360521e-06 
d 0.000000000e+00 0.000000000e+00 -2.917806394e-06 3.700000000e+00 3.700000000e+00 0.000000000e+00 2.500000000e+01 2.500000000e+01 2.917806389e-06 
d 0.000000000e+00 0.000000000e+00 -3.355624010e-06 3.800000000e+00 3.800000000e+00 0.000000000e+00 2.500000000e+01 2.500000000e+01 3.355624005e-06 
d 0.000000000e+00 0.000000000e+00 -3.774366400e-06 3.900000000e+00 3.900000000e+00 0.000000000e+00 2.500000000e+01 2.500000000e+01 3.774366404e-06 
d 0.000000000e+00 0.000000000e+00 -4.176657440e-06 4.000000000e+00 4.000000000e+00 0.000000000e+00 2.500000000e+01 2.500000000e+01 4.176657442e-06 
d 0.000000000e+00 0.000000000e+00 -4.569116442e-06 4.100000000e+00 4.100000000e+00 0.000000000e+00 2.500000000e+01 2.500000000e+01 4.569116435e-06 
d 0.000000000e+00 0.000000000e+00 -4.958893730e-06 4.200000000e+00 4.200000000e+00 0.000000000e+00 2.500000000e+01 2.500000000e+01 4.958893734e-06 
d 0.000000000e+00 0.000000000e+00 -5.350156964e-06 4.300000000e+00 4.300000000e+00 0.000000000e+00 2.500000000e+01 2.500000000e+01 5.350156971e-06 
d 0.000000000e+00 0.000000000e+00 -5.742020739e-06 4.400000000e+00 4.400000000e+00 0.000000000e+00 2.500000000e+01 2.500000000e+01 5.742020734e-06 
d 0.000000000e+00 0.000000000e+00 -6.129418957e-06 4.500000000e+00 4.500000000e+00 0.000000000e+00 2.500000000e+01 2.500000000e+01 6.129418948e-06 
d 0.000000000e+00 0.000000000e+00 -6.506280003e-06 4.600000000e+00 4.600000000e+00 0.000000000e+00 2.500000000e+01 2.500000000e+01 6.506279998e-06 
d 0.000000000e+00 0.000000000e+00 -6.868774896e-06 4.700000000e+00 4.700000000e+00 0.000000000e+00 2.500000000e+01 2.500000000e+01 6.868774897e-06 
d 0.000000000e+00 0.000000000e+00 -7.217301629e-06 4.800000000e+00 4.800000000e+00 0.000000000e+00 2.500000000e+01 2.500000000e+01 7.217301623e-06 
d 0.000000000e+00 0.000000000e+00 -7.557499432e-06 4.900000000e+00 4.900000000e+00 0.000000000e+00 2.500000000e+01 2.500000000e+01 7.557499439e-06 
d 0.000000000e+00 0.000000000e+00 -7.901215523e-06 5.000000000e+00 5.000000000e+00 0.000000000e+00 2.500000000e+01 2.500000000e+01 7.901215530e-06 
d 0.000000000e+00 0.000000000e+00 -8.268176749e-06 5.100000000e+00 5.100000000e+00 0.000000000e+00 2.500000000e+01 2.500000000e+01 8.268176753e-06 
d 0.000000000e+00 0.000000000e+00 -8.688804765e-06 5.200000000e+00 5.200000000e+00 0.000000000e+00 2.500000000e+01 2.500000000e+01 8.688804772e-06 
d 0.000000000e+00 0.000000000e+00 -9.208319453e-06 5.300000000e+00 5.300000000e+00 0.000000000e+00 2.500000000e+01 2.500000000e+01 9.208319455e-06 
d 0.000000000e+00 0.000000000e+00 -9.891782683e-06 5.400000000e+00 5.400000000e+00 0.000000000e+00 2.500000000e+01 2.500000000e+01 9.891782676e-06 
d 0.000000000e+00 0.000000000e+00 -1.082868558e-05 5.500000000e+00 5.500000000e+00 0.000000000e+00 2.500000000e+01 2.500000000e+01 1.082868558e-05 
d 0.000000000e+00 0.000000000e+00 -1.213388058e-05 5.600000000e+00 5.600000000e+00 0.000000000e+00 2.500000000e+01 2.500000000e+01 1.213388057e-05 
d 0.000000000e+00 0.000000000e+00 -1.393981407e-05 5.700000000e+00 5.700000000e+00 0.000000000e+00 2.500000000e+01 2.500000000e+01 1.393981407e-05 
d 0.000000000e+00 0.000000000e+00 -1.637570434e-05 5.800000000e+00 5.800000000e+00 0.000000000e+00 2.500000000e+01 2.500000000e+01 1.637570434e-05 
d 0.000000000e+00 0.000000000e+00 -1.953585581e-05 5.900000000e+00 5.900000000e+00 0.000000000e+00 2.500000000e+01 2.500000000e+01 1.953585581e-05 
d 0.000000000e+00 0.000000000e+00 -2.344999329e-05 6.000000000e+00 6.000000000e+00 0.000000000e+00 2.500000000e+01 2.500000000e+01 2.344999328e-05 
d 0.000000000e+00 0.000000000e+00 -2.807270154e-05 6.100000000e+00 6.100000000e+00 0.000000000e+00 2.500000000e+01 2.500000000e+01 2.807270154e-05 
d 0.000000000e+00 0.000000000e+00 -3.329845579e-05 6.200000000e+00 6.200000000e+00 0.000000000e+00 2.500000000e+01 2.500000000e+01 3.329845578e-05 
d 0.000000000e+00 0.000000000e+00 -3.899233987e-05 6.300000000e+00 6.300000000e+00 0.000000000e+00 2.500000000e+01 2.500000000e+01 3.899233987e-05 
d 0.000000000e+00 0.000000000e+00 -4.502044323e-05 6.400000000e+00 6.400000000e+00 0.000000000e+00 2.500000000e+01 2.500000000e+01 4.502044323e-05 
d 0.000000000e+00 0.000000000e+00 -5.127015513e-05 6.500000000e+00 6.500000000e+00 0.000000000e+00 2.500000000e+01 2.500000000e+01 5.127015512e-05 
d 0.000000000e+00 0.000000000e+00 -5.765939534e-05 6.600000000e+00 6.600000000e+00 0.000000000e+00 2.500000000e+01 2.500000000e+01 5.765939535e-05 
d 0.000000000e+00 0.000000000e+00 -6.413843840e-05 6.700000000e+00 6.700000000e+00 0.000000000e+00 2.500000000e+01 2.500000000e+01 6.413843839e-05 
d 0.000000000e+00 0.000000000e+00 -7.068844638e-05 6.800000000e+00 6.800000000e+00 0.000000000e+00 2.500000000e+01 2.500000000e+01 7.068844637e-05 
d 0.000000000e+00 0.000000000e+00 -7.731955337e-05 6.900000000e+00 6.900000000e+00 0.000000000e+00 2.500000000e+01 2.500000000e+01 7.731955336e-05 
d 0.000000000e+00 0.000000000e+00 -8.406993356e-05 7.000000000e+00 7.000000000e+00 0.000000000e+00 2.500000000e+01 2.500000000e+01 8.406993355e-05 
d 0.000000000e+00 0.000000000e+00 -9.100610884e-05 7.100000000e+00 7.100000000e+00 0.000000000e+00 2.500000000e+01 2.500000000e+01 9.100610883e-05 
d 0.000000000e+00 0.000000000e+00 -9.822360451e-05 7.200000000e+00 7.200000000e+00 0.000000000e+00 2.500000000e+01 2.500000000e+01 9.822360451e-05 
d 0.000000000e+00 0.000000000e+00 -1.058457977e-04 7.300000000e+00 7.300000000e+00 0.000000000e+00 2.500000000e+01 2.500000000e+01 1.058457977e-04 
d 0.000000000e+00 0.000000000e+00 -1.140178048e-04 7.400000000e+00 7.400000000e+00 0.000000000e+00 2.500000000e+01 2.500000000e+01 1.140178049e-04 
d 0.000000000e+00 0.000000000e+00 -1.228925750e-04 7.500000000e+00 7.500000000e+00 0.000000000e+00 2.500000000e+01 2.500000000e+01 1.228925750e-04 
d 0.000000000e+00 0.000000000e+00 -1.326091112e-04 7.600000000e+00 7.600000000e+00 0.000000000e+00 2.500000000e+01 2.500000000e+01 1.326091112e-04 
d 0.000000000e+00 0.000000000e+00 -1.432675614e-04 7.700000000e+00 7.700000000e+00 0.000000000e+00 2.500000000e+01 2.500000000e+01 1.432675614e-04 
d 0.000000000e+00 0.000000000e+00 -1.549097619e-04 7.800000000e+00 7.800000000e+00 0.000000000e+00 2.500000000e+01 2.500000000e+01 1.549097618e-04 
d 0.000000000e+00 0.000000000e+00 -1.675128539e-04 7.900000000e+00 7.900000000e+00 0.000000000e+00 2.500000000e+01 2.500000000e+01 1.675128539e-04 
d 0.000000000e+00 0.000000000e+00 -1.809975955e-04 8.000000000e+00 8.000000000e+00 0.000000000e+00 2.500000000e+01 2.500000000e+01 1.809975955e-04 
d 0.000000000e+00 0.000000000e+00 -1.952464454e-04 8.100000000e+00 8.100000000e+00 0.000000000e+00 2.500000000e+01 2.500000000e+01 1.952464454e-04 
d 0.000000000e+00 0.000000000e+00 -2.101239451e-04 8.200000000e+00 8.200000000e+00 0.000000000e+00 2.500000000e+01 2.500000000e+01 2.101239451e-04 
d 0.000000000e+00 0.000000000e+00 -2.254936892e-04 8.300000000e+00 8.300000000e+00 0.000000000e+00 2.500000000e+01 2.500000000e+01 2.254936892e-04 
d 0.000000000e+00 0.000000000e+00 -2.412295584e-04 8.400000000e+00 8.400000000e+00 0.000000000e+00 2.500000000e+01 2.500000000e+01 2.412295584e-04 
d 0.000000000e+00 0.000000000e+00 -2.572214966e-04 8.500000000e+00 8.500000000e+00 0.000000000e+00 2.500000000e+01 2.500000000e+01 2.572214966e-04 
d 0.000000000e+00 0.000000000e+00 -2.733772715e-04 8.600000000e+00 8.600000000e+00 0.000000000e+00 2.500000000e+01 2.500000000e+01 2.733772715e-04 
d 0.000000000e+00 0.000000000e+00 -2.896217766e-04 8.700000000e+00 8.700000000e+00 0.000000000e+00 2.500000000e+01 2.500000000e+01 2.896217766e-04 
d 0.000000000e+00 0.000000000e+00 -3.058950895e-04 8.800000000e+00 8.800000000e+00 0.000000000e+00 2.500000000e+01 2.500000000e+01 3.058950895e-04 
d 0.000000000e+00 0.000000000e+00 -3.221500838e-04 8.900000000e+00 8.900000000e+00 0.000000000e+00 2.500000000e+01 2.500000000e+01 3.221500838e-04 
d 0.000000000e+00 0.000000000e+00 -3.383500522e-04 9.000000000e+00 9.000000000e+00 0.000000000e+00 2.500000000e+01 2.500000000e+01 3.383500522e-04 
d 0.000000000e+00 0.000000000e+00 -3.544665634e-04 9.100000000e+00 9.100000000e+00 0.000000000e+00 2.500000000e+01 2.500000000e+01 3.544665634e-04 
d 0.000000000e+00 0.000000000e+00 -3.704776382e-04 9.200000000e+00 9.200000000e+00 0.000000000e+00 2.500000000e+01 2.500000000e+01 3.704776382e-04 
d 0.000000000e+00 0.000000000e+00 -3.863662529e-04 9.300000000e+00 9.300000000e+00 0.000000000e+00 2.500000000e+01 2.500000000e+01 3.863662529e-04 
d 0.000000000e+00 0.000000000e+00 -4.021191387e-04 9.400000000e+00 9.400000000e+00 0.000000000e+00 2.500000000e+01 2.500000000e+01 4.021191387e-04 
d 0.000000000e+00 0.000000000e+00 -4.177258344e-04 9.500000000e+00 9.500000000e+00 0.000000000e+00 2.500000000e+01 2.500000000e+01 4.177258344e-04 
d 0.000000000e+00 0.000000000e+00 -4.331779488e-04 9.600000000e+00 9.600000000e+00 0.000000000e+00 2.500000000e+01 2.500000000e+01 4.331779488e-04 
d 0.000000000e+00 0.000000000e+00 -4.484685894e-04 9.700000000e+00 9.700000000e+00 0.000000000e+00 2.500000000e+01 2.500000000e+01 4.484685894e-04 
d 0.000000000e+00 0.000000000e+00 -4.635919251e-04 9.800000000e+00 9.800000000e+00 0.000000000e+00 2.500000000e+01 2.500000000e+01 4.635919251e-04 
d 0.000000000e+00 0.000000000e+00 -4.785428537e-04 9.900000000e+00 9.900000000e+00 0.000000000e+00 2.500000000e+01 2.500000000e+01 4.785428537e-04 
d 0.000000000e+00 0.000000000e+00 -4.933167490e-04 1.000000000e+01 1.000000000e+01 0.000000000e+00 2.500000000e+01 2.500000000e+01 4.933167490e-04 
d 0.000000000e+00 0.000000000e+00 -5.079092591e-04 1.010000000e+01 1.010000000e+01 0.000000000e+00 2.500000000e+01 2.500000000e+01 5.079092591e-04 
d 0.000000000e+00 0.000000000e+00 -5.223161134e-04 1.020000000e+01 1.020000000e+01 0.000000000e+00 2.500000000e+01 2.500000000e+01 5.223161134e-04 
d 0.000000000e+00 0.000000000e+00 -5.365329006e-04 1.030000000e+01 1.030000000e+01 0.000000000e+00 2.500000000e+01 2.500000000e+01 5.365329006e-04 
d 0.000000000e+00 0.000000000e+00 -5.505547999e-04 1.040000000e+01 1.040000000e+01 0.000000000e+00 2.500000000e+01 2.500000000e+01 5.505547999e-04 
d 0.000000000e+00 0.000000000e+00 -5.643762659e-04 1.050000000e+01 1.050000000e+01 0.000000000e+00 2.500000000e+01 2.500000000e+01 5.643762659e-04 
d 0.000000000e+00 0.000000000e+00 -5.779906579e-04 1.060000000e+01 1.060000000e+01 0.000000000e+00 2.500000000e+01 2.500000000e+01 5.779906579e-04 
d 0.000000000e+00 0.000000000e+00 -5.913897711e-04 1.070000000e+01 1.070000000e+01 0.000000000e+00 2.500000000e+01 2.500000000e+01 5.913897711e-04 
d 0.000000000e+00 0.000000000e+00 -6.045631791e-04 1.080000000e+01 1.080000000e+01 0.000000000e+00 2.500000000e+01 2.500000000e+01 6.045631791e-04 
d 0.000000000e+00 0.000000000e+00 -6.174972323e-04 1.090000000e+01 1.090000000e+01 0.000000000e+00 2.500000000e+01 2.500000000e+01 6.174972323e-04 
d 0.000000000e+00 0.000000000e+00 -6.301734160e-04 1.100000000e+01 1.100000000e+01 0.000000000e+00 2.500000000e+01 2.500000000e+01 6.301734160e-04 
d 0.000000000e+00 0.000000000e+00 -6.425654465e-04 1.110000000e+01 1.110000000e+01 0.000000000e+00 2.500000000e+01 2.500000000e+01 6.425654465e-04 
d 0.000000000e+00 0.000000000e+00 -6.546336930e-04 1.120000000e+01 1.120000000e+01 0.000000000e+00 2.500000000e+01 2.500000000e+01 6.546336930e-04 
d 0.000000000e+00 0.000000000e+00 -6.663133551e-04 1.130000000e+01 1.130000000e+01 0.000000000e+00 2.500000000e+01 2.500000000e+01 6.663133551e-04 
d 0.000000000e+00 0.000000000e+00 -6.774880131e-04 1.140000000e+01 1.140000000e+01 0.000000000e+00 2.500000000e+01 2.500000000e+01 6.774880131e-04 
d 0.000000000e+00 0.000000000e+00 -6.880199746e-04 1.150000000e+01 1.150000000e+01 0.000000000e+00 2.500000000e+01 2.500000000e+01 6.880199746e-04 
d 0.000000000e+00 0.000000000e+00 -6.979503558e-04 1.160000000e+01 1.160000000e+01 0.000000000e+00 2.500000000e+01 2.500000000e+01 6.979503558e-04 
d 0.000000000e+00 0.000000000e+00 -7.073527110e-04 1.170000000e+01 1.170000000e+01 0.000000000e+00 2.500000000e+01 2.500000000e+01 7.073527110e-04 
d 0.000000000e+00 0.000000000e+00 -7.162803028e-04 1.180000000e+01 1.180000000e+01 0.000000000e+00 2.500000000e+01 2.500000000e+01 7.162803028e-04 
d 0.000000000e+00 0.000000000e+00 -7.247780458e-04 1.190000000e+01 1.190000000e+01 0.000000000e+00 2.500000000e+01 2.500000000e+01 7.247780458e-04 
d 0.000000000e+00 0.000000000e+00 -7.328853203e-04 1.200000000e+01 1.200000000e+01 0.000000000e+00 2.500000000e+01 2.500000000e+01 7.328853203e-04 
d 0.000000000e+00 0.000000000e+00 -7.406366439e-04 1.210000000e+01 1.210000000e+01 0.000000000e+00 2.500000000e+01 2.500000000e+01 7.406366439e-04 
d 0.000000000e+00 0.000000000e+00 -7.480628592e-04 1.220000000e+01 1.220000000e+01 0.000000000e+00 2.500000000e+01 2.500000000e+01 7.480628592e-04 
d 0.000000000e+00 0.000000000e+00 -7.551904122e-04 1.230000000e+01 1.230000000e+01 0.000000000e+00 2.500000000e+01 2.500000000e+01 7.551904122e-04 
d 0.000000000e+00 0.000000000e+00 -7.620435734e-04 1.240000000e+01 1.240000000e+01 0.000000000e+00 2.500000000e+01 2.500000000e+01 7.620435734e-04 
d 0.000000000e+00 0.000000000e+00 -7.686432738e-04 1.250000000e+01 1.250000000e+01 0.000000000e+00 2.500000000e+01 2.500000000e+01 7.686432738e-04 
d 0.000000000e+00 0.000000000e+00 -7.750074677e-04 1.260000000e+01 1.260000000e+01 0.000000000e+00 2.500000000e+01 2.500000000e+01 7.750074677e-04 
d 0.000000000e+00 0.000000000e+00 -7.811544213e-04 1.270000000e+01 1.270000000e+01 0.000000000e+00 2.500000000e+01 2.500000000e+01 7.811544213e-04 
d 0.000000000e+00 0.000000000e+00 -7.870978251e-04 1.280000000e+01 1.280000000e+01 0.000000000e+00 2.500000000e+01 2.500000000e+01 7.870978251e-04 
d 0.000000000e+00 0.000000000e+00 -7.928505235e-04 1.290000000e+01 1.290000000e+01 0.000000000e+00 2.500000000e+01 2.500000000e+01 7.928505235e-04 
d 0.000000000e+00 0.000000000e+00 -7.984267998e-04 1.300000000e+01 1.300000000e+01 0.000000000e+00 2.500000000e+01 2.500000000e+01 7.984267998e-04 
d 0.000000000e+00 0.000000000e+00 -8.038363616e-04 1.310000000e+01 1.310000000e+01 0.000000000e+00 2.500000000e+01 2.500000000e+01 8.038363616e-04 
d 0.000000000e+00 0.000000000e+00 -8.090874088e-04 1.320000000e+01 1.320000000e+01 0.000000000e+00 2.500000000e+01 2.500000000e+01 8.090874088e-04 
d 0.000000000e+00 0.000000000e+00 -8.141911387e-04 1.330000000e+01 1.330000000e+01 0.000000000e+00 2.500000000e+01 2.500000000e+01 8.141911387e-04 
d 0.000000000e+00 0.000000000e+00 -8.191567343e-04 1.340000000e+01 1.340000000e+01 0.000000000e+00 2.500000000e+01 2.500000000e+01 8.191567343e-04 
d 0.000000000e+00 0.000000000e+00 -8.239892007e-04 1.350000000e+01 1.350000000e+01 0.000000000e+00 2.500000000e+01 2.500000000e+01 8.239892007e-04 
d 0.000000000e+00 0.000000000e+00 -8.286946925e-04 1.360000000e+01 1.360000000e+01 0.000000000e+00 2.500000000e+01 2.500000000e+01 8.286946925e-04 
d 0.000000000e+00 0.000000000e+00 -8.332819865e-04 1.370000000e+01 1.370000000e+01 0.000000000e+00 2.500000000e+01 2.500000000e+01 8.332819865e-04 
d 0.000000000e+00 0.000000000e+00 -8.377578955e-04 1.380000000e+01 1.380000000e+01 0.000000000e+00 2.500000000e+01 2.500000000e+01 8.377578955e-04 
d 0.000000000e+00 0.000000000e+00 -8.421256382e-04 1.390000000e+01 1.390000000e+01 0.000000000e+00 2.500000000e+01 2.500000000e+01 8.421256382e-04 
d 0.000000000e+00 0.000000000e+00 -8.463885187e-04 1.400000000e+01 1.400000000e+01 0.000000000e+00 2.500000000e+01 2.500000000e+01 8.463885187e-04 
d 0.000000000e+00 0.000000000e+00 -8.505524935e-04 1.410000000e+01 1.410000000e+01 0.000000000e+00 2.500000000e+01 2.500000000e+01 8.505524935e-04 
d 0.000000000e+00 0.000000000e+00 -8.546239729e-04 1.420000000e+01 1.420000000e+01 0.000000000e+00 2.500000000e+01 2.500000000e+01 8.546239729e-04 
d 0.000000000e+00 0.000000000e+00 -8.586068866e-04 1.430000000e+01 1.430000000e+01 0.000000000e+00 2.500000000e+01 2.500000000e+01 8.586068866e-04 
d 0.000000000e+00 0.000000000e+00 -8.625029611e-04 1.440000000e+01 1.440000000e+01 0.000000000e+00 2.500000000e+01 2.500000000e+01 8.625029611e-04 
d 0.000000000e+00 0.000000000e+00 -8.663143999e-04 1.450000000e+01 1.450000000e+01 0.000000000e+00 2.500000000e+01 2.500000000e+01 8.663143999e-04 
d 0.000000000e+00 0.000000000e+00 -8.700454070e-04 1.460000000e+01 1.460000000e+01 0.000000000e+00 2.500000000e+01 2.500000000e+01 8.700454070e-04 
d 0.000000000e+00 0.000000000e+00 -8.737009857e-04 1.470000000e+01 1.470000000e+01 0.000000000e+00 2.500000000e+01 2.500000000e+01 8.737009857e-04 
d 0.000000000e+00 0.000000000e+00 -8.772849080e-04 1.480000000e+01 1.480000000e+01 0.000000000e+00 2.500000000e+01 2.500000000e+01 8.772849080e-04 
d 0.000000000e+00 0.000000000e+00 -8.807990522e-04 1.490000000e+01 1.490000000e+01 0.000000000e+00 2.500000000e+01 2.500000000e+01 8.807990521e-04 
d 0.000000000e+00 0.000000000e+00 -8.842444666e-04 1.500000000e+01 1.500000000e+01 0.000000000e+00 2.500000000e+01 2.500000000e+01 8.842444666e-04 
d 0.000000000e+00 0.000000000e+00 -8.876229201e-04 1.510000000e+01 1.510000000e+01 0.000000000e+00 2.500000000e+01 2.500000000e+01 8.876229201e-04 
d 0.000000000e+00 0.000000000e+00 -8.909374484e-04 1.520000000e+01 1.520000000e+01 0.000000000e+00 2.500000000e+01 2.500000000e+01 8.909374484e-04 
d 0.000000000e+00 0.000000000e+00 -8.941916032e-04 1.530000000e+01 1.530000000e+01 0.000000000e+00 2.500000000e+01 2.500000000e+01 8.941916032e-04 
d 0.000000000e+00 0.000000000e+00 -8.973883069e-04 1.540000000e+01 1.540000000e+01 0.000000000e+00 2.500000000e+01 2.500000000e+01 8.973883069e-04 
d 0.000000000e+00 0.000000000e+00 -9.005292816e-04 1.550000000e+01 1.550000000e+01 0.000000000e+00 2.500000000e+01 2.500000000e+01 9.005292816e-04 
d 0.000000000e+00 0.000000000e+00 -9.036153421e-04 1.560000000e+01 1.560000000e+01 0.000000000e+00 2.500000000e+01 2.500000000e+01 9.036153421e-04 
d 0.000000000e+00 0.000000000e+00 -9.066471983e-04 1.570000000e+01 1.570000000e+01 0.000000000e+00 2.500000000e+01 2.500000000e+01 9.066471983e-04 
d 0.000000000e+00 0.000000000e+00 -9.096261475e-04 1.580000000e+01 1.580000000e+01 0.000000000e+00 2.500000000e+01 2.500000000e+01 9.096261475e-04 
d 0.000000000e+00 0.000000000e+00 -9.125542269e-04 1.590000000e+01 1.590000000e+01 0.000000000e+00 2.500000000e+01 2.500000000e+01 9.125542269e-04 
d 0.000000000e+00 0.000000000e+00 -9.154338210e-04 1.600000000e+01 1.600000000e+01 0.000000000e+00 2.500000000e+01 2.500000000e+01 9.154338210e-04 
d 0.000000000e+00 0.000000000e+00 -9.182670763e-04 1.610000000e+01 1.610000000e+01 0.000000000e+00 2.500000000e+01 2.500000000e+01 9.182670763e-04 
d 0.000000000e+00 0.000000000e+00 -9.210555213e-04 1.620000000e+01 1.620000000e+01 0.000000000e+00 2.500000000e+01 2.500000000e+01 9.210555213e-04 
d 0.000000000e+00 0.000000000e+00 -9.238000613e-04 1.630000000e+01 1.630000000e+01 0.000000000e+00 2.500000000e+01 2.500000000e+01 9.238000613e-04 
d 0.000000000e+00 0.000000000e+00 -9.265012621e-04 1.640000000e+01 1.640000000e+01 0.000000000e+00 2.500000000e+01 2.500000000e+01 9.265012621e-04 
d 0.000000000e+00 0.000000000e+00 -9.291597248e-04 1.650000000e+01 1.650000000e+01 0.000000000e+00 2.500000000e+01 2.500000000e+01 9.291597248e-04 
d 0.000000000e+00 0.000000000e+00 -9.317763763e-04 1.660000000e+01 1.660000000e+01 0.000000000e+00 2.500000000e+01 2.500000000e+01 9.317763763e-04 
d 0.000000000e+00 0.000000000e+00 -9.343525620e-04 1.670000000e+01 1.670000000e+01 0.000000000e+00 2.500000000e+01 2.500000000e+01 9.343525620e-04 
d 0.000000000e+00 0.000000000e+00 -9.368899139e-04 1.680000000e+01 1.680000000e+01 0.000000000e+00 2.500000000e+01 2.500000000e+01 9.368899139e-04 
d 0.000000000e+00 0.000000000e+00 -9.393900876e-04 1.690000000e+01 1.690000000e+01 0.000000000e+00 2.500000000e+01 2.500000000e+01 9.393900876e-04 
d 0.000000000e+00 0.000000000e+00 -9.418545242e-04 1.700000000e+01 1.700000000e+01 0.000000000e+00 2.500000000e+01 2.500000000e+01 9.418545242e-04 
d 0.000000000e+00 0.000000000e+00 -9.442843464e-04 1.710000000e+01 1.710000000e+01 0.000000000e+00 2.500000000e+01 2.500000000e+01 9.442843464e-04 
d 0.000000000e+00 0.000000000e+00 -9.466803866e-04 1.720000000e+01 1.720000000e+01 0.000000000e+00 2.500000000e+01 2.500000000e+01 9.466803866e-04 
d 0.000000000e+00 0.000000000e+00 -9.490432943e-04 1.730000000e+01 1.730000000e+01 0.000000000e+00 2.500000000e+01 2.500000000e+01 9.490432943e-04 
d 0.000000000e+00 0.000000000e+00 -9.513736732e-04 1.740000000e+01 1.740000000e+01 0.000000000e+00 2.500000000e+01 2.500000000e+01 9.513736732e-04 
d 0.000000000e+00 0.000000000e+00 -9.536722172e-04 1.750000000e+01 1.750000000e+01 0.000000000e+00 2.500000000e+01 2.500000000e+01 9.536722171e-04 
d 0.000000000e+00 0.000000000e+00 -9.559398066e-04 1.760000000e+01 1.760000000e+01 0.000000000e+00 2.500000000e+01 2.500000000e+01 9.559398066e-04 
d 0.000000000e+00 0.000000000e+00 -9.581775168e-04 1.770000000e+01 1.770000000e+01 0.000000000e+00 2.500000000e+01 2.500000000e+01 9.581775168e-04 
d 0.000000000e+00 0.000000000e+00 -9.603865256e-04 1.780000000e+01 1.780000000e+01 0.000000000e+00 2.500000000e+01 2.500000000e+01 9.603865256e-04 
d 0.000000000e+00 0.000000000e+00 -9.625679675e-04 1.790000000e+01 1.790000000e+01 0.000000000e+00 2.500000000e+01 2.500000000e+01 9.625679675e-04 
d 0.000000000e+00 0.000000000e+00 -9.647228031e-04 1.800000000e+01 1.800000000e+01 0.000000000e+00 2.500000000e+01 2.500000000e+01 9.647228031e-04 
d 0.000000000e+00 0.000000000e+00 -9.668517518e-04 1.810000000e+01 1.810000000e+01 0.000000000e+00 2.500000000e+01 2.500000000e+01 9.668517518e-04 
d 0.000000000e+00 0.000000000e+00 -9.689552930e-04 1.820000000e+01 1.820000000e+01 0.000000000e+00 2.500000000e+01 2.500000000e+01 9.689552930e-04 
d 0.000000000e+00 0.000000000e+00 -9.710337127e-04 1.830000000e+01 1.830000000e+01 0.000000000e+00 2.500000000e+01 2.500000000e+01 9.710337127e-04 
d 0.000000000e+00 0.000000000e+00 -9.730871664e-04 1.840000000e+01 1.840000000e+01 0.000000000e+00 2.500000000e+01 2.500000000e+01 9.730871665e-04 
d 0.000000000e+00 0.000000000e+00 -9.751157380e-04 1.850000000e+01 1.850000000e+01 0.000000000e+00 2.500000000e+01 2.500000000e+01 9.751157380e-04 
d 0.000000000e+00 0.000000000e+00 -9.771194972e-04 1.860000000e+01 1.860000000e+01 0.000000000e+00 2.500000000e+01 2.500000000e+01 9.771194972e-04 
d 0.000000000e+00 0.000000000e+00 -9.790985661e-04 1.870000000e+01 1.870000000e+01 0.000000000e+00 2.500000000e+01 2.500000000e+01 9.790985661e-04 
d 0.000000000e+00 0.000000000e+00 -9.810531911e-04 1.880000000e+01 1.880000000e+01 0.000000000e+00 2.500000000e+01 2.500000000e+01 9.810531911e-04 
d 0.000000000e+00 0.000000000e+00 -9.829837982e-04 1.890000000e+01 1.890000000e+01 0.000000000e+00 2.500000000e+01 2.500000000e+01 9.829837982e-04 
d 0.000000000e+00 0.000000000e+00 -9.848909990e-04 1.900000000e+01 1.900000000e+01 0.000000000e+00 2.500000000e+01 2.500000000e+01 9.848909990e-04 
d 0.000000000e+00 0.000000000e+00 -9.867755403e-04 1.910000000e+01 1.910000000e+01 0.000000000e+00 2.500000000e+01 2.500000000e+01 9.867755403e-04 
d 0.000000000e+00 0.000000000e+00 -9.886382196e-04 1.920000000e+01 1.920000000e+01 0.000000000e+00 2.500000000e+01 2.500000000e+01 9.886382196e-04 
d 0.000000000e+00 0.000000000e+00 -9.904798019e-04 1.930000000e+01 1.930000000e+01 0.000000000e+00 2.500000000e+01 2.500000000e+01 9.904798019e-04 
d 0.000000000e+00 0.000000000e+00 -9.923009634e-04 1.940000000e+01 1.940000000e+01 0.000000000e+00 2.500000000e+01 2.500000000e+01 9.923009634e-04 
d 0.000000000e+00 0.000000000e+00 -9.941022689e-04 1.950000000e+01 1.950000000e+01 0.000000000e+00 2.500000000e+01 2.500000000e+01 9.941022688e-04 
d 0.000000000e+00 0.000000000e+00 -9.958841740e-04 1.960000000e+01 1.960000000e+01 0.000000000e+00 2.500000000e+01 2.500000000e+01 9.958841740e-04 
d 0.000000000e+00 0.000000000e+00 -9.976470386e-04 1.970000000e+01 1.970000000e+01 0.000000000e+00 2.500000000e+01 2.500000000e+01 9.976470386e-04 
d 0.000000000e+00 0.000000000e+00 -9.993911379e-04 1.980000000e+01 1.980000000e+01 0.000000000e+00 2.500000000e+01 2.500000000e+01 9.993911379e-04 
d 0.000000000e+00 0.000000000e+00 -1.001116668e-03 1.990000000e+01 1.990000000e+01 0.000000000e+00 2.500000000e+01 2.500000000e+01 1.001116668e-03 
d 0.000000000e+00 0.000000000e+00 -1.002823748e-03 2.000000000e+01 2.000000000e+01 0.000000000e+00 2.500000000e+01 2.500000000e+01 1.002823748e-03 
