v ATLAS
# This file was created by ATLAS version 5.38.0.R on Mon Jul 27 21:19:09 2026.
#SSF 2.0 generic
##############################################################################
#                    Copyright (c) 1984 - 2024                               #
#                    Silvaco Inc. All rights reserved                        #
#                                                                            #
# This file format and the following Key are copyright Silvaco Inc.          #
# You may not use, this format or key without reproducing this message in    #
# full and obtaining express written permission from Silvaco Inc.            #
#                                                                            #
# To obtain such permission please contact: Silvaco Inc.                     #
#                                           support@silvaco.com              #
#                                                                            #
# KEY=SVC86hn7562asdx                       PROD=345                         #
##############################################################################
y 3 700 711 15
z 2 0.03 300
f 3 "source" "gate" "drain" 
p 9 2 601 20 3 602 21 4 603 22 
d 0.000000000e+00 0.000000000e+00 -2.924364458e-14 0.000000000e+00 0.000000000e+00 0.000000000e+00 2.000000000e+01 2.000000000e+01 3.143517343e-14 
d 0.000000000e+00 0.000000000e+00 -6.037684085e-14 1.000000000e-01 1.000000000e-01 0.000000000e+00 2.000000000e+01 2.000000000e+01 5.768384114e-14 
d 0.000000000e+00 0.000000000e+00 -1.250767599e-13 2.000000000e-01 2.000000000e-01 0.000000000e+00 2.000000000e+01 2.000000000e+01 1.241125674e-13 
d 0.000000000e+00 0.000000000e+00 -2.593650306e-13 3.000000000e-01 3.000000000e-01 0.000000000e+00 2.000000000e+01 2.000000000e+01 2.604911714e-13 
d 0.000000000e+00 0.000000000e+00 -5.369653058e-13 4.000000000e-01 4.000000000e-01 0.000000000e+00 2.000000000e+01 2.000000000e+01 5.388041905e-13 
d 0.000000000e+00 0.000000000e+00 -1.105402628e-12 5.000000000e-01 5.000000000e-01 0.000000000e+00 2.000000000e+01 2.000000000e+01 1.105350982e-12 
d 0.000000000e+00 0.000000000e+00 -2.254851273e-12 6.000000000e-01 6.000000000e-01 0.000000000e+00 2.000000000e+01 2.000000000e+01 2.254156854e-12 
d 0.000000000e+00 0.000000000e+00 -4.557498657e-12 7.000000000e-01 7.000000000e-01 0.000000000e+00 2.000000000e+01 2.000000000e+01 4.556368279e-12 
d 0.000000000e+00 0.000000000e+00 -9.128589681e-12 8.000000000e-01 8.000000000e-01 0.000000000e+00 2.000000000e+01 2.000000000e+01 9.127328588e-12 
d 0.000000000e+00 0.000000000e+00 -1.805959460e-11 9.000000000e-01 9.000000000e-01 0.000000000e+00 2.000000000e+01 2.000000000e+01 1.805767814e-11 
d 0.000000000e+00 0.000000000e+00 -3.492291638e-11 1.000000000e+00 1.000000000e+00 0.000000000e+00 2.000000000e+01 2.000000000e+01 3.492243007e-11 
d 0.000000000e+00 0.000000000e+00 -6.507602402e-11 1.100000000e+00 1.100000000e+00 0.000000000e+00 2.000000000e+01 2.000000000e+01 6.507751098e-11 
d 0.000000000e+00 0.000000000e+00 -1.159011179e-10 1.200000000e+00 1.200000000e+00 0.000000000e+00 2.000000000e+01 2.000000000e+01 1.159014419e-10 
d 0.000000000e+00 0.000000000e+00 -1.986063082e-10 1.300000000e+00 1.300000000e+00 0.000000000e+00 2.000000000e+01 2.000000000e+01 1.986094887e-10 
d 0.000000000e+00 0.000000000e+00 -3.353157451e-10 1.400000000e+00 1.400000000e+00 0.000000000e+00 2.000000000e+01 2.000000000e+01 3.353173523e-10 
d 0.000000000e+00 0.000000000e+00 -5.719243458e-10 1.500000000e+00 1.500000000e+00 0.000000000e+00 2.000000000e+01 2.000000000e+01 5.719313843e-10 
d 0.000000000e+00 0.000000000e+00 -9.959217938e-10 1.600000000e+00 1.600000000e+00 0.000000000e+00 2.000000000e+01 2.000000000e+01 9.959283463e-10 
d 0.000000000e+00 0.000000000e+00 -1.754313709e-09 1.700000000e+00 1.700000000e+00 0.000000000e+00 2.000000000e+01 2.000000000e+01 1.754305421e-09 
d 0.000000000e+00 0.000000000e+00 -3.062354982e-09 1.800000000e+00 1.800000000e+00 0.000000000e+00 2.000000000e+01 2.000000000e+01 3.062356625e-09 
d 0.000000000e+00 0.000000000e+00 -5.198788301e-09 1.900000000e+00 1.900000000e+00 0.000000000e+00 2.000000000e+01 2.000000000e+01 5.198783510e-09 
d 0.000000000e+00 0.000000000e+00 -8.417322487e-09 2.000000000e+00 2.000000000e+00 0.000000000e+00 2.000000000e+01 2.000000000e+01 8.417321191e-09 
d 0.000000000e+00 0.000000000e+00 -1.272552024e-08 2.100000000e+00 2.100000000e+00 0.000000000e+00 2.000000000e+01 2.000000000e+01 1.272552680e-08 
d 0.000000000e+00 0.000000000e+00 -1.779879189e-08 2.200000000e+00 2.200000000e+00 0.000000000e+00 2.000000000e+01 2.000000000e+01 1.779879237e-08 
d 0.000000000e+00 0.000000000e+00 -2.325907495e-08 2.300000000e+00 2.300000000e+00 0.000000000e+00 2.000000000e+01 2.000000000e+01 2.325907337e-08 
d 0.000000000e+00 0.000000000e+00 -2.905225811e-08 2.400000000e+00 2.400000000e+00 0.000000000e+00 2.000000000e+01 2.000000000e+01 2.905225563e-08 
d 0.000000000e+00 0.000000000e+00 -3.564830211e-08 2.500000000e+00 2.500000000e+00 0.000000000e+00 2.000000000e+01 2.000000000e+01 3.564830394e-08 
d 0.000000000e+00 0.000000000e+00 -4.414559960e-08 2.600000000e+00 2.600000000e+00 0.000000000e+00 2.000000000e+01 2.000000000e+01 4.414560051e-08 
d 0.000000000e+00 0.000000000e+00 -5.635794742e-08 2.700000000e+00 2.700000000e+00 0.000000000e+00 2.000000000e+01 2.000000000e+01 5.635795039e-08 
d 0.000000000e+00 0.000000000e+00 -7.480107993e-08 2.800000000e+00 2.800000000e+00 0.000000000e+00 2.000000000e+01 2.000000000e+01 7.480108879e-08 
d 0.000000000e+00 0.000000000e+00 -1.026301875e-07 2.900000000e+00 2.900000000e+00 0.000000000e+00 2.000000000e+01 2.000000000e+01 1.026301867e-07 
d 0.000000000e+00 0.000000000e+00 -1.441372654e-07 3.000000000e+00 3.000000000e+00 0.000000000e+00 2.000000000e+01 2.000000000e+01 1.441372662e-07 
d 0.000000000e+00 0.000000000e+00 -2.063882318e-07 3.100000000e+00 3.100000000e+00 0.000000000e+00 2.000000000e+01 2.000000000e+01 2.063882355e-07 
d 0.000000000e+00 0.000000000e+00 -3.010646801e-07 3.200000000e+00 3.200000000e+00 0.000000000e+00 2.000000000e+01 2.000000000e+01 3.010646888e-07 
d 0.000000000e+00 0.000000000e+00 -4.441481586e-07 3.300000000e+00 3.300000000e+00 0.000000000e+00 2.000000000e+01 2.000000000e+01 4.441481607e-07 
d 0.000000000e+00 0.000000000e+00 -6.516373803e-07 3.400000000e+00 3.400000000e+00 0.000000000e+00 2.000000000e+01 2.000000000e+01 6.516373750e-07 
d 0.000000000e+00 0.000000000e+00 -9.330016552e-07 3.500000000e+00 3.500000000e+00 0.000000000e+00 2.000000000e+01 2.000000000e+01 9.330016632e-07 
d 0.000000000e+00 0.000000000e+00 -1.286809708e-06 3.600000000e+00 3.600000000e+00 0.000000000e+00 2.000000000e+01 2.000000000e+01 1.286809705e-06 
d 0.000000000e+00 0.000000000e+00 -1.699490662e-06 3.700000000e+00 3.700000000e+00 0.000000000e+00 2.000000000e+01 2.000000000e+01 1.699490667e-06 
d 0.000000000e+00 0.000000000e+00 -2.147400315e-06 3.800000000e+00 3.800000000e+00 0.000000000e+00 2.000000000e+01 2.000000000e+01 2.147400309e-06 
d 0.000000000e+00 0.000000000e+00 -2.604315662e-06 3.900000000e+00 3.900000000e+00 0.000000000e+00 2.000000000e+01 2.000000000e+01 2.604315663e-06 
d 0.000000000e+00 0.000000000e+00 -3.049994729e-06 4.000000000e+00 4.000000000e+00 0.000000000e+00 2.000000000e+01 2.000000000e+01 3.049994725e-06 
d 0.000000000e+00 0.000000000e+00 -3.473640053e-06 4.100000000e+00 4.100000000e+00 0.000000000e+00 2.000000000e+01 2.000000000e+01 3.473640051e-06 
d 0.000000000e+00 0.000000000e+00 -3.872794678e-06 4.200000000e+00 4.200000000e+00 0.000000000e+00 2.000000000e+01 2.000000000e+01 3.872794672e-06 
d 0.000000000e+00 0.000000000e+00 -4.250934681e-06 4.300000000e+00 4.300000000e+00 0.000000000e+00 2.000000000e+01 2.000000000e+01 4.250934688e-06 
d 0.000000000e+00 0.000000000e+00 -4.615212101e-06 4.400000000e+00 4.400000000e+00 0.000000000e+00 2.000000000e+01 2.000000000e+01 4.615212108e-06 
d 0.000000000e+00 0.000000000e+00 -4.974094520e-06 4.500000000e+00 4.500000000e+00 0.000000000e+00 2.000000000e+01 2.000000000e+01 4.974094528e-06 
d 0.000000000e+00 0.000000000e+00 -5.334469480e-06 4.600000000e+00 4.600000000e+00 0.000000000e+00 2.000000000e+01 2.000000000e+01 5.334469481e-06 
d 0.000000000e+00 0.000000000e+00 -5.698918675e-06 4.700000000e+00 4.700000000e+00 0.000000000e+00 2.000000000e+01 2.000000000e+01 5.698918676e-06 
d 0.000000000e+00 0.000000000e+00 -6.064962197e-06 4.800000000e+00 4.800000000e+00 0.000000000e+00 2.000000000e+01 2.000000000e+01 6.064962189e-06 
d 0.000000000e+00 0.000000000e+00 -6.427136673e-06 4.900000000e+00 4.900000000e+00 0.000000000e+00 2.000000000e+01 2.000000000e+01 6.427136669e-06 
d 0.000000000e+00 0.000000000e+00 -6.780487222e-06 5.000000000e+00 5.000000000e+00 0.000000000e+00 2.000000000e+01 2.000000000e+01 6.780487223e-06 
d 0.000000000e+00 0.000000000e+00 -7.123454133e-06 5.100000000e+00 5.100000000e+00 0.000000000e+00 2.000000000e+01 2.000000000e+01 7.123454128e-06 
d 0.000000000e+00 0.000000000e+00 -7.459553293e-06 5.200000000e+00 5.200000000e+00 0.000000000e+00 2.000000000e+01 2.000000000e+01 7.459553295e-06 
d 0.000000000e+00 0.000000000e+00 -7.798519686e-06 5.300000000e+00 5.300000000e+00 0.000000000e+00 2.000000000e+01 2.000000000e+01 7.798519694e-06 
d 0.000000000e+00 0.000000000e+00 -8.157811887e-06 5.400000000e+00 5.400000000e+00 0.000000000e+00 2.000000000e+01 2.000000000e+01 8.157811881e-06 
d 0.000000000e+00 0.000000000e+00 -8.565092998e-06 5.500000000e+00 5.500000000e+00 0.000000000e+00 2.000000000e+01 2.000000000e+01 8.565093003e-06 
d 0.000000000e+00 0.000000000e+00 -9.061949927e-06 5.600000000e+00 5.600000000e+00 0.000000000e+00 2.000000000e+01 2.000000000e+01 9.061949932e-06 
d 0.000000000e+00 0.000000000e+00 -9.708630525e-06 5.700000000e+00 5.700000000e+00 0.000000000e+00 2.000000000e+01 2.000000000e+01 9.708630531e-06 
d 0.000000000e+00 0.000000000e+00 -1.058864644e-05 5.800000000e+00 5.800000000e+00 0.000000000e+00 2.000000000e+01 2.000000000e+01 1.058864644e-05 
d 0.000000000e+00 0.000000000e+00 -1.181045811e-05 5.900000000e+00 5.900000000e+00 0.000000000e+00 2.000000000e+01 2.000000000e+01 1.181045812e-05 
d 0.000000000e+00 0.000000000e+00 -1.350160219e-05 6.000000000e+00 6.000000000e+00 0.000000000e+00 2.000000000e+01 2.000000000e+01 1.350160219e-05 
d 0.000000000e+00 0.000000000e+00 -1.579069329e-05 6.100000000e+00 6.100000000e+00 0.000000000e+00 2.000000000e+01 2.000000000e+01 1.579069329e-05 
d 0.000000000e+00 0.000000000e+00 -1.877800591e-05 6.200000000e+00 6.200000000e+00 0.000000000e+00 2.000000000e+01 2.000000000e+01 1.877800592e-05 
d 0.000000000e+00 0.000000000e+00 -2.250538158e-05 6.300000000e+00 6.300000000e+00 0.000000000e+00 2.000000000e+01 2.000000000e+01 2.250538159e-05 
d 0.000000000e+00 0.000000000e+00 -2.694203313e-05 6.400000000e+00 6.400000000e+00 0.000000000e+00 2.000000000e+01 2.000000000e+01 2.694203313e-05 
d 0.000000000e+00 0.000000000e+00 -3.199498804e-05 6.500000000e+00 6.500000000e+00 0.000000000e+00 2.000000000e+01 2.000000000e+01 3.199498805e-05 
d 0.000000000e+00 0.000000000e+00 -3.753710370e-05 6.600000000e+00 6.600000000e+00 0.000000000e+00 2.000000000e+01 2.000000000e+01 3.753710370e-05 
d 0.000000000e+00 0.000000000e+00 -4.343745394e-05 6.700000000e+00 6.700000000e+00 0.000000000e+00 2.000000000e+01 2.000000000e+01 4.343745395e-05 
d 0.000000000e+00 0.000000000e+00 -4.958323965e-05 6.800000000e+00 6.800000000e+00 0.000000000e+00 2.000000000e+01 2.000000000e+01 4.958323965e-05 
d 0.000000000e+00 0.000000000e+00 -5.589095685e-05 6.900000000e+00 6.900000000e+00 0.000000000e+00 2.000000000e+01 2.000000000e+01 5.589095684e-05 
d 0.000000000e+00 0.000000000e+00 -6.230980675e-05 7.000000000e+00 7.000000000e+00 0.000000000e+00 2.000000000e+01 2.000000000e+01 6.230980675e-05 
d 0.000000000e+00 0.000000000e+00 -6.882131668e-05 7.100000000e+00 7.100000000e+00 0.000000000e+00 2.000000000e+01 2.000000000e+01 6.882131669e-05 
d 0.000000000e+00 0.000000000e+00 -7.543801438e-05 7.200000000e+00 7.200000000e+00 0.000000000e+00 2.000000000e+01 2.000000000e+01 7.543801437e-05 
d 0.000000000e+00 0.000000000e+00 -8.220249394e-05 7.300000000e+00 7.300000000e+00 0.000000000e+00 2.000000000e+01 2.000000000e+01 8.220249394e-05 
d 0.000000000e+00 0.000000000e+00 -8.918691477e-05 7.400000000e+00 7.400000000e+00 0.000000000e+00 2.000000000e+01 2.000000000e+01 8.918691476e-05 
d 0.000000000e+00 0.000000000e+00 -9.649184654e-05 7.500000000e+00 7.500000000e+00 0.000000000e+00 2.000000000e+01 2.000000000e+01 9.649184654e-05 
d 0.000000000e+00 0.000000000e+00 -1.042423576e-04 7.600000000e+00 7.600000000e+00 0.000000000e+00 2.000000000e+01 2.000000000e+01 1.042423576e-04 
d 0.000000000e+00 0.000000000e+00 -1.125787447e-04 7.700000000e+00 7.700000000e+00 0.000000000e+00 2.000000000e+01 2.000000000e+01 1.125787446e-04 
d 0.000000000e+00 0.000000000e+00 -1.216402744e-04 7.800000000e+00 7.800000000e+00 0.000000000e+00 2.000000000e+01 2.000000000e+01 1.216402744e-04 
d 0.000000000e+00 0.000000000e+00 -1.315434604e-04 7.900000000e+00 7.900000000e+00 0.000000000e+00 2.000000000e+01 2.000000000e+01 1.315434604e-04 
d 0.000000000e+00 0.000000000e+00 -1.423606002e-04 8.000000000e+00 8.000000000e+00 0.000000000e+00 2.000000000e+01 2.000000000e+01 1.423606002e-04 
d 0.000000000e+00 0.000000000e+00 -1.541063035e-04 8.100000000e+00 8.100000000e+00 0.000000000e+00 2.000000000e+01 2.000000000e+01 1.541063035e-04 
d 0.000000000e+00 0.000000000e+00 -1.667369908e-04 8.200000000e+00 8.200000000e+00 0.000000000e+00 2.000000000e+01 2.000000000e+01 1.667369908e-04 
d 0.000000000e+00 0.000000000e+00 -1.801623922e-04 8.300000000e+00 8.300000000e+00 0.000000000e+00 2.000000000e+01 2.000000000e+01 1.801623922e-04 
d 0.000000000e+00 0.000000000e+00 -1.942633938e-04 8.400000000e+00 8.400000000e+00 0.000000000e+00 2.000000000e+01 2.000000000e+01 1.942633938e-04 
d 0.000000000e+00 0.000000000e+00 -2.089098872e-04 8.500000000e+00 8.500000000e+00 0.000000000e+00 2.000000000e+01 2.000000000e+01 2.089098872e-04 
d 0.000000000e+00 0.000000000e+00 -2.239745842e-04 8.600000000e+00 8.600000000e+00 0.000000000e+00 2.000000000e+01 2.000000000e+01 2.239745841e-04 
d 0.000000000e+00 0.000000000e+00 -2.393415839e-04 8.700000000e+00 8.700000000e+00 0.000000000e+00 2.000000000e+01 2.000000000e+01 2.393415839e-04 
d 0.000000000e+00 0.000000000e+00 -2.549103405e-04 8.800000000e+00 8.800000000e+00 0.000000000e+00 2.000000000e+01 2.000000000e+01 2.549103405e-04 
d 0.000000000e+00 0.000000000e+00 -2.705964159e-04 8.900000000e+00 8.900000000e+00 0.000000000e+00 2.000000000e+01 2.000000000e+01 2.705964159e-04 
d 0.000000000e+00 0.000000000e+00 -2.863303865e-04 9.000000000e+00 9.000000000e+00 0.000000000e+00 2.000000000e+01 2.000000000e+01 2.863303865e-04 
d 0.000000000e+00 0.000000000e+00 -3.020558767e-04 9.100000000e+00 9.100000000e+00 0.000000000e+00 2.000000000e+01 2.000000000e+01 3.020558767e-04 
d 0.000000000e+00 0.000000000e+00 -3.177272955e-04 9.200000000e+00 9.200000000e+00 0.000000000e+00 2.000000000e+01 2.000000000e+01 3.177272955e-04 
d 0.000000000e+00 0.000000000e+00 -3.333076259e-04 9.300000000e+00 9.300000000e+00 0.000000000e+00 2.000000000e+01 2.000000000e+01 3.333076259e-04 
d 0.000000000e+00 0.000000000e+00 -3.487664398e-04 9.400000000e+00 9.400000000e+00 0.000000000e+00 2.000000000e+01 2.000000000e+01 3.487664398e-04 
d 0.000000000e+00 0.000000000e+00 -3.640781521e-04 9.500000000e+00 9.500000000e+00 0.000000000e+00 2.000000000e+01 2.000000000e+01 3.640781521e-04 
d 0.000000000e+00 0.000000000e+00 -3.792204575e-04 9.600000000e+00 9.600000000e+00 0.000000000e+00 2.000000000e+01 2.000000000e+01 3.792204575e-04 
d 0.000000000e+00 0.000000000e+00 -3.941728510e-04 9.700000000e+00 9.700000000e+00 0.000000000e+00 2.000000000e+01 2.000000000e+01 3.941728510e-04 
d 0.000000000e+00 0.000000000e+00 -4.089151236e-04 9.800000000e+00 9.800000000e+00 0.000000000e+00 2.000000000e+01 2.000000000e+01 4.089151236e-04 
d 0.000000000e+00 0.000000000e+00 -4.234257075e-04 9.900000000e+00 9.900000000e+00 0.000000000e+00 2.000000000e+01 2.000000000e+01 4.234257074e-04 
d 0.000000000e+00 0.000000000e+00 -4.376796099e-04 1.000000000e+01 1.000000000e+01 0.000000000e+00 2.000000000e+01 2.000000000e+01 4.376796099e-04 
d 0.000000000e+00 0.000000000e+00 -4.516453181e-04 1.010000000e+01 1.010000000e+01 0.000000000e+00 2.000000000e+01 2.000000000e+01 4.516453181e-04 
d 0.000000000e+00 0.000000000e+00 -4.652793789e-04 1.020000000e+01 1.020000000e+01 0.000000000e+00 2.000000000e+01 2.000000000e+01 4.652793789e-04 
d 0.000000000e+00 0.000000000e+00 -4.785157914e-04 1.030000000e+01 1.030000000e+01 0.000000000e+00 2.000000000e+01 2.000000000e+01 4.785157914e-04 
d 0.000000000e+00 0.000000000e+00 -4.912424156e-04 1.040000000e+01 1.040000000e+01 0.000000000e+00 2.000000000e+01 2.000000000e+01 4.912424156e-04 
d 0.000000000e+00 0.000000000e+00 -5.032682870e-04 1.050000000e+01 1.050000000e+01 0.000000000e+00 2.000000000e+01 2.000000000e+01 5.032682870e-04 
d 0.000000000e+00 0.000000000e+00 -5.145033784e-04 1.060000000e+01 1.060000000e+01 0.000000000e+00 2.000000000e+01 2.000000000e+01 5.145033784e-04 
d 0.000000000e+00 0.000000000e+00 -5.250299652e-04 1.070000000e+01 1.070000000e+01 0.000000000e+00 2.000000000e+01 2.000000000e+01 5.250299652e-04 
d 0.000000000e+00 0.000000000e+00 -5.349315922e-04 1.080000000e+01 1.080000000e+01 0.000000000e+00 2.000000000e+01 2.000000000e+01 5.349315922e-04 
d 0.000000000e+00 0.000000000e+00 -5.442786542e-04 1.090000000e+01 1.090000000e+01 0.000000000e+00 2.000000000e+01 2.000000000e+01 5.442786542e-04 
d 0.000000000e+00 0.000000000e+00 -5.531311574e-04 1.100000000e+01 1.100000000e+01 0.000000000e+00 2.000000000e+01 2.000000000e+01 5.531311574e-04 
d 0.000000000e+00 0.000000000e+00 -5.615404447e-04 1.110000000e+01 1.110000000e+01 0.000000000e+00 2.000000000e+01 2.000000000e+01 5.615404447e-04 
d 0.000000000e+00 0.000000000e+00 -5.695504297e-04 1.120000000e+01 1.120000000e+01 0.000000000e+00 2.000000000e+01 2.000000000e+01 5.695504297e-04 
d 0.000000000e+00 0.000000000e+00 -5.771989622e-04 1.130000000e+01 1.130000000e+01 0.000000000e+00 2.000000000e+01 2.000000000e+01 5.771989622e-04 
d 0.000000000e+00 0.000000000e+00 -5.845188531e-04 1.140000000e+01 1.140000000e+01 0.000000000e+00 2.000000000e+01 2.000000000e+01 5.845188531e-04 
d 0.000000000e+00 0.000000000e+00 -5.915376339e-04 1.150000000e+01 1.150000000e+01 0.000000000e+00 2.000000000e+01 2.000000000e+01 5.915376339e-04 
d 0.000000000e+00 0.000000000e+00 -5.982819131e-04 1.160000000e+01 1.160000000e+01 0.000000000e+00 2.000000000e+01 2.000000000e+01 5.982819131e-04 
d 0.000000000e+00 0.000000000e+00 -6.047707621e-04 1.170000000e+01 1.170000000e+01 0.000000000e+00 2.000000000e+01 2.000000000e+01 6.047707621e-04 
d 0.000000000e+00 0.000000000e+00 -6.110256014e-04 1.180000000e+01 1.180000000e+01 0.000000000e+00 2.000000000e+01 2.000000000e+01 6.110256014e-04 
d 0.000000000e+00 0.000000000e+00 -6.170636071e-04 1.190000000e+01 1.190000000e+01 0.000000000e+00 2.000000000e+01 2.000000000e+01 6.170636071e-04 
d 0.000000000e+00 0.000000000e+00 -6.228969340e-04 1.200000000e+01 1.200000000e+01 0.000000000e+00 2.000000000e+01 2.000000000e+01 6.228969340e-04 
d 0.000000000e+00 0.000000000e+00 -6.285423859e-04 1.210000000e+01 1.210000000e+01 0.000000000e+00 2.000000000e+01 2.000000000e+01 6.285423859e-04 
d 0.000000000e+00 0.000000000e+00 -6.340125239e-04 1.220000000e+01 1.220000000e+01 0.000000000e+00 2.000000000e+01 2.000000000e+01 6.340125239e-04 
d 0.000000000e+00 0.000000000e+00 -6.393146040e-04 1.230000000e+01 1.230000000e+01 0.000000000e+00 2.000000000e+01 2.000000000e+01 6.393146040e-04 
d 0.000000000e+00 0.000000000e+00 -6.444602707e-04 1.240000000e+01 1.240000000e+01 0.000000000e+00 2.000000000e+01 2.000000000e+01 6.444602707e-04 
d 0.000000000e+00 0.000000000e+00 -6.494614827e-04 1.250000000e+01 1.250000000e+01 0.000000000e+00 2.000000000e+01 2.000000000e+01 6.494614827e-04 
d 0.000000000e+00 0.000000000e+00 -6.543239448e-04 1.260000000e+01 1.260000000e+01 0.000000000e+00 2.000000000e+01 2.000000000e+01 6.543239448e-04 
d 0.000000000e+00 0.000000000e+00 -6.590525925e-04 1.270000000e+01 1.270000000e+01 0.000000000e+00 2.000000000e+01 2.000000000e+01 6.590525925e-04 
d 0.000000000e+00 0.000000000e+00 -6.636566011e-04 1.280000000e+01 1.280000000e+01 0.000000000e+00 2.000000000e+01 2.000000000e+01 6.636566011e-04 
d 0.000000000e+00 0.000000000e+00 -6.681447188e-04 1.290000000e+01 1.290000000e+01 0.000000000e+00 2.000000000e+01 2.000000000e+01 6.681447188e-04 
d 0.000000000e+00 0.000000000e+00 -6.725210749e-04 1.300000000e+01 1.300000000e+01 0.000000000e+00 2.000000000e+01 2.000000000e+01 6.725210748e-04 
d 0.000000000e+00 0.000000000e+00 -6.767883023e-04 1.310000000e+01 1.310000000e+01 0.000000000e+00 2.000000000e+01 2.000000000e+01 6.767883023e-04 
d 0.000000000e+00 0.000000000e+00 -6.809518874e-04 1.320000000e+01 1.320000000e+01 0.000000000e+00 2.000000000e+01 2.000000000e+01 6.809518874e-04 
d 0.000000000e+00 0.000000000e+00 -6.850190973e-04 1.330000000e+01 1.330000000e+01 0.000000000e+00 2.000000000e+01 2.000000000e+01 6.850190973e-04 
d 0.000000000e+00 0.000000000e+00 -6.889952299e-04 1.340000000e+01 1.340000000e+01 0.000000000e+00 2.000000000e+01 2.000000000e+01 6.889952299e-04 
d 0.000000000e+00 0.000000000e+00 -6.928826513e-04 1.350000000e+01 1.350000000e+01 0.000000000e+00 2.000000000e+01 2.000000000e+01 6.928826513e-04 
d 0.000000000e+00 0.000000000e+00 -6.966832317e-04 1.360000000e+01 1.360000000e+01 0.000000000e+00 2.000000000e+01 2.000000000e+01 6.966832317e-04 
d 0.000000000e+00 0.000000000e+00 -7.004006341e-04 1.370000000e+01 1.370000000e+01 0.000000000e+00 2.000000000e+01 2.000000000e+01 7.004006341e-04 
d 0.000000000e+00 0.000000000e+00 -7.040399051e-04 1.380000000e+01 1.380000000e+01 0.000000000e+00 2.000000000e+01 2.000000000e+01 7.040399051e-04 
d 0.000000000e+00 0.000000000e+00 -7.076054529e-04 1.390000000e+01 1.390000000e+01 0.000000000e+00 2.000000000e+01 2.000000000e+01 7.076054529e-04 
d 0.000000000e+00 0.000000000e+00 -7.110998247e-04 1.400000000e+01 1.400000000e+01 0.000000000e+00 2.000000000e+01 2.000000000e+01 7.110998247e-04 
d 0.000000000e+00 0.000000000e+00 -7.145242834e-04 1.410000000e+01 1.410000000e+01 0.000000000e+00 2.000000000e+01 2.000000000e+01 7.145242834e-04 
d 0.000000000e+00 0.000000000e+00 -7.178802596e-04 1.420000000e+01 1.420000000e+01 0.000000000e+00 2.000000000e+01 2.000000000e+01 7.178802596e-04 
d 0.000000000e+00 0.000000000e+00 -7.211702281e-04 1.430000000e+01 1.430000000e+01 0.000000000e+00 2.000000000e+01 2.000000000e+01 7.211702282e-04 
d 0.000000000e+00 0.000000000e+00 -7.243974537e-04 1.440000000e+01 1.440000000e+01 0.000000000e+00 2.000000000e+01 2.000000000e+01 7.243974537e-04 
d 0.000000000e+00 0.000000000e+00 -7.275650561e-04 1.450000000e+01 1.450000000e+01 0.000000000e+00 2.000000000e+01 2.000000000e+01 7.275650561e-04 
d 0.000000000e+00 0.000000000e+00 -7.306752705e-04 1.460000000e+01 1.460000000e+01 0.000000000e+00 2.000000000e+01 2.000000000e+01 7.306752705e-04 
d 0.000000000e+00 0.000000000e+00 -7.337294341e-04 1.470000000e+01 1.470000000e+01 0.000000000e+00 2.000000000e+01 2.000000000e+01 7.337294341e-04 
d 0.000000000e+00 0.000000000e+00 -7.367285138e-04 1.480000000e+01 1.480000000e+01 0.000000000e+00 2.000000000e+01 2.000000000e+01 7.367285138e-04 
d 0.000000000e+00 0.000000000e+00 -7.396736758e-04 1.490000000e+01 1.490000000e+01 0.000000000e+00 2.000000000e+01 2.000000000e+01 7.396736758e-04 
d 0.000000000e+00 0.000000000e+00 -7.425665906e-04 1.500000000e+01 1.500000000e+01 0.000000000e+00 2.000000000e+01 2.000000000e+01 7.425665906e-04 
d 0.000000000e+00 0.000000000e+00 -7.454093792e-04 1.510000000e+01 1.510000000e+01 0.000000000e+00 2.000000000e+01 2.000000000e+01 7.454093792e-04 
d 0.000000000e+00 0.000000000e+00 -7.482042674e-04 1.520000000e+01 1.520000000e+01 0.000000000e+00 2.000000000e+01 2.000000000e+01 7.482042673e-04 
d 0.000000000e+00 0.000000000e+00 -7.509532165e-04 1.530000000e+01 1.530000000e+01 0.000000000e+00 2.000000000e+01 2.000000000e+01 7.509532165e-04 
d 0.000000000e+00 0.000000000e+00 -7.536577840e-04 1.540000000e+01 1.540000000e+01 0.000000000e+00 2.000000000e+01 2.000000000e+01 7.536577840e-04 
d 0.000000000e+00 0.000000000e+00 -7.563192090e-04 1.550000000e+01 1.550000000e+01 0.000000000e+00 2.000000000e+01 2.000000000e+01 7.563192090e-04 
d 0.000000000e+00 0.000000000e+00 -7.589385818e-04 1.560000000e+01 1.560000000e+01 0.000000000e+00 2.000000000e+01 2.000000000e+01 7.589385818e-04 
d 0.000000000e+00 0.000000000e+00 -7.615170150e-04 1.570000000e+01 1.570000000e+01 0.000000000e+00 2.000000000e+01 2.000000000e+01 7.615170150e-04 
d 0.000000000e+00 0.000000000e+00 -7.640557966e-04 1.580000000e+01 1.580000000e+01 0.000000000e+00 2.000000000e+01 2.000000000e+01 7.640557966e-04 
d 0.000000000e+00 0.000000000e+00 -7.665564431e-04 1.590000000e+01 1.590000000e+01 0.000000000e+00 2.000000000e+01 2.000000000e+01 7.665564431e-04 
d 0.000000000e+00 0.000000000e+00 -7.690205799e-04 1.600000000e+01 1.600000000e+01 0.000000000e+00 2.000000000e+01 2.000000000e+01 7.690205799e-04 
d 0.000000000e+00 0.000000000e+00 -7.714497044e-04 1.610000000e+01 1.610000000e+01 0.000000000e+00 2.000000000e+01 2.000000000e+01 7.714497044e-04 
d 0.000000000e+00 0.000000000e+00 -7.738449892e-04 1.620000000e+01 1.620000000e+01 0.000000000e+00 2.000000000e+01 2.000000000e+01 7.738449892e-04 
d 0.000000000e+00 0.000000000e+00 -7.762072288e-04 1.630000000e+01 1.630000000e+01 0.000000000e+00 2.000000000e+01 2.000000000e+01 7.762072288e-04 
d 0.000000000e+00 0.000000000e+00 -7.785369204e-04 1.640000000e+01 1.640000000e+01 0.000000000e+00 2.000000000e+01 2.000000000e+01 7.785369204e-04 
d 0.000000000e+00 0.000000000e+00 -7.808343877e-04 1.650000000e+01 1.650000000e+01 0.000000000e+00 2.000000000e+01 2.000000000e+01 7.808343877e-04 
d 0.000000000e+00 0.000000000e+00 -7.830998777e-04 1.660000000e+01 1.660000000e+01 0.000000000e+00 2.000000000e+01 2.000000000e+01 7.830998777e-04 
d 0.000000000e+00 0.000000000e+00 -7.853336301e-04 1.670000000e+01 1.670000000e+01 0.000000000e+00 2.000000000e+01 2.000000000e+01 7.853336301e-04 
d 0.000000000e+00 0.000000000e+00 -7.875359631e-04 1.680000000e+01 1.680000000e+01 0.000000000e+00 2.000000000e+01 2.000000000e+01 7.875359631e-04 
d 0.000000000e+00 0.000000000e+00 -7.897073820e-04 1.690000000e+01 1.690000000e+01 0.000000000e+00 2.000000000e+01 2.000000000e+01 7.897073820e-04 
d 0.000000000e+00 0.000000000e+00 -7.918486466e-04 1.700000000e+01 1.700000000e+01 0.000000000e+00 2.000000000e+01 2.000000000e+01 7.918486466e-04 
d 0.000000000e+00 0.000000000e+00 -7.939607373e-04 1.710000000e+01 1.710000000e+01 0.000000000e+00 2.000000000e+01 2.000000000e+01 7.939607373e-04 
d 0.000000000e+00 0.000000000e+00 -7.960447307e-04 1.720000000e+01 1.720000000e+01 0.000000000e+00 2.000000000e+01 2.000000000e+01 7.960447307e-04 
d 0.000000000e+00 0.000000000e+00 -7.981016606e-04 1.730000000e+01 1.730000000e+01 0.000000000e+00 2.000000000e+01 2.000000000e+01 7.981016606e-04 
d 0.000000000e+00 0.000000000e+00 -8.001324288e-04 1.740000000e+01 1.740000000e+01 0.000000000e+00 2.000000000e+01 2.000000000e+01 8.001324288e-04 
d 0.000000000e+00 0.000000000e+00 -8.021377848e-04 1.750000000e+01 1.750000000e+01 0.000000000e+00 2.000000000e+01 2.000000000e+01 8.021377848e-04 
d 0.000000000e+00 0.000000000e+00 -8.041183443e-04 1.760000000e+01 1.760000000e+01 0.000000000e+00 2.000000000e+01 2.000000000e+01 8.041183443e-04 
d 0.000000000e+00 0.000000000e+00 -8.060746083e-04 1.770000000e+01 1.770000000e+01 0.000000000e+00 2.000000000e+01 2.000000000e+01 8.060746083e-04 
d 0.000000000e+00 0.000000000e+00 -8.080069618e-04 1.780000000e+01 1.780000000e+01 0.000000000e+00 2.000000000e+01 2.000000000e+01 8.080069618e-04 
d 0.000000000e+00 0.000000000e+00 -8.099156653e-04 1.790000000e+01 1.790000000e+01 0.000000000e+00 2.000000000e+01 2.000000000e+01 8.099156653e-04 
d 0.000000000e+00 0.000000000e+00 -8.118008678e-04 1.800000000e+01 1.800000000e+01 0.000000000e+00 2.000000000e+01 2.000000000e+01 8.118008678e-04 
d 0.000000000e+00 0.000000000e+00 -8.136626649e-04 1.810000000e+01 1.810000000e+01 0.000000000e+00 2.000000000e+01 2.000000000e+01 8.136626649e-04 
d 0.000000000e+00 0.000000000e+00 -8.155011953e-04 1.820000000e+01 1.820000000e+01 0.000000000e+00 2.000000000e+01 2.000000000e+01 8.155011953e-04 
d 0.000000000e+00 0.000000000e+00 -8.173167364e-04 1.830000000e+01 1.830000000e+01 0.000000000e+00 2.000000000e+01 2.000000000e+01 8.173167364e-04 
d 0.000000000e+00 0.000000000e+00 -8.191097575e-04 1.840000000e+01 1.840000000e+01 0.000000000e+00 2.000000000e+01 2.000000000e+01 8.191097575e-04 
d 0.000000000e+00 0.000000000e+00 -8.208809100e-04 1.850000000e+01 1.850000000e+01 0.000000000e+00 2.000000000e+01 2.000000000e+01 8.208809100e-04 
d 0.000000000e+00 0.000000000e+00 -8.226309705e-04 1.860000000e+01 1.860000000e+01 0.000000000e+00 2.000000000e+01 2.000000000e+01 8.226309705e-04 
d 0.000000000e+00 0.000000000e+00 -8.243607681e-04 1.870000000e+01 1.870000000e+01 0.000000000e+00 2.000000000e+01 2.000000000e+01 8.243607681e-04 
d 0.000000000e+00 0.000000000e+00 -8.260711238e-04 1.880000000e+01 1.880000000e+01 0.000000000e+00 2.000000000e+01 2.000000000e+01 8.260711238e-04 
d 0.000000000e+00 0.000000000e+00 -8.277628132e-04 1.890000000e+01 1.890000000e+01 0.000000000e+00 2.000000000e+01 2.000000000e+01 8.277628132e-04 
d 0.000000000e+00 0.000000000e+00 -8.294365462e-04 1.900000000e+01 1.900000000e+01 0.000000000e+00 2.000000000e+01 2.000000000e+01 8.294365462e-04 
d 0.000000000e+00 0.000000000e+00 -8.310929552e-04 1.910000000e+01 1.910000000e+01 0.000000000e+00 2.000000000e+01 2.000000000e+01 8.310929552e-04 
d 0.000000000e+00 0.000000000e+00 -8.327325791e-04 1.920000000e+01 1.920000000e+01 0.000000000e+00 2.000000000e+01 2.000000000e+01 8.327325791e-04 
d 0.000000000e+00 0.000000000e+00 -8.343558444e-04 1.930000000e+01 1.930000000e+01 0.000000000e+00 2.000000000e+01 2.000000000e+01 8.343558444e-04 
d 0.000000000e+00 0.000000000e+00 -8.359630479e-04 1.940000000e+01 1.940000000e+01 0.000000000e+00 2.000000000e+01 2.000000000e+01 8.359630479e-04 
d 0.000000000e+00 0.000000000e+00 -8.375543522e-04 1.950000000e+01 1.950000000e+01 0.000000000e+00 2.000000000e+01 2.000000000e+01 8.375543521e-04 
d 0.000000000e+00 0.000000000e+00 -8.391298036e-04 1.960000000e+01 1.960000000e+01 0.000000000e+00 2.000000000e+01 2.000000000e+01 8.391298036e-04 
d 0.000000000e+00 0.000000000e+00 -8.406893756e-04 1.970000000e+01 1.970000000e+01 0.000000000e+00 2.000000000e+01 2.000000000e+01 8.406893756e-04 
d 0.000000000e+00 0.000000000e+00 -8.422330302e-04 1.980000000e+01 1.980000000e+01 0.000000000e+00 2.000000000e+01 2.000000000e+01 8.422330302e-04 
d 0.000000000e+00 0.000000000e+00 -8.437607818e-04 1.990000000e+01 1.990000000e+01 0.000000000e+00 2.000000000e+01 2.000000000e+01 8.437607818e-04 
d 0.000000000e+00 0.000000000e+00 -8.452727425e-04 2.000000000e+01 2.000000000e+01 0.000000000e+00 2.000000000e+01 2.000000000e+01 8.452727425e-04 
