v ATLAS
# This file was created by ATLAS version 5.38.0.R on Mon Jul 27 18:48:29 2026.
#SSF 2.0 generic
##############################################################################
#                    Copyright (c) 1984 - 2024                               #
#                    Silvaco Inc. All rights reserved                        #
#                                                                            #
# This file format and the following Key are copyright Silvaco Inc.          #
# You may not use, this format or key without reproducing this message in    #
# full and obtaining express written permission from Silvaco Inc.            #
#                                                                            #
# To obtain such permission please contact: Silvaco Inc.                     #
#                                           support@silvaco.com              #
#                                                                            #
# KEY=SVC86hn7562asdx                       PROD=345                         #
##############################################################################
y 3 700 711 15
z 2 0.03 300
f 3 "source" "gate" "drain" 
p 9 2 601 20 3 602 21 4 603 22 
d 0.000000000e+00 0.000000000e+00 -1.115751021e-16 0.000000000e+00 0.000000000e+00 0.000000000e+00 1.000000000e+01 1.000000000e+01 3.414148461e-16 
d 0.000000000e+00 0.000000000e+00 -2.238707926e-16 1.000000000e-01 1.000000000e-01 0.000000000e+00 1.000000000e+01 1.000000000e+01 -1.034313400e-17 
d 0.000000000e+00 0.000000000e+00 -4.537947143e-16 2.000000000e-01 2.000000000e-01 0.000000000e+00 1.000000000e+01 1.000000000e+01 2.642771303e-16 
d 0.000000000e+00 0.000000000e+00 -9.288150678e-16 3.000000000e-01 3.000000000e-01 0.000000000e+00 1.000000000e+01 1.000000000e+01 2.445599597e-16 
d 0.000000000e+00 0.000000000e+00 -1.919377448e-15 4.000000000e-01 4.000000000e-01 0.000000000e+00 1.000000000e+01 1.000000000e+01 5.041378817e-16 
d 0.000000000e+00 0.000000000e+00 -4.003187121e-15 5.000000000e-01 5.000000000e-01 0.000000000e+00 1.000000000e+01 1.000000000e+01 2.287624529e-15 
d 0.000000000e+00 0.000000000e+00 -8.423269189e-15 6.000000000e-01 6.000000000e-01 0.000000000e+00 1.000000000e+01 1.000000000e+01 8.906517177e-15 
d 0.000000000e+00 0.000000000e+00 -1.786787647e-14 7.000000000e-01 7.000000000e-01 0.000000000e+00 1.000000000e+01 1.000000000e+01 1.919825244e-14 
d 0.000000000e+00 0.000000000e+00 -3.817055666e-14 8.000000000e-01 8.000000000e-01 0.000000000e+00 1.000000000e+01 1.000000000e+01 3.722935809e-14 
d 0.000000000e+00 0.000000000e+00 -8.201061962e-14 9.000000000e-01 9.000000000e-01 0.000000000e+00 1.000000000e+01 1.000000000e+01 8.296934183e-14 
d 0.000000000e+00 0.000000000e+00 -1.767997937e-13 1.000000000e+00 1.000000000e+00 0.000000000e+00 1.000000000e+01 1.000000000e+01 1.759713286e-13 
d 0.000000000e+00 0.000000000e+00 -3.803624708e-13 1.100000000e+00 1.100000000e+00 0.000000000e+00 1.000000000e+01 1.000000000e+01 3.805440557e-13 
d 0.000000000e+00 0.000000000e+00 -8.099274540e-13 1.200000000e+00 1.200000000e+00 0.000000000e+00 1.000000000e+01 1.000000000e+01 8.098797219e-13 
d 0.000000000e+00 0.000000000e+00 -1.701579829e-12 1.300000000e+00 1.300000000e+00 0.000000000e+00 1.000000000e+01 1.000000000e+01 1.701345335e-12 
d 0.000000000e+00 0.000000000e+00 -3.559538762e-12 1.400000000e+00 1.400000000e+00 0.000000000e+00 1.000000000e+01 1.000000000e+01 3.561090373e-12 
d 0.000000000e+00 0.000000000e+00 -7.468296499e-12 1.500000000e+00 1.500000000e+00 0.000000000e+00 1.000000000e+01 1.000000000e+01 7.468685579e-12 
d 0.000000000e+00 0.000000000e+00 -1.556341711e-11 1.600000000e+00 1.600000000e+00 0.000000000e+00 1.000000000e+01 1.000000000e+01 1.556266691e-11 
d 0.000000000e+00 0.000000000e+00 -3.142251553e-11 1.700000000e+00 1.700000000e+00 0.000000000e+00 1.000000000e+01 1.000000000e+01 3.142251009e-11 
d 0.000000000e+00 0.000000000e+00 -5.950285795e-11 1.800000000e+00 1.800000000e+00 0.000000000e+00 1.000000000e+01 1.000000000e+01 5.950392283e-11 
d 0.000000000e+00 0.000000000e+00 -1.037915054e-10 1.900000000e+00 1.900000000e+00 0.000000000e+00 1.000000000e+01 1.000000000e+01 1.037917519e-10 
d 0.000000000e+00 0.000000000e+00 -1.711570044e-10 2.000000000e+00 2.000000000e+00 0.000000000e+00 1.000000000e+01 1.000000000e+01 1.711571658e-10 
d 0.000000000e+00 0.000000000e+00 -2.824320678e-10 2.100000000e+00 2.100000000e+00 0.000000000e+00 1.000000000e+01 1.000000000e+01 2.824346755e-10 
d 0.000000000e+00 0.000000000e+00 -4.861465742e-10 2.200000000e+00 2.200000000e+00 0.000000000e+00 1.000000000e+01 1.000000000e+01 4.861504943e-10 
d 0.000000000e+00 0.000000000e+00 -8.773416991e-10 2.300000000e+00 2.300000000e+00 0.000000000e+00 1.000000000e+01 1.000000000e+01 8.773371686e-10 
d 0.000000000e+00 0.000000000e+00 -1.626797266e-09 2.400000000e+00 2.400000000e+00 0.000000000e+00 1.000000000e+01 1.000000000e+01 1.626798438e-09 
d 0.000000000e+00 0.000000000e+00 -3.005267770e-09 2.500000000e+00 2.500000000e+00 0.000000000e+00 1.000000000e+01 1.000000000e+01 3.005267601e-09 
d 0.000000000e+00 0.000000000e+00 -5.339446031e-09 2.600000000e+00 2.600000000e+00 0.000000000e+00 1.000000000e+01 1.000000000e+01 5.339442885e-09 
d 0.000000000e+00 0.000000000e+00 -8.809570704e-09 2.700000000e+00 2.700000000e+00 0.000000000e+00 1.000000000e+01 1.000000000e+01 8.809569576e-09 
d 0.000000000e+00 0.000000000e+00 -1.318263812e-08 2.800000000e+00 2.800000000e+00 0.000000000e+00 1.000000000e+01 1.000000000e+01 1.318263782e-08 
d 0.000000000e+00 0.000000000e+00 -1.791063690e-08 2.900000000e+00 2.900000000e+00 0.000000000e+00 1.000000000e+01 1.000000000e+01 1.791063849e-08 
d 0.000000000e+00 0.000000000e+00 -2.258815694e-08 3.000000000e+00 3.000000000e+00 0.000000000e+00 1.000000000e+01 1.000000000e+01 2.258816011e-08 
d 0.000000000e+00 0.000000000e+00 -2.721047705e-08 3.100000000e+00 3.100000000e+00 0.000000000e+00 1.000000000e+01 1.000000000e+01 2.721047281e-08 
d 0.000000000e+00 0.000000000e+00 -3.216576953e-08 3.200000000e+00 3.200000000e+00 0.000000000e+00 1.000000000e+01 1.000000000e+01 3.216576878e-08 
d 0.000000000e+00 0.000000000e+00 -3.824367030e-08 3.300000000e+00 3.300000000e+00 0.000000000e+00 1.000000000e+01 1.000000000e+01 3.824367056e-08 
d 0.000000000e+00 0.000000000e+00 -4.681213699e-08 3.400000000e+00 3.400000000e+00 0.000000000e+00 1.000000000e+01 1.000000000e+01 4.681213573e-08 
d 0.000000000e+00 0.000000000e+00 -6.014806793e-08 3.500000000e+00 3.500000000e+00 0.000000000e+00 1.000000000e+01 1.000000000e+01 6.014806688e-08 
d 0.000000000e+00 0.000000000e+00 -8.181864148e-08 3.600000000e+00 3.600000000e+00 0.000000000e+00 1.000000000e+01 1.000000000e+01 8.181863814e-08 
d 0.000000000e+00 0.000000000e+00 -1.170921177e-07 3.700000000e+00 3.700000000e+00 0.000000000e+00 1.000000000e+01 1.000000000e+01 1.170921146e-07 
d 0.000000000e+00 0.000000000e+00 -1.737119749e-07 3.800000000e+00 3.800000000e+00 0.000000000e+00 1.000000000e+01 1.000000000e+01 1.737119770e-07 
d 0.000000000e+00 0.000000000e+00 -2.633993124e-07 3.900000000e+00 3.900000000e+00 0.000000000e+00 1.000000000e+01 1.000000000e+01 2.633993150e-07 
d 0.000000000e+00 0.000000000e+00 -4.028848233e-07 4.000000000e+00 4.000000000e+00 0.000000000e+00 1.000000000e+01 1.000000000e+01 4.028848251e-07 
d 0.000000000e+00 0.000000000e+00 -6.112275121e-07 4.100000000e+00 4.100000000e+00 0.000000000e+00 1.000000000e+01 1.000000000e+01 6.112275114e-07 
d 0.000000000e+00 0.000000000e+00 -9.015363000e-07 4.200000000e+00 4.200000000e+00 0.000000000e+00 1.000000000e+01 1.000000000e+01 9.015363047e-07 
d 0.000000000e+00 0.000000000e+00 -1.271287479e-06 4.300000000e+00 4.300000000e+00 0.000000000e+00 1.000000000e+01 1.000000000e+01 1.271287480e-06 
d 0.000000000e+00 0.000000000e+00 -1.699851070e-06 4.400000000e+00 4.400000000e+00 0.000000000e+00 1.000000000e+01 1.000000000e+01 1.699851067e-06 
d 0.000000000e+00 0.000000000e+00 -2.156749896e-06 4.500000000e+00 4.500000000e+00 0.000000000e+00 1.000000000e+01 1.000000000e+01 2.156749893e-06 
d 0.000000000e+00 0.000000000e+00 -2.613737171e-06 4.600000000e+00 4.600000000e+00 0.000000000e+00 1.000000000e+01 1.000000000e+01 2.613737168e-06 
d 0.000000000e+00 0.000000000e+00 -3.051620059e-06 4.700000000e+00 4.700000000e+00 0.000000000e+00 1.000000000e+01 1.000000000e+01 3.051620055e-06 
d 0.000000000e+00 0.000000000e+00 -3.460497835e-06 4.800000000e+00 4.800000000e+00 0.000000000e+00 1.000000000e+01 1.000000000e+01 3.460497833e-06 
d 0.000000000e+00 0.000000000e+00 -3.837225371e-06 4.900000000e+00 4.900000000e+00 0.000000000e+00 1.000000000e+01 1.000000000e+01 3.837225373e-06 
d 0.000000000e+00 0.000000000e+00 -4.183005073e-06 5.000000000e+00 5.000000000e+00 0.000000000e+00 1.000000000e+01 1.000000000e+01 4.183005068e-06 
d 0.000000000e+00 0.000000000e+00 -4.501923094e-06 5.100000000e+00 5.100000000e+00 0.000000000e+00 1.000000000e+01 1.000000000e+01 4.501923090e-06 
d 0.000000000e+00 0.000000000e+00 -4.800230910e-06 5.200000000e+00 5.200000000e+00 0.000000000e+00 1.000000000e+01 1.000000000e+01 4.800230906e-06 
d 0.000000000e+00 0.000000000e+00 -5.085866086e-06 5.300000000e+00 5.300000000e+00 0.000000000e+00 1.000000000e+01 1.000000000e+01 5.085866085e-06 
d 0.000000000e+00 0.000000000e+00 -5.367606833e-06 5.400000000e+00 5.400000000e+00 0.000000000e+00 1.000000000e+01 1.000000000e+01 5.367606829e-06 
d 0.000000000e+00 0.000000000e+00 -5.653399808e-06 5.500000000e+00 5.500000000e+00 0.000000000e+00 1.000000000e+01 1.000000000e+01 5.653399809e-06 
d 0.000000000e+00 0.000000000e+00 -5.948143256e-06 5.600000000e+00 5.600000000e+00 0.000000000e+00 1.000000000e+01 1.000000000e+01 5.948143254e-06 
d 0.000000000e+00 0.000000000e+00 -6.252315477e-06 5.700000000e+00 5.700000000e+00 0.000000000e+00 1.000000000e+01 1.000000000e+01 6.252315473e-06 
d 0.000000000e+00 0.000000000e+00 -6.562876135e-06 5.800000000e+00 5.800000000e+00 0.000000000e+00 1.000000000e+01 1.000000000e+01 6.562876135e-06 
d 0.000000000e+00 0.000000000e+00 -6.876174303e-06 5.900000000e+00 5.900000000e+00 0.000000000e+00 1.000000000e+01 1.000000000e+01 6.876174305e-06 
d 0.000000000e+00 0.000000000e+00 -7.191191717e-06 6.000000000e+00 6.000000000e+00 0.000000000e+00 1.000000000e+01 1.000000000e+01 7.191191713e-06 
d 0.000000000e+00 0.000000000e+00 -7.511992044e-06 6.100000000e+00 6.100000000e+00 0.000000000e+00 1.000000000e+01 1.000000000e+01 7.511992043e-06 
d 0.000000000e+00 0.000000000e+00 -7.849546475e-06 6.200000000e+00 6.200000000e+00 0.000000000e+00 1.000000000e+01 1.000000000e+01 7.849546471e-06 
d 0.000000000e+00 0.000000000e+00 -8.223682106e-06 6.300000000e+00 6.300000000e+00 0.000000000e+00 1.000000000e+01 1.000000000e+01 8.223682108e-06 
d 0.000000000e+00 0.000000000e+00 -8.665741529e-06 6.400000000e+00 6.400000000e+00 0.000000000e+00 1.000000000e+01 1.000000000e+01 8.665741530e-06 
d 0.000000000e+00 0.000000000e+00 -9.222078996e-06 6.500000000e+00 6.500000000e+00 0.000000000e+00 1.000000000e+01 1.000000000e+01 9.222078992e-06 
d 0.000000000e+00 0.000000000e+00 -9.957801106e-06 6.600000000e+00 6.600000000e+00 0.000000000e+00 1.000000000e+01 1.000000000e+01 9.957801108e-06 
d 0.000000000e+00 0.000000000e+00 -1.095901258e-05 6.700000000e+00 6.700000000e+00 0.000000000e+00 1.000000000e+01 1.000000000e+01 1.095901258e-05 
d 0.000000000e+00 0.000000000e+00 -1.233037771e-05 6.800000000e+00 6.800000000e+00 0.000000000e+00 1.000000000e+01 1.000000000e+01 1.233037771e-05 
d 0.000000000e+00 0.000000000e+00 -1.418419221e-05 6.900000000e+00 6.900000000e+00 0.000000000e+00 1.000000000e+01 1.000000000e+01 1.418419222e-05 
d 0.000000000e+00 0.000000000e+00 -1.661964838e-05 7.000000000e+00 7.000000000e+00 0.000000000e+00 1.000000000e+01 1.000000000e+01 1.661964838e-05 
d 0.000000000e+00 0.000000000e+00 -1.969760961e-05 7.100000000e+00 7.100000000e+00 0.000000000e+00 1.000000000e+01 1.000000000e+01 1.969760961e-05 
d 0.000000000e+00 0.000000000e+00 -2.342266163e-05 7.200000000e+00 7.200000000e+00 0.000000000e+00 1.000000000e+01 1.000000000e+01 2.342266163e-05 
d 0.000000000e+00 0.000000000e+00 -2.774260168e-05 7.300000000e+00 7.300000000e+00 0.000000000e+00 1.000000000e+01 1.000000000e+01 2.774260168e-05 
d 0.000000000e+00 0.000000000e+00 -3.256513271e-05 7.400000000e+00 7.400000000e+00 0.000000000e+00 1.000000000e+01 1.000000000e+01 3.256513272e-05 
d 0.000000000e+00 0.000000000e+00 -3.778208854e-05 7.500000000e+00 7.500000000e+00 0.000000000e+00 1.000000000e+01 1.000000000e+01 3.778208854e-05 
d 0.000000000e+00 0.000000000e+00 -4.329080902e-05 7.600000000e+00 7.600000000e+00 0.000000000e+00 1.000000000e+01 1.000000000e+01 4.329080903e-05 
d 0.000000000e+00 0.000000000e+00 -4.900777684e-05 7.700000000e+00 7.700000000e+00 0.000000000e+00 1.000000000e+01 1.000000000e+01 4.900777683e-05 
d 0.000000000e+00 0.000000000e+00 -5.487483871e-05 7.800000000e+00 7.800000000e+00 0.000000000e+00 1.000000000e+01 1.000000000e+01 5.487483871e-05 
d 0.000000000e+00 0.000000000e+00 -6.086045850e-05 7.900000000e+00 7.900000000e+00 0.000000000e+00 1.000000000e+01 1.000000000e+01 6.086045850e-05 
d 0.000000000e+00 0.000000000e+00 -6.695815135e-05 8.000000000e+00 8.000000000e+00 0.000000000e+00 1.000000000e+01 1.000000000e+01 6.695815135e-05 
d 0.000000000e+00 0.000000000e+00 -7.318282815e-05 8.100000000e+00 8.100000000e+00 0.000000000e+00 1.000000000e+01 1.000000000e+01 7.318282814e-05 
d 0.000000000e+00 0.000000000e+00 -7.956404594e-05 8.200000000e+00 8.200000000e+00 0.000000000e+00 1.000000000e+01 1.000000000e+01 7.956404594e-05 
d 0.000000000e+00 0.000000000e+00 -8.613239182e-05 8.300000000e+00 8.300000000e+00 0.000000000e+00 1.000000000e+01 1.000000000e+01 8.613239182e-05 
d 0.000000000e+00 0.000000000e+00 -9.289336922e-05 8.400000000e+00 8.400000000e+00 0.000000000e+00 1.000000000e+01 1.000000000e+01 9.289336922e-05 
d 0.000000000e+00 0.000000000e+00 -9.981471964e-05 8.500000000e+00 8.500000000e+00 0.000000000e+00 1.000000000e+01 1.000000000e+01 9.981471964e-05 
d 0.000000000e+00 0.000000000e+00 -1.068621785e-04 8.600000000e+00 8.600000000e+00 0.000000000e+00 1.000000000e+01 1.000000000e+01 1.068621785e-04 
d 0.000000000e+00 0.000000000e+00 -1.140052612e-04 8.700000000e+00 8.700000000e+00 0.000000000e+00 1.000000000e+01 1.000000000e+01 1.140052612e-04 
d 0.000000000e+00 0.000000000e+00 -1.212060271e-04 8.800000000e+00 8.800000000e+00 0.000000000e+00 1.000000000e+01 1.000000000e+01 1.212060271e-04 
d 0.000000000e+00 0.000000000e+00 -1.284181209e-04 8.900000000e+00 8.900000000e+00 0.000000000e+00 1.000000000e+01 1.000000000e+01 1.284181209e-04 
d 0.000000000e+00 0.000000000e+00 -1.355934124e-04 9.000000000e+00 9.000000000e+00 0.000000000e+00 1.000000000e+01 1.000000000e+01 1.355934124e-04 
d 0.000000000e+00 0.000000000e+00 -1.426885277e-04 9.100000000e+00 9.100000000e+00 0.000000000e+00 1.000000000e+01 1.000000000e+01 1.426885277e-04 
d 0.000000000e+00 0.000000000e+00 -1.496689467e-04 9.200000000e+00 9.200000000e+00 0.000000000e+00 1.000000000e+01 1.000000000e+01 1.496689467e-04 
d 0.000000000e+00 0.000000000e+00 -1.565065821e-04 9.300000000e+00 9.300000000e+00 0.000000000e+00 1.000000000e+01 1.000000000e+01 1.565065821e-04 
d 0.000000000e+00 0.000000000e+00 -1.631831088e-04 9.400000000e+00 9.400000000e+00 0.000000000e+00 1.000000000e+01 1.000000000e+01 1.631831088e-04 
d 0.000000000e+00 0.000000000e+00 -1.696873576e-04 9.500000000e+00 9.500000000e+00 0.000000000e+00 1.000000000e+01 1.000000000e+01 1.696873576e-04 
d 0.000000000e+00 0.000000000e+00 -1.760111793e-04 9.600000000e+00 9.600000000e+00 0.000000000e+00 1.000000000e+01 1.000000000e+01 1.760111793e-04 
d 0.000000000e+00 0.000000000e+00 -1.821543022e-04 9.700000000e+00 9.700000000e+00 0.000000000e+00 1.000000000e+01 1.000000000e+01 1.821543023e-04 
d 0.000000000e+00 0.000000000e+00 -1.881170796e-04 9.800000000e+00 9.800000000e+00 0.000000000e+00 1.000000000e+01 1.000000000e+01 1.881170796e-04 
d 0.000000000e+00 0.000000000e+00 -1.939002628e-04 9.900000000e+00 9.900000000e+00 0.000000000e+00 1.000000000e+01 1.000000000e+01 1.939002628e-04 
d 0.000000000e+00 0.000000000e+00 -1.995144634e-04 1.000000000e+01 1.000000000e+01 0.000000000e+00 1.000000000e+01 1.000000000e+01 1.995144634e-04 
d 0.000000000e+00 0.000000000e+00 -2.049570400e-04 1.010000000e+01 1.010000000e+01 0.000000000e+00 1.000000000e+01 1.000000000e+01 2.049570400e-04 
d 0.000000000e+00 0.000000000e+00 -2.102400333e-04 1.020000000e+01 1.020000000e+01 0.000000000e+00 1.000000000e+01 1.000000000e+01 2.102400333e-04 
d 0.000000000e+00 0.000000000e+00 -2.153701856e-04 1.030000000e+01 1.030000000e+01 0.000000000e+00 1.000000000e+01 1.000000000e+01 2.153701856e-04 
d 0.000000000e+00 0.000000000e+00 -2.203475714e-04 1.040000000e+01 1.040000000e+01 0.000000000e+00 1.000000000e+01 1.000000000e+01 2.203475714e-04 
d 0.000000000e+00 0.000000000e+00 -2.251840707e-04 1.050000000e+01 1.050000000e+01 0.000000000e+00 1.000000000e+01 1.000000000e+01 2.251840707e-04 
d 0.000000000e+00 0.000000000e+00 -2.298870988e-04 1.060000000e+01 1.060000000e+01 0.000000000e+00 1.000000000e+01 1.000000000e+01 2.298870988e-04 
d 0.000000000e+00 0.000000000e+00 -2.344570305e-04 1.070000000e+01 1.070000000e+01 0.000000000e+00 1.000000000e+01 1.000000000e+01 2.344570305e-04 
d 0.000000000e+00 0.000000000e+00 -2.389014181e-04 1.080000000e+01 1.080000000e+01 0.000000000e+00 1.000000000e+01 1.000000000e+01 2.389014181e-04 
d 0.000000000e+00 0.000000000e+00 -2.432296119e-04 1.090000000e+01 1.090000000e+01 0.000000000e+00 1.000000000e+01 1.000000000e+01 2.432296119e-04 
d 0.000000000e+00 0.000000000e+00 -2.474444655e-04 1.100000000e+01 1.100000000e+01 0.000000000e+00 1.000000000e+01 1.000000000e+01 2.474444655e-04 
d 0.000000000e+00 0.000000000e+00 -2.515483079e-04 1.110000000e+01 1.110000000e+01 0.000000000e+00 1.000000000e+01 1.000000000e+01 2.515483079e-04 
d 0.000000000e+00 0.000000000e+00 -2.555480267e-04 1.120000000e+01 1.120000000e+01 0.000000000e+00 1.000000000e+01 1.000000000e+01 2.555480267e-04 
d 0.000000000e+00 0.000000000e+00 -2.594500753e-04 1.130000000e+01 1.130000000e+01 0.000000000e+00 1.000000000e+01 1.000000000e+01 2.594500753e-04 
d 0.000000000e+00 0.000000000e+00 -2.632572138e-04 1.140000000e+01 1.140000000e+01 0.000000000e+00 1.000000000e+01 1.000000000e+01 2.632572138e-04 
d 0.000000000e+00 0.000000000e+00 -2.669715830e-04 1.150000000e+01 1.150000000e+01 0.000000000e+00 1.000000000e+01 1.000000000e+01 2.669715830e-04 
d 0.000000000e+00 0.000000000e+00 -2.705978831e-04 1.160000000e+01 1.160000000e+01 0.000000000e+00 1.000000000e+01 1.000000000e+01 2.705978831e-04 
d 0.000000000e+00 0.000000000e+00 -2.741411219e-04 1.170000000e+01 1.170000000e+01 0.000000000e+00 1.000000000e+01 1.000000000e+01 2.741411219e-04 
d 0.000000000e+00 0.000000000e+00 -2.776043244e-04 1.180000000e+01 1.180000000e+01 0.000000000e+00 1.000000000e+01 1.000000000e+01 2.776043244e-04 
d 0.000000000e+00 0.000000000e+00 -2.809891367e-04 1.190000000e+01 1.190000000e+01 0.000000000e+00 1.000000000e+01 1.000000000e+01 2.809891367e-04 
d 0.000000000e+00 0.000000000e+00 -2.842980763e-04 1.200000000e+01 1.200000000e+01 0.000000000e+00 1.000000000e+01 1.000000000e+01 2.842980763e-04 
d 0.000000000e+00 0.000000000e+00 -2.875351608e-04 1.210000000e+01 1.210000000e+01 0.000000000e+00 1.000000000e+01 1.000000000e+01 2.875351608e-04 
d 0.000000000e+00 0.000000000e+00 -2.907039098e-04 1.220000000e+01 1.220000000e+01 0.000000000e+00 1.000000000e+01 1.000000000e+01 2.907039098e-04 
d 0.000000000e+00 0.000000000e+00 -2.938061867e-04 1.230000000e+01 1.230000000e+01 0.000000000e+00 1.000000000e+01 1.000000000e+01 2.938061867e-04 
d 0.000000000e+00 0.000000000e+00 -2.968430193e-04 1.240000000e+01 1.240000000e+01 0.000000000e+00 1.000000000e+01 1.000000000e+01 2.968430193e-04 
d 0.000000000e+00 0.000000000e+00 -2.998161501e-04 1.250000000e+01 1.250000000e+01 0.000000000e+00 1.000000000e+01 1.000000000e+01 2.998161501e-04 
d 0.000000000e+00 0.000000000e+00 -3.027289708e-04 1.260000000e+01 1.260000000e+01 0.000000000e+00 1.000000000e+01 1.000000000e+01 3.027289708e-04 
d 0.000000000e+00 0.000000000e+00 -3.055856989e-04 1.270000000e+01 1.270000000e+01 0.000000000e+00 1.000000000e+01 1.000000000e+01 3.055856989e-04 
d 0.000000000e+00 0.000000000e+00 -3.083897769e-04 1.280000000e+01 1.280000000e+01 0.000000000e+00 1.000000000e+01 1.000000000e+01 3.083897769e-04 
d 0.000000000e+00 0.000000000e+00 -3.111432803e-04 1.290000000e+01 1.290000000e+01 0.000000000e+00 1.000000000e+01 1.000000000e+01 3.111432804e-04 
d 0.000000000e+00 0.000000000e+00 -3.138473090e-04 1.300000000e+01 1.300000000e+01 0.000000000e+00 1.000000000e+01 1.000000000e+01 3.138473090e-04 
d 0.000000000e+00 0.000000000e+00 -3.165024180e-04 1.310000000e+01 1.310000000e+01 0.000000000e+00 1.000000000e+01 1.000000000e+01 3.165024180e-04 
d 0.000000000e+00 0.000000000e+00 -3.191090348e-04 1.320000000e+01 1.320000000e+01 0.000000000e+00 1.000000000e+01 1.000000000e+01 3.191090348e-04 
d 0.000000000e+00 0.000000000e+00 -3.216681838e-04 1.330000000e+01 1.330000000e+01 0.000000000e+00 1.000000000e+01 1.000000000e+01 3.216681837e-04 
d 0.000000000e+00 0.000000000e+00 -3.241818837e-04 1.340000000e+01 1.340000000e+01 0.000000000e+00 1.000000000e+01 1.000000000e+01 3.241818837e-04 
d 0.000000000e+00 0.000000000e+00 -3.266525712e-04 1.350000000e+01 1.350000000e+01 0.000000000e+00 1.000000000e+01 1.000000000e+01 3.266525712e-04 
d 0.000000000e+00 0.000000000e+00 -3.290821501e-04 1.360000000e+01 1.360000000e+01 0.000000000e+00 1.000000000e+01 1.000000000e+01 3.290821501e-04 
d 0.000000000e+00 0.000000000e+00 -3.314715910e-04 1.370000000e+01 1.370000000e+01 0.000000000e+00 1.000000000e+01 1.000000000e+01 3.314715909e-04 
d 0.000000000e+00 0.000000000e+00 -3.338212241e-04 1.380000000e+01 1.380000000e+01 0.000000000e+00 1.000000000e+01 1.000000000e+01 3.338212241e-04 
d 0.000000000e+00 0.000000000e+00 -3.361312416e-04 1.390000000e+01 1.390000000e+01 0.000000000e+00 1.000000000e+01 1.000000000e+01 3.361312416e-04 
d 0.000000000e+00 0.000000000e+00 -3.384020130e-04 1.400000000e+01 1.400000000e+01 0.000000000e+00 1.000000000e+01 1.000000000e+01 3.384020130e-04 
d 0.000000000e+00 0.000000000e+00 -3.406342793e-04 1.410000000e+01 1.410000000e+01 0.000000000e+00 1.000000000e+01 1.000000000e+01 3.406342793e-04 
d 0.000000000e+00 0.000000000e+00 -3.428293556e-04 1.420000000e+01 1.420000000e+01 0.000000000e+00 1.000000000e+01 1.000000000e+01 3.428293556e-04 
d 0.000000000e+00 0.000000000e+00 -3.449891448e-04 1.430000000e+01 1.430000000e+01 0.000000000e+00 1.000000000e+01 1.000000000e+01 3.449891448e-04 
d 0.000000000e+00 0.000000000e+00 -3.471157785e-04 1.440000000e+01 1.440000000e+01 0.000000000e+00 1.000000000e+01 1.000000000e+01 3.471157785e-04 
d 0.000000000e+00 0.000000000e+00 -3.492110708e-04 1.450000000e+01 1.450000000e+01 0.000000000e+00 1.000000000e+01 1.000000000e+01 3.492110708e-04 
d 0.000000000e+00 0.000000000e+00 -3.512761257e-04 1.460000000e+01 1.460000000e+01 0.000000000e+00 1.000000000e+01 1.000000000e+01 3.512761257e-04 
d 0.000000000e+00 0.000000000e+00 -3.533112775e-04 1.470000000e+01 1.470000000e+01 0.000000000e+00 1.000000000e+01 1.000000000e+01 3.533112775e-04 
d 0.000000000e+00 0.000000000e+00 -3.553163410e-04 1.480000000e+01 1.480000000e+01 0.000000000e+00 1.000000000e+01 1.000000000e+01 3.553163410e-04 
d 0.000000000e+00 0.000000000e+00 -3.572910013e-04 1.490000000e+01 1.490000000e+01 0.000000000e+00 1.000000000e+01 1.000000000e+01 3.572910013e-04 
d 0.000000000e+00 0.000000000e+00 -3.592351481e-04 1.500000000e+01 1.500000000e+01 0.000000000e+00 1.000000000e+01 1.000000000e+01 3.592351481e-04 
d 0.000000000e+00 0.000000000e+00 -3.611490674e-04 1.510000000e+01 1.510000000e+01 0.000000000e+00 1.000000000e+01 1.000000000e+01 3.611490674e-04 
d 0.000000000e+00 0.000000000e+00 -3.630335303e-04 1.520000000e+01 1.520000000e+01 0.000000000e+00 1.000000000e+01 1.000000000e+01 3.630335303e-04 
d 0.000000000e+00 0.000000000e+00 -3.648898015e-04 1.530000000e+01 1.530000000e+01 0.000000000e+00 1.000000000e+01 1.000000000e+01 3.648898015e-04 
d 0.000000000e+00 0.000000000e+00 -3.667195249e-04 1.540000000e+01 1.540000000e+01 0.000000000e+00 1.000000000e+01 1.000000000e+01 3.667195249e-04 
d 0.000000000e+00 0.000000000e+00 -3.685244786e-04 1.550000000e+01 1.550000000e+01 0.000000000e+00 1.000000000e+01 1.000000000e+01 3.685244786e-04 
d 0.000000000e+00 0.000000000e+00 -3.703062827e-04 1.560000000e+01 1.560000000e+01 0.000000000e+00 1.000000000e+01 1.000000000e+01 3.703062827e-04 
d 0.000000000e+00 0.000000000e+00 -3.720661583e-04 1.570000000e+01 1.570000000e+01 0.000000000e+00 1.000000000e+01 1.000000000e+01 3.720661583e-04 
d 0.000000000e+00 0.000000000e+00 -3.738047976e-04 1.580000000e+01 1.580000000e+01 0.000000000e+00 1.000000000e+01 1.000000000e+01 3.738047976e-04 
d 0.000000000e+00 0.000000000e+00 -3.755223603e-04 1.590000000e+01 1.590000000e+01 0.000000000e+00 1.000000000e+01 1.000000000e+01 3.755223603e-04 
d 0.000000000e+00 0.000000000e+00 -3.772185911e-04 1.600000000e+01 1.600000000e+01 0.000000000e+00 1.000000000e+01 1.000000000e+01 3.772185911e-04 
d 0.000000000e+00 0.000000000e+00 -3.788930251e-04 1.610000000e+01 1.610000000e+01 0.000000000e+00 1.000000000e+01 1.000000000e+01 3.788930251e-04 
d 0.000000000e+00 0.000000000e+00 -3.805452204e-04 1.620000000e+01 1.620000000e+01 0.000000000e+00 1.000000000e+01 1.000000000e+01 3.805452204e-04 
d 0.000000000e+00 0.000000000e+00 -3.821749463e-04 1.630000000e+01 1.630000000e+01 0.000000000e+00 1.000000000e+01 1.000000000e+01 3.821749463e-04 
d 0.000000000e+00 0.000000000e+00 -3.837822930e-04 1.640000000e+01 1.640000000e+01 0.000000000e+00 1.000000000e+01 1.000000000e+01 3.837822930e-04 
d 0.000000000e+00 0.000000000e+00 -3.853677093e-04 1.650000000e+01 1.650000000e+01 0.000000000e+00 1.000000000e+01 1.000000000e+01 3.853677093e-04 
d 0.000000000e+00 0.000000000e+00 -3.869319828e-04 1.660000000e+01 1.660000000e+01 0.000000000e+00 1.000000000e+01 1.000000000e+01 3.869319828e-04 
d 0.000000000e+00 0.000000000e+00 -3.884761681e-04 1.670000000e+01 1.670000000e+01 0.000000000e+00 1.000000000e+01 1.000000000e+01 3.884761681e-04 
d 0.000000000e+00 0.000000000e+00 -3.900014714e-04 1.680000000e+01 1.680000000e+01 0.000000000e+00 1.000000000e+01 1.000000000e+01 3.900014714e-04 
d 0.000000000e+00 0.000000000e+00 -3.915091128e-04 1.690000000e+01 1.690000000e+01 0.000000000e+00 1.000000000e+01 1.000000000e+01 3.915091128e-04 
d 0.000000000e+00 0.000000000e+00 -3.930001983e-04 1.700000000e+01 1.700000000e+01 0.000000000e+00 1.000000000e+01 1.000000000e+01 3.930001982e-04 
d 0.000000000e+00 0.000000000e+00 -3.944756190e-04 1.710000000e+01 1.710000000e+01 0.000000000e+00 1.000000000e+01 1.000000000e+01 3.944756190e-04 
d 0.000000000e+00 0.000000000e+00 -3.959359872e-04 1.720000000e+01 1.720000000e+01 0.000000000e+00 1.000000000e+01 1.000000000e+01 3.959359872e-04 
d 0.000000000e+00 0.000000000e+00 -3.973816063e-04 1.730000000e+01 1.730000000e+01 0.000000000e+00 1.000000000e+01 1.000000000e+01 3.973816063e-04 
d 0.000000000e+00 0.000000000e+00 -3.988124778e-04 1.740000000e+01 1.740000000e+01 0.000000000e+00 1.000000000e+01 1.000000000e+01 3.988124778e-04 
d 0.000000000e+00 0.000000000e+00 -4.002283466e-04 1.750000000e+01 1.750000000e+01 0.000000000e+00 1.000000000e+01 1.000000000e+01 4.002283466e-04 
d 0.000000000e+00 0.000000000e+00 -4.016287853e-04 1.760000000e+01 1.760000000e+01 0.000000000e+00 1.000000000e+01 1.000000000e+01 4.016287853e-04 
d 0.000000000e+00 0.000000000e+00 -4.030133082e-04 1.770000000e+01 1.770000000e+01 0.000000000e+00 1.000000000e+01 1.000000000e+01 4.030133082e-04 
d 0.000000000e+00 0.000000000e+00 -4.043814917e-04 1.780000000e+01 1.780000000e+01 0.000000000e+00 1.000000000e+01 1.000000000e+01 4.043814917e-04 
d 0.000000000e+00 0.000000000e+00 -4.057330744e-04 1.790000000e+01 1.790000000e+01 0.000000000e+00 1.000000000e+01 1.000000000e+01 4.057330744e-04 
d 0.000000000e+00 0.000000000e+00 -4.070680196e-04 1.800000000e+01 1.800000000e+01 0.000000000e+00 1.000000000e+01 1.000000000e+01 4.070680195e-04 
d 0.000000000e+00 0.000000000e+00 -4.083865363e-04 1.810000000e+01 1.810000000e+01 0.000000000e+00 1.000000000e+01 1.000000000e+01 4.083865363e-04 
d 0.000000000e+00 0.000000000e+00 -4.096890651e-04 1.820000000e+01 1.820000000e+01 0.000000000e+00 1.000000000e+01 1.000000000e+01 4.096890651e-04 
d 0.000000000e+00 0.000000000e+00 -4.109762377e-04 1.830000000e+01 1.830000000e+01 0.000000000e+00 1.000000000e+01 1.000000000e+01 4.109762377e-04 
d 0.000000000e+00 0.000000000e+00 -4.122488175e-04 1.840000000e+01 1.840000000e+01 0.000000000e+00 1.000000000e+01 1.000000000e+01 4.122488175e-04 
d 0.000000000e+00 0.000000000e+00 -4.135076331e-04 1.850000000e+01 1.850000000e+01 0.000000000e+00 1.000000000e+01 1.000000000e+01 4.135076331e-04 
d 0.000000000e+00 0.000000000e+00 -4.147535124e-04 1.860000000e+01 1.860000000e+01 0.000000000e+00 1.000000000e+01 1.000000000e+01 4.147535124e-04 
d 0.000000000e+00 0.000000000e+00 -4.159872273e-04 1.870000000e+01 1.870000000e+01 0.000000000e+00 1.000000000e+01 1.000000000e+01 4.159872273e-04 
d 0.000000000e+00 0.000000000e+00 -4.172094501e-04 1.880000000e+01 1.880000000e+01 0.000000000e+00 1.000000000e+01 1.000000000e+01 4.172094501e-04 
d 0.000000000e+00 0.000000000e+00 -4.184207213e-04 1.890000000e+01 1.890000000e+01 0.000000000e+00 1.000000000e+01 1.000000000e+01 4.184207213e-04 
d 0.000000000e+00 0.000000000e+00 -4.196214264e-04 1.900000000e+01 1.900000000e+01 0.000000000e+00 1.000000000e+01 1.000000000e+01 4.196214264e-04 
d 0.000000000e+00 0.000000000e+00 -4.208117789e-04 1.910000000e+01 1.910000000e+01 0.000000000e+00 1.000000000e+01 1.000000000e+01 4.208117789e-04 
d 0.000000000e+00 0.000000000e+00 -4.219918083e-04 1.920000000e+01 1.920000000e+01 0.000000000e+00 1.000000000e+01 1.000000000e+01 4.219918083e-04 
d 0.000000000e+00 0.000000000e+00 -4.231613548e-04 1.930000000e+01 1.930000000e+01 0.000000000e+00 1.000000000e+01 1.000000000e+01 4.231613548e-04 
d 0.000000000e+00 0.000000000e+00 -4.243200730e-04 1.940000000e+01 1.940000000e+01 0.000000000e+00 1.000000000e+01 1.000000000e+01 4.243200730e-04 
d 0.000000000e+00 0.000000000e+00 -4.254674472e-04 1.950000000e+01 1.950000000e+01 0.000000000e+00 1.000000000e+01 1.000000000e+01 4.254674472e-04 
d 0.000000000e+00 0.000000000e+00 -4.266028181e-04 1.960000000e+01 1.960000000e+01 0.000000000e+00 1.000000000e+01 1.000000000e+01 4.266028181e-04 
d 0.000000000e+00 0.000000000e+00 -4.277254175e-04 1.970000000e+01 1.970000000e+01 0.000000000e+00 1.000000000e+01 1.000000000e+01 4.277254175e-04 
d 0.000000000e+00 0.000000000e+00 -4.288344024e-04 1.980000000e+01 1.980000000e+01 0.000000000e+00 1.000000000e+01 1.000000000e+01 4.288344024e-04 
d 0.000000000e+00 0.000000000e+00 -4.299288770e-04 1.990000000e+01 1.990000000e+01 0.000000000e+00 1.000000000e+01 1.000000000e+01 4.299288770e-04 
d 0.000000000e+00 0.000000000e+00 -4.310078955e-04 2.000000000e+01 2.000000000e+01 0.000000000e+00 1.000000000e+01 1.000000000e+01 4.310078955e-04 
