v ATLAS
# This file was created by ATLAS version 5.38.0.R on Mon Jul 27 17:35:13 2026.
#SSF 2.0 generic
##############################################################################
#                    Copyright (c) 1984 - 2024                               #
#                    Silvaco Inc. All rights reserved                        #
#                                                                            #
# This file format and the following Key are copyright Silvaco Inc.          #
# You may not use, this format or key without reproducing this message in    #
# full and obtaining express written permission from Silvaco Inc.            #
#                                                                            #
# To obtain such permission please contact: Silvaco Inc.                     #
#                                           support@silvaco.com              #
#                                                                            #
# KEY=SVC86hn7562asdx                       PROD=345                         #
##############################################################################
y 3 700 711 15
z 2 0.03 300
f 3 "source" "gate" "drain" 
p 9 2 601 20 3 602 21 4 603 22 
d 0.000000000e+00 0.000000000e+00 -3.134019556e-18 0.000000000e+00 0.000000000e+00 0.000000000e+00 5.000000000e+00 5.000000000e+00 -2.653559368e-16 
d 0.000000000e+00 0.000000000e+00 -6.031697365e-18 1.000000000e-01 1.000000000e-01 0.000000000e+00 5.000000000e+00 5.000000000e+00 -2.461995018e-16 
d 0.000000000e+00 0.000000000e+00 -1.180835353e-17 2.000000000e-01 2.000000000e-01 0.000000000e+00 5.000000000e+00 5.000000000e+00 -3.050645508e-16 
d 0.000000000e+00 0.000000000e+00 -2.336175418e-17 3.000000000e-01 3.000000000e-01 0.000000000e+00 5.000000000e+00 5.000000000e+00 -2.542448388e-16 
d 0.000000000e+00 0.000000000e+00 -4.656441557e-17 4.000000000e-01 4.000000000e-01 0.000000000e+00 5.000000000e+00 5.000000000e+00 -2.285789948e-16 
d 0.000000000e+00 0.000000000e+00 -9.377100876e-17 5.000000000e-01 5.000000000e-01 0.000000000e+00 5.000000000e+00 5.000000000e+00 -2.228253599e-16 
d 0.000000000e+00 0.000000000e+00 -1.906944886e-16 6.000000000e-01 6.000000000e-01 0.000000000e+00 5.000000000e+00 5.000000000e+00 -1.924603077e-16 
d 0.000000000e+00 0.000000000e+00 -3.913297208e-16 7.000000000e-01 7.000000000e-01 0.000000000e+00 5.000000000e+00 5.000000000e+00 -2.626924427e-17 
d 0.000000000e+00 0.000000000e+00 -8.102725922e-16 8.000000000e-01 8.000000000e-01 0.000000000e+00 5.000000000e+00 5.000000000e+00 5.735959578e-17 
d 0.000000000e+00 0.000000000e+00 -1.692489221e-15 9.000000000e-01 9.000000000e-01 0.000000000e+00 5.000000000e+00 5.000000000e+00 8.124327573e-16 
d 0.000000000e+00 0.000000000e+00 -3.565182314e-15 1.000000000e+00 1.000000000e+00 0.000000000e+00 5.000000000e+00 5.000000000e+00 3.986104877e-15 
d 0.000000000e+00 0.000000000e+00 -7.570525501e-15 1.100000000e+00 1.100000000e+00 0.000000000e+00 5.000000000e+00 5.000000000e+00 7.936249535e-15 
d 0.000000000e+00 0.000000000e+00 -1.619324012e-14 1.200000000e+00 1.200000000e+00 0.000000000e+00 5.000000000e+00 5.000000000e+00 1.542884750e-14 
d 0.000000000e+00 0.000000000e+00 -3.485192704e-14 1.300000000e+00 1.300000000e+00 0.000000000e+00 5.000000000e+00 5.000000000e+00 3.477973582e-14 
d 0.000000000e+00 0.000000000e+00 -7.542180919e-14 1.400000000e+00 1.400000000e+00 0.000000000e+00 5.000000000e+00 5.000000000e+00 7.542234642e-14 
d 0.000000000e+00 0.000000000e+00 -1.637828709e-13 1.500000000e+00 1.500000000e+00 0.000000000e+00 5.000000000e+00 5.000000000e+00 1.632054450e-13 
d 0.000000000e+00 0.000000000e+00 -3.542616070e-13 1.600000000e+00 1.600000000e+00 0.000000000e+00 5.000000000e+00 5.000000000e+00 3.546323535e-13 
d 0.000000000e+00 0.000000000e+00 -7.540392239e-13 1.700000000e+00 1.700000000e+00 0.000000000e+00 5.000000000e+00 5.000000000e+00 7.532940876e-13 
d 0.000000000e+00 0.000000000e+00 -1.576777001e-12 1.800000000e+00 1.800000000e+00 0.000000000e+00 5.000000000e+00 5.000000000e+00 1.576446568e-12 
d 0.000000000e+00 0.000000000e+00 -3.296012267e-12 1.900000000e+00 1.900000000e+00 0.000000000e+00 5.000000000e+00 5.000000000e+00 3.296524921e-12 
d 0.000000000e+00 0.000000000e+00 -6.959768609e-12 2.000000000e+00 2.000000000e+00 0.000000000e+00 5.000000000e+00 5.000000000e+00 6.959563946e-12 
d 0.000000000e+00 0.000000000e+00 -1.466304679e-11 2.100000000e+00 2.100000000e+00 0.000000000e+00 5.000000000e+00 5.000000000e+00 1.466297810e-11 
d 0.000000000e+00 0.000000000e+00 -2.985047589e-11 2.200000000e+00 2.200000000e+00 0.000000000e+00 5.000000000e+00 5.000000000e+00 2.985030995e-11 
d 0.000000000e+00 0.000000000e+00 -5.626929610e-11 2.300000000e+00 2.300000000e+00 0.000000000e+00 5.000000000e+00 5.000000000e+00 5.626965397e-11 
d 0.000000000e+00 0.000000000e+00 -9.617963925e-11 2.400000000e+00 2.400000000e+00 0.000000000e+00 5.000000000e+00 5.000000000e+00 9.618049653e-11 
d 0.000000000e+00 0.000000000e+00 -1.541264582e-10 2.500000000e+00 2.500000000e+00 0.000000000e+00 5.000000000e+00 5.000000000e+00 1.541275185e-10 
d 0.000000000e+00 0.000000000e+00 -2.472497740e-10 2.600000000e+00 2.600000000e+00 0.000000000e+00 5.000000000e+00 5.000000000e+00 2.472510357e-10 
d 0.000000000e+00 0.000000000e+00 -4.172840979e-10 2.700000000e+00 2.700000000e+00 0.000000000e+00 5.000000000e+00 5.000000000e+00 4.172811220e-10 
d 0.000000000e+00 0.000000000e+00 -7.489298516e-10 2.800000000e+00 2.800000000e+00 0.000000000e+00 5.000000000e+00 5.000000000e+00 7.489294144e-10 
d 0.000000000e+00 0.000000000e+00 -1.400184487e-09 2.900000000e+00 2.900000000e+00 0.000000000e+00 5.000000000e+00 5.000000000e+00 1.400183667e-09 
d 0.000000000e+00 0.000000000e+00 -2.632110738e-09 3.000000000e+00 3.000000000e+00 0.000000000e+00 5.000000000e+00 5.000000000e+00 2.632108251e-09 
d 0.000000000e+00 0.000000000e+00 -4.774294654e-09 3.100000000e+00 3.100000000e+00 0.000000000e+00 5.000000000e+00 5.000000000e+00 4.774297300e-09 
d 0.000000000e+00 0.000000000e+00 -8.019929807e-09 3.200000000e+00 3.200000000e+00 0.000000000e+00 5.000000000e+00 5.000000000e+00 8.019929259e-09 
d 0.000000000e+00 0.000000000e+00 -1.215074457e-08 3.300000000e+00 3.300000000e+00 0.000000000e+00 5.000000000e+00 5.000000000e+00 1.215074222e-08 
d 0.000000000e+00 0.000000000e+00 -1.661213612e-08 3.400000000e+00 3.400000000e+00 0.000000000e+00 5.000000000e+00 5.000000000e+00 1.661213421e-08 
d 0.000000000e+00 0.000000000e+00 -2.092996077e-08 3.500000000e+00 3.500000000e+00 0.000000000e+00 5.000000000e+00 5.000000000e+00 2.092996272e-08 
d 0.000000000e+00 0.000000000e+00 -2.496401032e-08 3.600000000e+00 3.600000000e+00 0.000000000e+00 5.000000000e+00 5.000000000e+00 2.496401025e-08 
d 0.000000000e+00 0.000000000e+00 -2.890927251e-08 3.700000000e+00 3.700000000e+00 0.000000000e+00 5.000000000e+00 5.000000000e+00 2.890927416e-08 
d 0.000000000e+00 0.000000000e+00 -3.326624881e-08 3.800000000e+00 3.800000000e+00 0.000000000e+00 5.000000000e+00 5.000000000e+00 3.326625017e-08 
d 0.000000000e+00 0.000000000e+00 -3.890252977e-08 3.900000000e+00 3.900000000e+00 0.000000000e+00 5.000000000e+00 5.000000000e+00 3.890252952e-08 
d 0.000000000e+00 0.000000000e+00 -4.725082713e-08 4.000000000e+00 4.000000000e+00 0.000000000e+00 5.000000000e+00 5.000000000e+00 4.725082844e-08 
d 0.000000000e+00 0.000000000e+00 -6.069197816e-08 4.100000000e+00 4.100000000e+00 0.000000000e+00 5.000000000e+00 5.000000000e+00 6.069197616e-08 
d 0.000000000e+00 0.000000000e+00 -8.314259149e-08 4.200000000e+00 4.200000000e+00 0.000000000e+00 5.000000000e+00 5.000000000e+00 8.314259214e-08 
d 0.000000000e+00 0.000000000e+00 -1.207983445e-07 4.300000000e+00 4.300000000e+00 0.000000000e+00 5.000000000e+00 5.000000000e+00 1.207983464e-07 
d 0.000000000e+00 0.000000000e+00 -1.829770242e-07 4.400000000e+00 4.400000000e+00 0.000000000e+00 5.000000000e+00 5.000000000e+00 1.829770245e-07 
d 0.000000000e+00 0.000000000e+00 -2.829216818e-07 4.500000000e+00 4.500000000e+00 0.000000000e+00 5.000000000e+00 5.000000000e+00 2.829216821e-07 
d 0.000000000e+00 0.000000000e+00 -4.375099280e-07 4.600000000e+00 4.600000000e+00 0.000000000e+00 5.000000000e+00 5.000000000e+00 4.375099301e-07 
d 0.000000000e+00 0.000000000e+00 -6.632175118e-07 4.700000000e+00 4.700000000e+00 0.000000000e+00 5.000000000e+00 5.000000000e+00 6.632175102e-07 
d 0.000000000e+00 0.000000000e+00 -9.672085952e-07 4.800000000e+00 4.800000000e+00 0.000000000e+00 5.000000000e+00 5.000000000e+00 9.672085968e-07 
d 0.000000000e+00 0.000000000e+00 -1.339474988e-06 4.900000000e+00 4.900000000e+00 0.000000000e+00 5.000000000e+00 5.000000000e+00 1.339474988e-06 
d 0.000000000e+00 0.000000000e+00 -1.754989260e-06 5.000000000e+00 5.000000000e+00 0.000000000e+00 5.000000000e+00 5.000000000e+00 1.754989258e-06 
d 0.000000000e+00 0.000000000e+00 -2.184801172e-06 5.100000000e+00 5.100000000e+00 0.000000000e+00 5.000000000e+00 5.000000000e+00 2.184801174e-06 
d 0.000000000e+00 0.000000000e+00 -2.605920319e-06 5.200000000e+00 5.200000000e+00 0.000000000e+00 5.000000000e+00 5.000000000e+00 2.605920317e-06 
d 0.000000000e+00 0.000000000e+00 -3.004348130e-06 5.300000000e+00 5.300000000e+00 0.000000000e+00 5.000000000e+00 5.000000000e+00 3.004348130e-06 
d 0.000000000e+00 0.000000000e+00 -3.373417254e-06 5.400000000e+00 5.400000000e+00 0.000000000e+00 5.000000000e+00 5.000000000e+00 3.373417255e-06 
d 0.000000000e+00 0.000000000e+00 -3.711116304e-06 5.500000000e+00 5.500000000e+00 0.000000000e+00 5.000000000e+00 5.000000000e+00 3.711116304e-06 
d 0.000000000e+00 0.000000000e+00 -4.018055339e-06 5.600000000e+00 5.600000000e+00 0.000000000e+00 5.000000000e+00 5.000000000e+00 4.018055337e-06 
d 0.000000000e+00 0.000000000e+00 -4.296247933e-06 5.700000000e+00 5.700000000e+00 0.000000000e+00 5.000000000e+00 5.000000000e+00 4.296247934e-06 
d 0.000000000e+00 0.000000000e+00 -4.548459639e-06 5.800000000e+00 5.800000000e+00 0.000000000e+00 5.000000000e+00 5.000000000e+00 4.548459641e-06 
d 0.000000000e+00 0.000000000e+00 -4.777941146e-06 5.900000000e+00 5.900000000e+00 0.000000000e+00 5.000000000e+00 5.000000000e+00 4.777941145e-06 
d 0.000000000e+00 0.000000000e+00 -4.988294361e-06 6.000000000e+00 6.000000000e+00 0.000000000e+00 5.000000000e+00 5.000000000e+00 4.988294361e-06 
d 0.000000000e+00 0.000000000e+00 -5.183436112e-06 6.100000000e+00 6.100000000e+00 0.000000000e+00 5.000000000e+00 5.000000000e+00 5.183436110e-06 
d 0.000000000e+00 0.000000000e+00 -5.367522088e-06 6.200000000e+00 6.200000000e+00 0.000000000e+00 5.000000000e+00 5.000000000e+00 5.367522088e-06 
d 0.000000000e+00 0.000000000e+00 -5.544875700e-06 6.300000000e+00 6.300000000e+00 0.000000000e+00 5.000000000e+00 5.000000000e+00 5.544875697e-06 
d 0.000000000e+00 0.000000000e+00 -5.719643926e-06 6.400000000e+00 6.400000000e+00 0.000000000e+00 5.000000000e+00 5.000000000e+00 5.719643927e-06 
d 0.000000000e+00 0.000000000e+00 -5.895501081e-06 6.500000000e+00 6.500000000e+00 0.000000000e+00 5.000000000e+00 5.000000000e+00 5.895501080e-06 
d 0.000000000e+00 0.000000000e+00 -6.075176601e-06 6.600000000e+00 6.600000000e+00 0.000000000e+00 5.000000000e+00 5.000000000e+00 6.075176602e-06 
d 0.000000000e+00 0.000000000e+00 -6.260110490e-06 6.700000000e+00 6.700000000e+00 0.000000000e+00 5.000000000e+00 5.000000000e+00 6.260110490e-06 
d 0.000000000e+00 0.000000000e+00 -6.450676834e-06 6.800000000e+00 6.800000000e+00 0.000000000e+00 5.000000000e+00 5.000000000e+00 6.450676836e-06 
d 0.000000000e+00 0.000000000e+00 -6.646547843e-06 6.900000000e+00 6.900000000e+00 0.000000000e+00 5.000000000e+00 5.000000000e+00 6.646547843e-06 
d 0.000000000e+00 0.000000000e+00 -6.847248249e-06 7.000000000e+00 7.000000000e+00 0.000000000e+00 5.000000000e+00 5.000000000e+00 6.847248249e-06 
d 0.000000000e+00 0.000000000e+00 -7.053030471e-06 7.100000000e+00 7.100000000e+00 0.000000000e+00 5.000000000e+00 5.000000000e+00 7.053030472e-06 
d 0.000000000e+00 0.000000000e+00 -7.265458465e-06 7.200000000e+00 7.200000000e+00 0.000000000e+00 5.000000000e+00 5.000000000e+00 7.265458466e-06 
d 0.000000000e+00 0.000000000e+00 -7.487576533e-06 7.300000000e+00 7.300000000e+00 0.000000000e+00 5.000000000e+00 5.000000000e+00 7.487576531e-06 
d 0.000000000e+00 0.000000000e+00 -7.724170238e-06 7.400000000e+00 7.400000000e+00 0.000000000e+00 5.000000000e+00 5.000000000e+00 7.724170236e-06 
d 0.000000000e+00 0.000000000e+00 -7.982164286e-06 7.500000000e+00 7.500000000e+00 0.000000000e+00 5.000000000e+00 5.000000000e+00 7.982164284e-06 
d 0.000000000e+00 0.000000000e+00 -8.270739572e-06 7.600000000e+00 7.600000000e+00 0.000000000e+00 5.000000000e+00 5.000000000e+00 8.270739574e-06 
d 0.000000000e+00 0.000000000e+00 -8.601125271e-06 7.700000000e+00 7.700000000e+00 0.000000000e+00 5.000000000e+00 5.000000000e+00 8.601125271e-06 
d 0.000000000e+00 0.000000000e+00 -8.986357960e-06 7.800000000e+00 7.800000000e+00 0.000000000e+00 5.000000000e+00 5.000000000e+00 8.986357961e-06 
d 0.000000000e+00 0.000000000e+00 -9.441159972e-06 7.900000000e+00 7.900000000e+00 0.000000000e+00 5.000000000e+00 5.000000000e+00 9.441159973e-06 
d 0.000000000e+00 0.000000000e+00 -9.981464744e-06 8.000000000e+00 8.000000000e+00 0.000000000e+00 5.000000000e+00 5.000000000e+00 9.981464743e-06 
d 0.000000000e+00 0.000000000e+00 -1.062302453e-05 8.100000000e+00 8.100000000e+00 0.000000000e+00 5.000000000e+00 5.000000000e+00 1.062302453e-05 
d 0.000000000e+00 0.000000000e+00 -1.137938000e-05 8.200000000e+00 8.200000000e+00 0.000000000e+00 5.000000000e+00 5.000000000e+00 1.137938000e-05 
d 0.000000000e+00 0.000000000e+00 -1.226038920e-05 8.300000000e+00 8.300000000e+00 0.000000000e+00 5.000000000e+00 5.000000000e+00 1.226038920e-05 
d 0.000000000e+00 0.000000000e+00 -1.327207662e-05 8.400000000e+00 8.400000000e+00 0.000000000e+00 5.000000000e+00 5.000000000e+00 1.327207662e-05 
d 0.000000000e+00 0.000000000e+00 -1.441626222e-05 8.500000000e+00 8.500000000e+00 0.000000000e+00 5.000000000e+00 5.000000000e+00 1.441626222e-05 
d 0.000000000e+00 0.000000000e+00 -1.568927201e-05 8.600000000e+00 8.600000000e+00 0.000000000e+00 5.000000000e+00 5.000000000e+00 1.568927201e-05 
d 0.000000000e+00 0.000000000e+00 -1.708154922e-05 8.700000000e+00 8.700000000e+00 0.000000000e+00 5.000000000e+00 5.000000000e+00 1.708154922e-05 
d 0.000000000e+00 0.000000000e+00 -1.858049435e-05 8.800000000e+00 8.800000000e+00 0.000000000e+00 5.000000000e+00 5.000000000e+00 1.858049435e-05 
d 0.000000000e+00 0.000000000e+00 -2.017395996e-05 8.900000000e+00 8.900000000e+00 0.000000000e+00 5.000000000e+00 5.000000000e+00 2.017395995e-05 
d 0.000000000e+00 0.000000000e+00 -2.184978738e-05 9.000000000e+00 9.000000000e+00 0.000000000e+00 5.000000000e+00 5.000000000e+00 2.184978738e-05 
d 0.000000000e+00 0.000000000e+00 -2.359394598e-05 9.100000000e+00 9.100000000e+00 0.000000000e+00 5.000000000e+00 5.000000000e+00 2.359394599e-05 
d 0.000000000e+00 0.000000000e+00 -2.539143859e-05 9.200000000e+00 9.200000000e+00 0.000000000e+00 5.000000000e+00 5.000000000e+00 2.539143859e-05 
d 0.000000000e+00 0.000000000e+00 -2.723058412e-05 9.300000000e+00 9.300000000e+00 0.000000000e+00 5.000000000e+00 5.000000000e+00 2.723058412e-05 
d 0.000000000e+00 0.000000000e+00 -2.910411184e-05 9.400000000e+00 9.400000000e+00 0.000000000e+00 5.000000000e+00 5.000000000e+00 2.910411184e-05 
d 0.000000000e+00 0.000000000e+00 -3.100555896e-05 9.500000000e+00 9.500000000e+00 0.000000000e+00 5.000000000e+00 5.000000000e+00 3.100555896e-05 
d 0.000000000e+00 0.000000000e+00 -3.292685836e-05 9.600000000e+00 9.600000000e+00 0.000000000e+00 5.000000000e+00 5.000000000e+00 3.292685836e-05 
d 0.000000000e+00 0.000000000e+00 -3.485971333e-05 9.700000000e+00 9.700000000e+00 0.000000000e+00 5.000000000e+00 5.000000000e+00 3.485971332e-05 
d 0.000000000e+00 0.000000000e+00 -3.679959018e-05 9.800000000e+00 9.800000000e+00 0.000000000e+00 5.000000000e+00 5.000000000e+00 3.679959018e-05 
d 0.000000000e+00 0.000000000e+00 -3.874602781e-05 9.900000000e+00 9.900000000e+00 0.000000000e+00 5.000000000e+00 5.000000000e+00 3.874602781e-05 
d 0.000000000e+00 0.000000000e+00 -4.069878926e-05 1.000000000e+01 1.000000000e+01 0.000000000e+00 5.000000000e+00 5.000000000e+00 4.069878926e-05 
d 0.000000000e+00 0.000000000e+00 -4.265538032e-05 1.010000000e+01 1.010000000e+01 0.000000000e+00 5.000000000e+00 5.000000000e+00 4.265538032e-05 
d 0.000000000e+00 0.000000000e+00 -4.461161177e-05 1.020000000e+01 1.020000000e+01 0.000000000e+00 5.000000000e+00 5.000000000e+00 4.461161177e-05 
d 0.000000000e+00 0.000000000e+00 -4.656485257e-05 1.030000000e+01 1.030000000e+01 0.000000000e+00 5.000000000e+00 5.000000000e+00 4.656485258e-05 
d 0.000000000e+00 0.000000000e+00 -4.851630373e-05 1.040000000e+01 1.040000000e+01 0.000000000e+00 5.000000000e+00 5.000000000e+00 4.851630374e-05 
d 0.000000000e+00 0.000000000e+00 -5.046880147e-05 1.050000000e+01 1.050000000e+01 0.000000000e+00 5.000000000e+00 5.000000000e+00 5.046880146e-05 
d 0.000000000e+00 0.000000000e+00 -5.242351758e-05 1.060000000e+01 1.060000000e+01 0.000000000e+00 5.000000000e+00 5.000000000e+00 5.242351758e-05 
d 0.000000000e+00 0.000000000e+00 -5.437871806e-05 1.070000000e+01 1.070000000e+01 0.000000000e+00 5.000000000e+00 5.000000000e+00 5.437871806e-05 
d 0.000000000e+00 0.000000000e+00 -5.633088345e-05 1.080000000e+01 1.080000000e+01 0.000000000e+00 5.000000000e+00 5.000000000e+00 5.633088344e-05 
d 0.000000000e+00 0.000000000e+00 -5.827785985e-05 1.090000000e+01 1.090000000e+01 0.000000000e+00 5.000000000e+00 5.000000000e+00 5.827785985e-05 
d 0.000000000e+00 0.000000000e+00 -6.022103522e-05 1.100000000e+01 1.100000000e+01 0.000000000e+00 5.000000000e+00 5.000000000e+00 6.022103522e-05 
d 0.000000000e+00 0.000000000e+00 -6.216378476e-05 1.110000000e+01 1.110000000e+01 0.000000000e+00 5.000000000e+00 5.000000000e+00 6.216378477e-05 
d 0.000000000e+00 0.000000000e+00 -6.410869193e-05 1.120000000e+01 1.120000000e+01 0.000000000e+00 5.000000000e+00 5.000000000e+00 6.410869193e-05 
d 0.000000000e+00 0.000000000e+00 -6.605616511e-05 1.130000000e+01 1.130000000e+01 0.000000000e+00 5.000000000e+00 5.000000000e+00 6.605616511e-05 
d 0.000000000e+00 0.000000000e+00 -6.800427639e-05 1.140000000e+01 1.140000000e+01 0.000000000e+00 5.000000000e+00 5.000000000e+00 6.800427639e-05 
d 0.000000000e+00 0.000000000e+00 -6.994918691e-05 1.150000000e+01 1.150000000e+01 0.000000000e+00 5.000000000e+00 5.000000000e+00 6.994918691e-05 
d 0.000000000e+00 0.000000000e+00 -7.188649987e-05 1.160000000e+01 1.160000000e+01 0.000000000e+00 5.000000000e+00 5.000000000e+00 7.188649987e-05 
d 0.000000000e+00 0.000000000e+00 -7.381374237e-05 1.170000000e+01 1.170000000e+01 0.000000000e+00 5.000000000e+00 5.000000000e+00 7.381374236e-05 
d 0.000000000e+00 0.000000000e+00 -7.573166272e-05 1.180000000e+01 1.180000000e+01 0.000000000e+00 5.000000000e+00 5.000000000e+00 7.573166272e-05 
d 0.000000000e+00 0.000000000e+00 -7.764270828e-05 1.190000000e+01 1.190000000e+01 0.000000000e+00 5.000000000e+00 5.000000000e+00 7.764270828e-05 
d 0.000000000e+00 0.000000000e+00 -7.954876684e-05 1.200000000e+01 1.200000000e+01 0.000000000e+00 5.000000000e+00 5.000000000e+00 7.954876684e-05 
d 0.000000000e+00 0.000000000e+00 -8.144998562e-05 1.210000000e+01 1.210000000e+01 0.000000000e+00 5.000000000e+00 5.000000000e+00 8.144998561e-05 
d 0.000000000e+00 0.000000000e+00 -8.334459244e-05 1.220000000e+01 1.220000000e+01 0.000000000e+00 5.000000000e+00 5.000000000e+00 8.334459244e-05 
d 0.000000000e+00 0.000000000e+00 -8.522926028e-05 1.230000000e+01 1.230000000e+01 0.000000000e+00 5.000000000e+00 5.000000000e+00 8.522926028e-05 
d 0.000000000e+00 0.000000000e+00 -8.709990964e-05 1.240000000e+01 1.240000000e+01 0.000000000e+00 5.000000000e+00 5.000000000e+00 8.709990964e-05 
d 0.000000000e+00 0.000000000e+00 -8.895315018e-05 1.250000000e+01 1.250000000e+01 0.000000000e+00 5.000000000e+00 5.000000000e+00 8.895315018e-05 
d 0.000000000e+00 0.000000000e+00 -9.078788216e-05 1.260000000e+01 1.260000000e+01 0.000000000e+00 5.000000000e+00 5.000000000e+00 9.078788216e-05 
d 0.000000000e+00 0.000000000e+00 -9.260554161e-05 1.270000000e+01 1.270000000e+01 0.000000000e+00 5.000000000e+00 5.000000000e+00 9.260554161e-05 
d 0.000000000e+00 0.000000000e+00 -9.440873547e-05 1.280000000e+01 1.280000000e+01 0.000000000e+00 5.000000000e+00 5.000000000e+00 9.440873547e-05 
d 0.000000000e+00 0.000000000e+00 -9.619970341e-05 1.290000000e+01 1.290000000e+01 0.000000000e+00 5.000000000e+00 5.000000000e+00 9.619970340e-05 
d 0.000000000e+00 0.000000000e+00 -9.797947902e-05 1.300000000e+01 1.300000000e+01 0.000000000e+00 5.000000000e+00 5.000000000e+00 9.797947901e-05 
d 0.000000000e+00 0.000000000e+00 -9.974764395e-05 1.310000000e+01 1.310000000e+01 0.000000000e+00 5.000000000e+00 5.000000000e+00 9.974764395e-05 
d 0.000000000e+00 0.000000000e+00 -1.015024235e-04 1.320000000e+01 1.320000000e+01 0.000000000e+00 5.000000000e+00 5.000000000e+00 1.015024235e-04 
d 0.000000000e+00 0.000000000e+00 -1.032410513e-04 1.330000000e+01 1.330000000e+01 0.000000000e+00 5.000000000e+00 5.000000000e+00 1.032410513e-04 
d 0.000000000e+00 0.000000000e+00 -1.049604556e-04 1.340000000e+01 1.340000000e+01 0.000000000e+00 5.000000000e+00 5.000000000e+00 1.049604556e-04 
d 0.000000000e+00 0.000000000e+00 -1.066582818e-04 1.350000000e+01 1.350000000e+01 0.000000000e+00 5.000000000e+00 5.000000000e+00 1.066582818e-04 
d 0.000000000e+00 0.000000000e+00 -1.083338690e-04 1.360000000e+01 1.360000000e+01 0.000000000e+00 5.000000000e+00 5.000000000e+00 1.083338690e-04 
d 0.000000000e+00 0.000000000e+00 -1.099884437e-04 1.370000000e+01 1.370000000e+01 0.000000000e+00 5.000000000e+00 5.000000000e+00 1.099884437e-04 
d 0.000000000e+00 0.000000000e+00 -1.116243767e-04 1.380000000e+01 1.380000000e+01 0.000000000e+00 5.000000000e+00 5.000000000e+00 1.116243767e-04 
d 0.000000000e+00 0.000000000e+00 -1.132441830e-04 1.390000000e+01 1.390000000e+01 0.000000000e+00 5.000000000e+00 5.000000000e+00 1.132441830e-04 
d 0.000000000e+00 0.000000000e+00 -1.148498393e-04 1.400000000e+01 1.400000000e+01 0.000000000e+00 5.000000000e+00 5.000000000e+00 1.148498393e-04 
d 0.000000000e+00 0.000000000e+00 -1.164424715e-04 1.410000000e+01 1.410000000e+01 0.000000000e+00 5.000000000e+00 5.000000000e+00 1.164424715e-04 
d 0.000000000e+00 0.000000000e+00 -1.180222571e-04 1.420000000e+01 1.420000000e+01 0.000000000e+00 5.000000000e+00 5.000000000e+00 1.180222571e-04 
d 0.000000000e+00 0.000000000e+00 -1.195884423e-04 1.430000000e+01 1.430000000e+01 0.000000000e+00 5.000000000e+00 5.000000000e+00 1.195884423e-04 
d 0.000000000e+00 0.000000000e+00 -1.211394705e-04 1.440000000e+01 1.440000000e+01 0.000000000e+00 5.000000000e+00 5.000000000e+00 1.211394705e-04 
d 0.000000000e+00 0.000000000e+00 -1.226732761e-04 1.450000000e+01 1.450000000e+01 0.000000000e+00 5.000000000e+00 5.000000000e+00 1.226732761e-04 
d 0.000000000e+00 0.000000000e+00 -1.241877824e-04 1.460000000e+01 1.460000000e+01 0.000000000e+00 5.000000000e+00 5.000000000e+00 1.241877824e-04 
d 0.000000000e+00 0.000000000e+00 -1.256815367e-04 1.470000000e+01 1.470000000e+01 0.000000000e+00 5.000000000e+00 5.000000000e+00 1.256815367e-04 
d 0.000000000e+00 0.000000000e+00 -1.271542239e-04 1.480000000e+01 1.480000000e+01 0.000000000e+00 5.000000000e+00 5.000000000e+00 1.271542239e-04 
d 0.000000000e+00 0.000000000e+00 -1.286067513e-04 1.490000000e+01 1.490000000e+01 0.000000000e+00 5.000000000e+00 5.000000000e+00 1.286067513e-04 
d 0.000000000e+00 0.000000000e+00 -1.300408718e-04 1.500000000e+01 1.500000000e+01 0.000000000e+00 5.000000000e+00 5.000000000e+00 1.300408718e-04 
d 0.000000000e+00 0.000000000e+00 -1.314586367e-04 1.510000000e+01 1.510000000e+01 0.000000000e+00 5.000000000e+00 5.000000000e+00 1.314586367e-04 
d 0.000000000e+00 0.000000000e+00 -1.328619597e-04 1.520000000e+01 1.520000000e+01 0.000000000e+00 5.000000000e+00 5.000000000e+00 1.328619597e-04 
d 0.000000000e+00 0.000000000e+00 -1.342523740e-04 1.530000000e+01 1.530000000e+01 0.000000000e+00 5.000000000e+00 5.000000000e+00 1.342523740e-04 
d 0.000000000e+00 0.000000000e+00 -1.356309267e-04 1.540000000e+01 1.540000000e+01 0.000000000e+00 5.000000000e+00 5.000000000e+00 1.356309267e-04 
d 0.000000000e+00 0.000000000e+00 -1.369981408e-04 1.550000000e+01 1.550000000e+01 0.000000000e+00 5.000000000e+00 5.000000000e+00 1.369981408e-04 
d 0.000000000e+00 0.000000000e+00 -1.383540038e-04 1.560000000e+01 1.560000000e+01 0.000000000e+00 5.000000000e+00 5.000000000e+00 1.383540038e-04 
d 0.000000000e+00 0.000000000e+00 -1.396979771e-04 1.570000000e+01 1.570000000e+01 0.000000000e+00 5.000000000e+00 5.000000000e+00 1.396979771e-04 
d 0.000000000e+00 0.000000000e+00 -1.410290487e-04 1.580000000e+01 1.580000000e+01 0.000000000e+00 5.000000000e+00 5.000000000e+00 1.410290487e-04 
d 0.000000000e+00 0.000000000e+00 -1.423458660e-04 1.590000000e+01 1.590000000e+01 0.000000000e+00 5.000000000e+00 5.000000000e+00 1.423458660e-04 
d 0.000000000e+00 0.000000000e+00 -1.436469723e-04 1.600000000e+01 1.600000000e+01 0.000000000e+00 5.000000000e+00 5.000000000e+00 1.436469723e-04 
d 0.000000000e+00 0.000000000e+00 -1.449311328e-04 1.610000000e+01 1.610000000e+01 0.000000000e+00 5.000000000e+00 5.000000000e+00 1.449311328e-04 
d 0.000000000e+00 0.000000000e+00 -1.461976584e-04 1.620000000e+01 1.620000000e+01 0.000000000e+00 5.000000000e+00 5.000000000e+00 1.461976584e-04 
d 0.000000000e+00 0.000000000e+00 -1.474465935e-04 1.630000000e+01 1.630000000e+01 0.000000000e+00 5.000000000e+00 5.000000000e+00 1.474465935e-04 
d 0.000000000e+00 0.000000000e+00 -1.486786827e-04 1.640000000e+01 1.640000000e+01 0.000000000e+00 5.000000000e+00 5.000000000e+00 1.486786827e-04 
d 0.000000000e+00 0.000000000e+00 -1.498951551e-04 1.650000000e+01 1.650000000e+01 0.000000000e+00 5.000000000e+00 5.000000000e+00 1.498951551e-04 
d 0.000000000e+00 0.000000000e+00 -1.510974525e-04 1.660000000e+01 1.660000000e+01 0.000000000e+00 5.000000000e+00 5.000000000e+00 1.510974525e-04 
d 0.000000000e+00 0.000000000e+00 -1.522870056e-04 1.670000000e+01 1.670000000e+01 0.000000000e+00 5.000000000e+00 5.000000000e+00 1.522870056e-04 
d 0.000000000e+00 0.000000000e+00 -1.534650946e-04 1.680000000e+01 1.680000000e+01 0.000000000e+00 5.000000000e+00 5.000000000e+00 1.534650946e-04 
d 0.000000000e+00 0.000000000e+00 -1.546327797e-04 1.690000000e+01 1.690000000e+01 0.000000000e+00 5.000000000e+00 5.000000000e+00 1.546327797e-04 
d 0.000000000e+00 0.000000000e+00 -1.557908732e-04 1.700000000e+01 1.700000000e+01 0.000000000e+00 5.000000000e+00 5.000000000e+00 1.557908732e-04 
d 0.000000000e+00 0.000000000e+00 -1.569399294e-04 1.710000000e+01 1.710000000e+01 0.000000000e+00 5.000000000e+00 5.000000000e+00 1.569399294e-04 
d 0.000000000e+00 0.000000000e+00 -1.580802387e-04 1.720000000e+01 1.720000000e+01 0.000000000e+00 5.000000000e+00 5.000000000e+00 1.580802387e-04 
d 0.000000000e+00 0.000000000e+00 -1.592118197e-04 1.730000000e+01 1.730000000e+01 0.000000000e+00 5.000000000e+00 5.000000000e+00 1.592118197e-04 
d 0.000000000e+00 0.000000000e+00 -1.603344118e-04 1.740000000e+01 1.740000000e+01 0.000000000e+00 5.000000000e+00 5.000000000e+00 1.603344118e-04 
d 0.000000000e+00 0.000000000e+00 -1.614474752e-04 1.750000000e+01 1.750000000e+01 0.000000000e+00 5.000000000e+00 5.000000000e+00 1.614474752e-04 
d 0.000000000e+00 0.000000000e+00 -1.625502128e-04 1.760000000e+01 1.760000000e+01 0.000000000e+00 5.000000000e+00 5.000000000e+00 1.625502128e-04 
d 0.000000000e+00 0.000000000e+00 -1.636416260e-04 1.770000000e+01 1.770000000e+01 0.000000000e+00 5.000000000e+00 5.000000000e+00 1.636416260e-04 
d 0.000000000e+00 0.000000000e+00 -1.647206153e-04 1.780000000e+01 1.780000000e+01 0.000000000e+00 5.000000000e+00 5.000000000e+00 1.647206153e-04 
d 0.000000000e+00 0.000000000e+00 -1.657861164e-04 1.790000000e+01 1.790000000e+01 0.000000000e+00 5.000000000e+00 5.000000000e+00 1.657861164e-04 
d 0.000000000e+00 0.000000000e+00 -1.668372429e-04 1.800000000e+01 1.800000000e+01 0.000000000e+00 5.000000000e+00 5.000000000e+00 1.668372429e-04 
d 0.000000000e+00 0.000000000e+00 -1.678733878e-04 1.810000000e+01 1.810000000e+01 0.000000000e+00 5.000000000e+00 5.000000000e+00 1.678733878e-04 
d 0.000000000e+00 0.000000000e+00 -1.688942429e-04 1.820000000e+01 1.820000000e+01 0.000000000e+00 5.000000000e+00 5.000000000e+00 1.688942429e-04 
d 0.000000000e+00 0.000000000e+00 -1.698997294e-04 1.830000000e+01 1.830000000e+01 0.000000000e+00 5.000000000e+00 5.000000000e+00 1.698997294e-04 
d 0.000000000e+00 0.000000000e+00 -1.708898686e-04 1.840000000e+01 1.840000000e+01 0.000000000e+00 5.000000000e+00 5.000000000e+00 1.708898686e-04 
d 0.000000000e+00 0.000000000e+00 -1.718646446e-04 1.850000000e+01 1.850000000e+01 0.000000000e+00 5.000000000e+00 5.000000000e+00 1.718646446e-04 
d 0.000000000e+00 0.000000000e+00 -1.728239081e-04 1.860000000e+01 1.860000000e+01 0.000000000e+00 5.000000000e+00 5.000000000e+00 1.728239081e-04 
d 0.000000000e+00 0.000000000e+00 -1.737673560e-04 1.870000000e+01 1.870000000e+01 0.000000000e+00 5.000000000e+00 5.000000000e+00 1.737673560e-04 
d 0.000000000e+00 0.000000000e+00 -1.746946076e-04 1.880000000e+01 1.880000000e+01 0.000000000e+00 5.000000000e+00 5.000000000e+00 1.746946076e-04 
d 0.000000000e+00 0.000000000e+00 -1.756053697e-04 1.890000000e+01 1.890000000e+01 0.000000000e+00 5.000000000e+00 5.000000000e+00 1.756053698e-04 
d 0.000000000e+00 0.000000000e+00 -1.764996410e-04 1.900000000e+01 1.900000000e+01 0.000000000e+00 5.000000000e+00 5.000000000e+00 1.764996410e-04 
d 0.000000000e+00 0.000000000e+00 -1.773778673e-04 1.910000000e+01 1.910000000e+01 0.000000000e+00 5.000000000e+00 5.000000000e+00 1.773778673e-04 
d 0.000000000e+00 0.000000000e+00 -1.782409681e-04 1.920000000e+01 1.920000000e+01 0.000000000e+00 5.000000000e+00 5.000000000e+00 1.782409681e-04 
d 0.000000000e+00 0.000000000e+00 -1.790902193e-04 1.930000000e+01 1.930000000e+01 0.000000000e+00 5.000000000e+00 5.000000000e+00 1.790902193e-04 
d 0.000000000e+00 0.000000000e+00 -1.799270545e-04 1.940000000e+01 1.940000000e+01 0.000000000e+00 5.000000000e+00 5.000000000e+00 1.799270545e-04 
d 0.000000000e+00 0.000000000e+00 -1.807528712e-04 1.950000000e+01 1.950000000e+01 0.000000000e+00 5.000000000e+00 5.000000000e+00 1.807528712e-04 
d 0.000000000e+00 0.000000000e+00 -1.815688929e-04 1.960000000e+01 1.960000000e+01 0.000000000e+00 5.000000000e+00 5.000000000e+00 1.815688929e-04 
d 0.000000000e+00 0.000000000e+00 -1.823760979e-04 1.970000000e+01 1.970000000e+01 0.000000000e+00 5.000000000e+00 5.000000000e+00 1.823760979e-04 
d 0.000000000e+00 0.000000000e+00 -1.831752002e-04 1.980000000e+01 1.980000000e+01 0.000000000e+00 5.000000000e+00 5.000000000e+00 1.831752002e-04 
d 0.000000000e+00 0.000000000e+00 -1.839666611e-04 1.990000000e+01 1.990000000e+01 0.000000000e+00 5.000000000e+00 5.000000000e+00 1.839666611e-04 
d 0.000000000e+00 0.000000000e+00 -1.847507201e-04 2.000000000e+01 2.000000000e+01 0.000000000e+00 5.000000000e+00 5.000000000e+00 1.847507201e-04 
